Archive member included because of file (symbol)

c:/altera/13.0sp1/nios2eds/bin/gnu/h-i686-mingw32/bin/../lib/gcc/nios2-elf/4.1.2\libgcc.a(_fixunssfsi.o)
                              obj/default/syslib/timer/timer.o (__fixunssfsi)
c:/altera/13.0sp1/nios2eds/bin/gnu/h-i686-mingw32/bin/../lib/gcc/nios2-elf/4.1.2\libgcc.a(_addsub_sf.o)
                              c:/altera/13.0sp1/nios2eds/bin/gnu/h-i686-mingw32/bin/../lib/gcc/nios2-elf/4.1.2\libgcc.a(_fixunssfsi.o) (__subsf3)
c:/altera/13.0sp1/nios2eds/bin/gnu/h-i686-mingw32/bin/../lib/gcc/nios2-elf/4.1.2\libgcc.a(_gt_sf.o)
                              obj/default/NiosProcess.o (__gtsf2)
c:/altera/13.0sp1/nios2eds/bin/gnu/h-i686-mingw32/bin/../lib/gcc/nios2-elf/4.1.2\libgcc.a(_ge_sf.o)
                              c:/altera/13.0sp1/nios2eds/bin/gnu/h-i686-mingw32/bin/../lib/gcc/nios2-elf/4.1.2\libgcc.a(_fixunssfsi.o) (__gesf2)
c:/altera/13.0sp1/nios2eds/bin/gnu/h-i686-mingw32/bin/../lib/gcc/nios2-elf/4.1.2\libgcc.a(_lt_sf.o)
                              obj/default/syslib/controller/pid.o (__ltsf2)
c:/altera/13.0sp1/nios2eds/bin/gnu/h-i686-mingw32/bin/../lib/gcc/nios2-elf/4.1.2\libgcc.a(_sf_to_si.o)
                              obj/default/syslib/controller/pid.o (__fixsfsi)
c:/altera/13.0sp1/nios2eds/bin/gnu/h-i686-mingw32/bin/../lib/gcc/nios2-elf/4.1.2\libgcc.a(_sf_to_df.o)
                              obj/default/syslib/timer/timer.o (__extendsfdf2)
c:/altera/13.0sp1/nios2eds/bin/gnu/h-i686-mingw32/bin/../lib/gcc/nios2-elf/4.1.2\libgcc.a(_thenan_sf.o)
                              c:/altera/13.0sp1/nios2eds/bin/gnu/h-i686-mingw32/bin/../lib/gcc/nios2-elf/4.1.2\libgcc.a(_addsub_sf.o) (__thenan_sf)
c:/altera/13.0sp1/nios2eds/bin/gnu/h-i686-mingw32/bin/../lib/gcc/nios2-elf/4.1.2\libgcc.a(_usi_to_sf.o)
                              obj/default/NiosProcess.o (__floatunsisf)
c:/altera/13.0sp1/nios2eds/bin/gnu/h-i686-mingw32/bin/../lib/gcc/nios2-elf/4.1.2\libgcc.a(_make_df.o)
                              c:/altera/13.0sp1/nios2eds/bin/gnu/h-i686-mingw32/bin/../lib/gcc/nios2-elf/4.1.2\libgcc.a(_sf_to_df.o) (__make_dp)
c:/altera/13.0sp1/nios2eds/bin/gnu/h-i686-mingw32/bin/../lib/gcc/nios2-elf/4.1.2\libgcc.a(lib2-divmod.o)
                              obj/default/NiosProcess.o (__umodsi3)
c:/altera/13.0sp1/nios2eds/bin/gnu/h-i686-mingw32/bin/../lib/gcc/nios2-elf/4.1.2\libgcc.a(_clzsi2.o)
                              c:/altera/13.0sp1/nios2eds/bin/gnu/h-i686-mingw32/bin/../lib/gcc/nios2-elf/4.1.2\libgcc.a(_usi_to_sf.o) (__clzsi2)
c:/altera/13.0sp1/nios2eds/bin/gnu/h-i686-mingw32/bin/../lib/gcc/nios2-elf/4.1.2\libgcc.a(_pack_sf.o)
                              c:/altera/13.0sp1/nios2eds/bin/gnu/h-i686-mingw32/bin/../lib/gcc/nios2-elf/4.1.2\libgcc.a(_addsub_sf.o) (__pack_f)
c:/altera/13.0sp1/nios2eds/bin/gnu/h-i686-mingw32/bin/../lib/gcc/nios2-elf/4.1.2\libgcc.a(_unpack_sf.o)
                              c:/altera/13.0sp1/nios2eds/bin/gnu/h-i686-mingw32/bin/../lib/gcc/nios2-elf/4.1.2\libgcc.a(_addsub_sf.o) (__unpack_f)
c:/altera/13.0sp1/nios2eds/bin/gnu/h-i686-mingw32/bin/../lib/gcc/nios2-elf/4.1.2\libgcc.a(_fpcmp_parts_sf.o)
                              c:/altera/13.0sp1/nios2eds/bin/gnu/h-i686-mingw32/bin/../lib/gcc/nios2-elf/4.1.2\libgcc.a(_gt_sf.o) (__fpcmp_parts_f)
c:/altera/13.0sp1/nios2eds/bin/gnu/h-i686-mingw32/bin/../lib/gcc/nios2-elf/4.1.2\libgcc.a(_pack_df.o)
                              c:/altera/13.0sp1/nios2eds/bin/gnu/h-i686-mingw32/bin/../lib/gcc/nios2-elf/4.1.2\libgcc.a(_make_df.o) (__pack_d)
c:/altera/13.0sp1/nios2eds/bin/gnu/h-i686-mingw32/bin/../lib/gcc/nios2-elf/4.1.2\libgcc.a(_clz.o)
                              c:/altera/13.0sp1/nios2eds/bin/gnu/h-i686-mingw32/bin/../lib/gcc/nios2-elf/4.1.2\libgcc.a(_clzsi2.o) (__clz_tab)
c:/altera/13.0sp1/nios2eds/bin/gnu/h-i686-mingw32/bin/../lib/gcc/nios2-elf/4.1.2/../../../../nios2-elf/lib\libc.a(lib_a-printf.o)
                              obj/default/NiosProcess.o (printf)
c:/altera/13.0sp1/nios2eds/bin/gnu/h-i686-mingw32/bin/../lib/gcc/nios2-elf/4.1.2/../../../../nios2-elf/lib\libc.a(lib_a-puts.o)
                              obj/default/NiosProcess.o (puts)
c:/altera/13.0sp1/nios2eds/bin/gnu/h-i686-mingw32/bin/../lib/gcc/nios2-elf/4.1.2/../../../../nios2-elf/lib\libc.a(lib_a-strlen.o)
                              c:/altera/13.0sp1/nios2eds/bin/gnu/h-i686-mingw32/bin/../lib/gcc/nios2-elf/4.1.2/../../../../nios2-elf/lib\libc.a(lib_a-puts.o) (strlen)
c:/altera/13.0sp1/nios2eds/bin/gnu/h-i686-mingw32/bin/../lib/gcc/nios2-elf/4.1.2/../../../../nios2-elf/lib\libc.a(lib_a-vfprintf.o)
                              c:/altera/13.0sp1/nios2eds/bin/gnu/h-i686-mingw32/bin/../lib/gcc/nios2-elf/4.1.2/../../../../nios2-elf/lib\libc.a(lib_a-printf.o) (___vfprintf_internal_r)
c:/altera/13.0sp1/nios2eds/bin/gnu/h-i686-mingw32/bin/../lib/gcc/nios2-elf/4.1.2/../../../../nios2-elf/lib\libc.a(lib_a-wsetup.o)
[...]
Memory Configuration

Name             Origin             Length             Attributes
epcs_controlle   0x00000000         0x00000800
reset            0x04000000         0x00000020
sdram_0          0x04000020         0x01ffffe0
*default*        0x00000000         0xffffffff

Linker script and memory map

LOAD ../motor_surface_bsp//obj/HAL/src/crt0.o
LOAD obj/default/NiosProcess.o
LOAD obj/default/main.o
LOAD obj/default/syslib/IMU/imu.o
LOAD obj/default/syslib/controller/pid.o
LOAD obj/default/syslib/motor/motordriver.o
LOAD obj/default/syslib/timer/timer.o
LOAD obj/default/syslib/uart/uart.o
LOAD c:/altera/13.0sp1/nios2eds/bin/gnu/h-i686-mingw32/bin/../lib/gcc/nios2-elf/4.1.2/../../../../nios2-elf/lib\libstdc++.a
LOAD c:/altera/13.0sp1/nios2eds/bin/gnu/h-i686-mingw32/bin/../lib/gcc/nios2-elf/4.1.2/../../../../nios2-elf/lib\libm.a
LOAD c:/altera/13.0sp1/nios2eds/bin/gnu/h-i686-mingw32/bin/../lib/gcc/nios2-elf/4.1.2\libgcc.a
START GROUP
LOAD c:/altera/13.0sp1/nios2eds/bin/gnu/h-i686-mingw32/bin/../lib/gcc/nios2-elf/4.1.2/../../../../nios2-elf/lib\libc.a
LOAD c:/altera/13.0sp1/nios2eds/bin/gnu/h-i686-mingw32/bin/../lib/gcc/nios2-elf/4.1.2\libgcc.a
LOAD ../motor_surface_bsp/\libhal_bsp.a
END GROUP
LOAD c:/altera/13.0sp1/nios2eds/bin/gnu/h-i686-mingw32/bin/../lib/gcc/nios2-elf/4.1.2\libgcc.a
                0x00000000                __alt_mem_epcs_controlle = 0x0
                0x04000000                __alt_mem_sdram_0 = 0x4000000

.entry          0x04000000       0x20
 *(.entry)
 .entry         0x04000000       0x20 ../motor_surface_bsp//obj/HAL/src/crt0.o
                0x04000000                __reset

.exceptions     0x04000020      0x194
                0x04000020                PROVIDE (__ram_exceptions_start, ABSOLUTE (.))
                0x04000020                . = ALIGN (0x20)
 *(.irq)
 *(.exceptions.entry.label)
 .exceptions.entry.label
                0x04000020        0x0 ../motor_surface_bsp/\libhal_bsp.a(alt_irq_entry.o)
                0x04000020                alt_irq_entry
 .exceptions.entry.label
                0x04000020        0x0 ../motor_surface_bsp/\libhal_bsp.a(alt_exception_entry.o)
                0x04000020                alt_exception
 *(.exceptions.entry.user)
 *(.exceptions.entry)
 .exceptions.entry
                0x04000020       0x54 ../motor_surface_bsp/\libhal_bsp.a(alt_exception_entry.o)
 *(.exceptions.irqtest.user)
 *(.exceptions.irqtest)
 .exceptions.irqtest
                0x04000074       0x10 ../motor_surface_bsp/\libhal_bsp.a(alt_irq_entry.o)
 *(.exceptions.irqhandler.user)
 *(.exceptions.irqhandler)
 .exceptions.irqhandler
                0x04000084        0x4 ../motor_surface_bsp/\libhal_bsp.a(alt_irq_entry.o)
 *(.exceptions.irqreturn.user)
 *(.exceptions.irqreturn)
 .exceptions.irqreturn
                0x04000088        0x4 ../motor_surface_bsp/\libhal_bsp.a(alt_irq_entry.o)
 *(.exceptions.notirq.label)
 .exceptions.notirq.label
                0x0400008c        0x0 ../motor_surface_bsp/\libhal_bsp.a(alt_irq_entry.o)
 *(.exceptions.notirq.user)
 *(.exceptions.notirq)
 .exceptions.notirq
                0x0400008c        0x8 ../motor_surface_bsp/\libhal_bsp.a(alt_exception_entry.o)
 *(.exceptions.soft.user)
 *(.exceptions.soft)
 *(.exceptions.unknown.user)
 *(.exceptions.unknown)
 .exceptions.unknown
                0x04000094        0x4 ../motor_surface_bsp/\libhal_bsp.a(alt_exception_entry.o)
 *(.exceptions.exit.label)
 .exceptions.exit.label
                0x04000098        0x0 ../motor_surface_bsp/\libhal_bsp.a(alt_irq_entry.o)
 .exceptions.exit.label
                0x04000098        0x0 ../motor_surface_bsp/\libhal_bsp.a(alt_exception_entry.o)
 *(.exceptions.exit.user)
 *(.exceptions.exit)
 .exceptions.exit
                0x04000098       0x54 ../motor_surface_bsp/\libhal_bsp.a(alt_exception_entry.o)
 *(.exceptions)
 .exceptions    0x040000ec       0xc8 ../motor_surface_bsp/\libhal_bsp.a(alt_irq_handler.o)
                0x040000ec                alt_irq_handler
                0x040001b4                PROVIDE (__ram_exceptions_end, ABSOLUTE (.))
                0x04000020                PROVIDE (__flash_exceptions_start, LOADADDR (.exceptions))

.text           0x040001b4    0x118dc
                0x040001b4                PROVIDE (stext, ABSOLUTE (.))
 *(.interp)
 *(.hash)
 *(.dynsym)
 *(.dynstr)
 *(.gnu.version)
 *(.gnu.version_d)
 *(.gnu.version_r)
 *(.rel.init)
 *(.rela.init)
 *(.rel.text .rel.text.* .rel.gnu.linkonce.t.*)
 *(.rela.text .rela.text.* .rela.gnu.linkonce.t.*)
 *(.rel.fini)
 *(.rela.fini)
 *(.rel.rodata .rel.rodata.* .rel.gnu.linkonce.r.*)
 *(.rela.rodata .rela.rodata.* .rela.gnu.linkonce.r.*)
 *(.rel.data .rel.data.* .rel.gnu.linkonce.d.*)
 *(.rela.data .rela.data.* .rela.gnu.linkonce.d.*)
 *(.rel.tdata .rel.tdata.* .rel.gnu.linkonce.td.*)
 *(.rela.tdata .rela.tdata.* .rela.gnu.linkonce.td.*)
 *(.rel.tbss .rel.tbss.* .rel.gnu.linkonce.tb.*)
 *(.rela.tbss .rela.tbss.* .rela.gnu.linkonce.tb.*)
 *(.rel.ctors)
 *(.rela.ctors)
 *(.rel.dtors)
 *(.rela.dtors)
 *(.rel.got)
 *(.rela.got)
 *(.rel.sdata .rel.sdata.* .rel.gnu.linkonce.s.*)
 *(.rela.sdata .rela.sdata.* .rela.gnu.linkonce.s.*)
 *(.rel.sbss .rel.sbss.* .rel.gnu.linkonce.sb.*)
 *(.rela.sbss .rela.sbss.* .rela.gnu.linkonce.sb.*)
 *(.rel.sdata2 .rel.sdata2.* .rel.gnu.linkonce.s2.*)
 *(.rela.sdata2 .rela.sdata2.* .rela.gnu.linkonce.s2.*)
 *(.rel.sbss2 .rel.sbss2.* .rel.gnu.linkonce.sb2.*)
 *(.rela.sbss2 .rela.sbss2.* .rela.gnu.linkonce.sb2.*)
 *(.rel.bss .rel.bss.* .rel.gnu.linkonce.b.*)
 *(.rela.bss .rela.bss.* .rela.gnu.linkonce.b.*)
 *(.rel.plt)
 *(.rela.plt)
 *(.rel.dyn)
 *(.init)
 *(.plt)
 *(.text .stub .text.* .gnu.linkonce.t.*)
 .text          0x040001b4       0x4c ../motor_surface_bsp//obj/HAL/src/crt0.o
                0x040001b4                _start
 .text          0x04000200     0x17ac obj/default/NiosProcess.o
                0x04000200                NiosProcessMain
                0x0400025c                Thread_ReadSensor
                0x040002b0                Thread_UpdataHostCmd
                0x04000324                Thread_Controller
                0x040004b0                Thread1
                0x040004e8                Thread2
                0x0400053c                UnpackHostPackage
                0x04000770                UnPackUartDataFromHost
                0x040008d4                UarTxCrcCal
                0x04000948                UarRxCrcCal
                0x040009bc                UartTxbufProcess
                0x04000a94                UartRxbufProcess
                0x04000bb0                PackUartDataToHost
 .text          0x040019ac       0xdc obj/default/main.o
                0x040019ac                InitSystem
                0x04001a50                main
 .text          0x04001a88      0x2b4 obj/default/syslib/IMU/imu.o
                0x04001a88                ReadIMU
 .text          0x04001d3c      0x374 obj/default/syslib/controller/pid.o
                0x04001d3c                PIDinit
                0x04001ddc                PIDctrl
 .text          0x040020b0      0x9cc obj/default/syslib/motor/motordriver.o
                0x040020b0                InitMotorValue
                0x04002190                MotorDriverInit
                0x0400222c                MotorTestFun
                0x040022cc                Send4XwheelPwm
                0x04002388                Send4XwheelDir
                0x04002400                Send2XMotorDriverEnable
                0x040024a4                Send4XClrMotorEncoder
                0x040025c8                ClearMotorSensorFifo
                0x04002618                Read4XMotorDir
                0x04002690                Read4XMotorEncoder
                0x040026f0                Read4XMotorSpeed
                0x04002890                Read4XMotorSensor
 .text          0x04002a7c      0x288 obj/default/syslib/timer/timer.o
                0x04002a7c                DoEnableTimerInterrupt
                0x04002ba0                DoDisableTimerInterrupt
                0x04002bf8                TimerISRInitial
                0x04002c8c                TimerISR
 .text          0x04002d04      0x294 obj/default/syslib/uart/uart.o
                0x04002d04                SendUart
                0x04002da0                DoEnableUartInterrupt
                0x04002e24                DoDisableUartInterrupt
                0x04002e7c                UartISRInitial
                0x04002f24                UartISR
 .text          0x04002f98       0x70 c:/altera/13.0sp1/nios2eds/bin/gnu/h-i686-mingw32/bin/../lib/gcc/nios2-elf/4.1.2\libgcc.a(_fixunssfsi.o)
                0x04002f98                __fixunssfsi
 .text          0x04003008      0x2b8 c:/altera/13.0sp1/nios2eds/bin/gnu/h-i686-mingw32/bin/../lib/gcc/nios2-elf/4.1.2\libgcc.a(_addsub_sf.o)
                0x040031ec                __subsf3
                0x0400325c                __addsf3
 .text          0x040032c0       0x78 c:/altera/13.0sp1/nios2eds/bin/gnu/h-i686-mingw32/bin/../lib/gcc/nios2-elf/4.1.2\libgcc.a(_gt_sf.o)
                0x040032c0                __gtsf2
 .text          0x04003338       0x78 c:/altera/13.0sp1/nios2eds/bin/gnu/h-i686-mingw32/bin/../lib/gcc/nios2-elf/4.1.2\libgcc.a(_ge_sf.o)
                0x04003338                __gesf2
 .text          0x040033b0       0x78 c:/altera/13.0sp1/nios2eds/bin/gnu/h-i686-mingw32/bin/../lib/gcc/nios2-elf/4.1.2\libgcc.a(_lt_sf.o)
                0x040033b0                __ltsf2
 .text          0x04003428       0x94 c:/altera/13.0sp1/nios2eds/bin/gnu/h-i686-mingw32/bin/../lib/gcc/nios2-elf/4.1.2\libgcc.a(_sf_to_si.o)
                0x04003428                __fixsfsi
 .text          0x040034bc       0x54 c:/altera/13.0sp1/nios2eds/bin/gnu/h-i686-mingw32/bin/../lib/gcc/nios2-elf/4.1.2\libgcc.a(_sf_to_df.o)
                0x040034bc                __extendsfdf2
 .text          0x04003510        0x0 c:/altera/13.0sp1/nios2eds/bin/gnu/h-i686-mingw32/bin/../lib/gcc/nios2-elf/4.1.2\libgcc.a(_thenan_sf.o)
 .text          0x04003510       0xc0 c:/altera/13.0sp1/nios2eds/bin/gnu/h-i686-mingw32/bin/../lib/gcc/nios2-elf/4.1.2\libgcc.a(_usi_to_sf.o)
                0x04003510                __floatunsisf
 .text          0x040035d0       0x38 c:/altera/13.0sp1/nios2eds/bin/gnu/h-i686-mingw32/bin/../lib/gcc/nios2-elf/4.1.2\libgcc.a(_make_df.o)
                0x040035d0                __make_dp
 .text          0x04003608      0x14c c:/altera/13.0sp1/nios2eds/bin/gnu/h-i686-mingw32/bin/../lib/gcc/nios2-elf/4.1.2\libgcc.a(lib2-divmod.o)
                0x04003684                __divsi3
                0x040036e4                __modsi3
                0x04003744                __udivsi3
                0x0400374c                __umodsi3
 .text          0x04003754       0x80 c:/altera/13.0sp1/nios2eds/bin/gnu/h-i686-mingw32/bin/../lib/gcc/nios2-elf/4.1.2\libgcc.a(_clzsi2.o)
                0x04003754                __clzsi2
 .text          0x040037d4      0x160 c:/altera/13.0sp1/nios2eds/bin/gnu/h-i686-mingw32/bin/../lib/gcc/nios2-elf/4.1.2\libgcc.a(_pack_sf.o)
                0x040037d4                __pack_f
 .text          0x04003934       0xc8 c:/altera/13.0sp1/nios2eds/bin/gnu/h-i686-mingw32/bin/../lib/gcc/nios2-elf/4.1.2\libgcc.a(_unpack_sf.o)
                0x04003934                __unpack_f
 .text          0x040039fc       0xa8 c:/altera/13.0sp1/nios2eds/bin/gnu/h-i686-mingw32/bin/../lib/gcc/nios2-elf/4.1.2\libgcc.a(_fpcmp_parts_sf.o)
                0x040039fc                __fpcmp_parts_f
 .text          0x04003aa4      0x314 c:/altera/13.0sp1/nios2eds/bin/gnu/h-i686-mingw32/bin/../lib/gcc/nios2-elf/4.1.2\libgcc.a(_pack_df.o)
                0x04003aa4                __pack_d
 .text          0x04003db8        0x0 c:/altera/13.0sp1/nios2eds/bin/gnu/h-i686-mingw32/bin/../lib/gcc/nios2-elf/4.1.2\libgcc.a(_clz.o)
 .text          0x04003db8       0x78 c:/altera/13.0sp1/nios2eds/bin/gnu/h-i686-mingw32/bin/../lib/gcc/nios2-elf/4.1.2/../../../../nios2-elf/lib\libc.a(lib_a-printf.o)
                0x04003db8                printf
                0x04003dfc                _printf_r
 .text          0x04003e30       0xb4 c:/altera/13.0sp1/nios2eds/bin/gnu/h-i686-mingw32/bin/../lib/gcc/nios2-elf/4.1.2/../../../../nios2-elf/lib\libc.a(lib_a-puts.o)
                0x04003e30                _puts_r
                0x04003ed0                puts
 .text          0x04003ee4       0x74 c:/altera/13.0sp1/nios2eds/bin/gnu/h-i686-mingw32/bin/../lib/gcc/nios2-elf/4.1.2/../../../../nios2-elf/lib\libc.a(lib_a-strlen.o)
                0x04003ee4                strlen
 .text          0x04003f58     0x1f28 c:/altera/13.0sp1/nios2eds/bin/gnu/h-i686-mingw32/bin/../lib/gcc/nios2-elf/4.1.2/../../../../nios2-elf/lib\libc.a(lib_a-vfprintf.o)
                0x04003fb0                ___vfprintf_internal_r
                0x04005e5c                __vfprintf_internal
 .text          0x04005e80      0x13c c:/altera/13.0sp1/nios2eds/bin/gnu/h-i686-mingw32/bin/../lib/gcc/nios2-elf/4.1.2/../../../../nios2-elf/lib\libc.a(lib_a-wsetup.o)
                0x04005e80                __swsetup_r
 .text          0x04005fbc     0x17cc c:/altera/13.0sp1/nios2eds/bin/gnu/h-i686-mingw32/bin/../lib/gcc/nios2-elf/4.1.2/../../../../nios2-elf/lib\libc.a(lib_a-dtoa.o)
                0x040061d4                _dtoa_r
 .text          0x04007788      0x230 c:/altera/13.0sp1/nios2eds/bin/gnu/h-i686-mingw32/bin/../lib/gcc/nios2-elf/4.1.2/../../../../nios2-elf/lib\libc.a(lib_a-fflush.o)
                0x04007788                _fflush_r
                0x04007984                fflush
 .text          0x040079b8      0x2c0 c:/altera/13.0sp1/nios2eds/bin/gnu/h-i686-mingw32/bin/../lib/gcc/nios2-elf/4.1.2/../../../../nios2-elf/lib\libc.a(lib_a-findfp.o)
                0x04007a10                __sfp_lock_acquire
                0x04007a14                __sfp_lock_release
                0x04007a18                __sinit_lock_acquire
                0x04007a1c                __sinit_lock_release
                0x04007a20                __sinit
                0x04007ad4                __fp_unlock_all
                0x04007aec                __fp_lock_all
                0x04007b04                _cleanup_r
                0x04007b10                _cleanup
                0x04007b20                __sfmoreglue
                0x04007b88                __sfp
 .text          0x04007c78      0x440 c:/altera/13.0sp1/nios2eds/bin/gnu/h-i686-mingw32/bin/../lib/gcc/nios2-elf/4.1.2/../../../../nios2-elf/lib\libc.a(lib_a-freer.o)
                0x04007c78                _malloc_trim_r
                0x04007da4                _free_r
 .text          0x040080b8      0x49c c:/altera/13.0sp1/nios2eds/bin/gnu/h-i686-mingw32/bin/../lib/gcc/nios2-elf/4.1.2/../../../../nios2-elf/lib\libc.a(lib_a-fvwrite.o)
                0x040080b8                __sfvwrite_r
 .text          0x04008554      0x180 c:/altera/13.0sp1/nios2eds/bin/gnu/h-i686-mingw32/bin/../lib/gcc/nios2-elf/4.1.2/../../../../nios2-elf/lib\libc.a(lib_a-fwalk.o)
                0x04008554                _fwalk_reent
                0x0400861c                _fwalk
 .text          0x040086d4        0x0 c:/altera/13.0sp1/nios2eds/bin/gnu/h-i686-mingw32/bin/../lib/gcc/nios2-elf/4.1.2/../../../../nios2-elf/lib\libc.a(lib_a-impure.o)
 .text          0x040086d4       0xc4 c:/altera/13.0sp1/nios2eds/bin/gnu/h-i686-mingw32/bin/../lib/gcc/nios2-elf/4.1.2/../../../../nios2-elf/lib\libc.a(lib_a-locale.o)
                0x040086d4                __locale_charset
                0x040086dc                _localeconv_r
                0x040086e8                localeconv
                0x040086f8                _setlocale_r
                0x0400877c                setlocale
 .text          0x04008798      0x194 c:/altera/13.0sp1/nios2eds/bin/gnu/h-i686-mingw32/bin/../lib/gcc/nios2-elf/4.1.2/../../../../nios2-elf/lib\libc.a(lib_a-makebuf.o)
                0x04008798                __smakebuf_r
 .text          0x0400892c      0x740 c:/altera/13.0sp1/nios2eds/bin/gnu/h-i686-mingw32/bin/../lib/gcc/nios2-elf/4.1.2/../../../../nios2-elf/lib\libc.a(lib_a-mallocr.o)
                0x0400892c                _malloc_r
 .text          0x0400906c       0xe4 c:/altera/13.0sp1/nios2eds/bin/gnu/h-i686-mingw32/bin/../lib/gcc/nios2-elf/4.1.2/../../../../nios2-elf/lib\libc.a(lib_a-memchr.o)
                0x0400906c                memchr
 .text          0x04009150       0xa0 c:/altera/13.0sp1/nios2eds/bin/gnu/h-i686-mingw32/bin/../lib/gcc/nios2-elf/4.1.2/../../../../nios2-elf/lib\libc.a(lib_a-memcpy.o)
                0x04009150                memcpy
 .text          0x040091f0       0xe0 c:/altera/13.0sp1/nios2eds/bin/gnu/h-i686-mingw32/bin/../lib/gcc/nios2-elf/4.1.2/../../../../nios2-elf/lib\libc.a(lib_a-memmove.o)
                0x040091f0                memmove
 .text          0x040092d0       0x98 c:/altera/13.0sp1/nios2eds/bin/gnu/h-i686-mingw32/bin/../lib/gcc/nios2-elf/4.1.2/../../../../nios2-elf/lib\libc.a(lib_a-memset.o)
                0x040092d0                memset
 .text          0x04009368      0xff4 c:/altera/13.0sp1/nios2eds/bin/gnu/h-i686-mingw32/bin/../lib/gcc/nios2-elf/4.1.2/../../../../nios2-elf/lib\libc.a(lib_a-mprec.o)
                0x04009368                _Bfree
                0x04009390                __hi0bits
                0x04009400                __lo0bits
                0x040094c4                __mcmp
                0x04009524                __ulp
                0x040095a4                __b2d
                0x040096c4                __ratio
                0x04009774                _mprec_log10
                0x04009808                __copybits
                0x04009860                __any_on
                0x040098e8                _Balloc
                0x040099a4                __d2b
                0x04009b20                __mdiff
                0x04009cac                __lshift
                0x04009df8                __multiply
                0x04009fe0                __i2b
                0x0400a01c                __multadd
                0x0400a11c                __pow5mult
                0x0400a23c                __s2b
 .text          0x0400a35c      0x5f4 c:/altera/13.0sp1/nios2eds/bin/gnu/h-i686-mingw32/bin/../lib/gcc/nios2-elf/4.1.2/../../../../nios2-elf/lib\libc.a(lib_a-reallocr.o)
                0x0400a35c                _realloc_r
 .text          0x0400a950       0x40 c:/altera/13.0sp1/nios2eds/bin/gnu/h-i686-mingw32/bin/../lib/gcc/nios2-elf/4.1.2/../../../../nios2-elf/lib\libc.a(lib_a-s_isinfd.o)
                0x0400a950                __isinfd
 .text          0x0400a990       0x30 c:/altera/13.0sp1/nios2eds/bin/gnu/h-i686-mingw32/bin/../lib/gcc/nios2-elf/4.1.2/../../../../nios2-elf/lib\libc.a(lib_a-s_isnand.o)
                0x0400a990                __isnand
 .text          0x0400a9c0       0x70 c:/altera/13.0sp1/nios2eds/bin/gnu/h-i686-mingw32/bin/../lib/gcc/nios2-elf/4.1.2/../../../../nios2-elf/lib\libc.a(lib_a-sbrkr.o)
                0x0400a9c0                _sbrk_r
 .text          0x0400aa30      0x14c c:/altera/13.0sp1/nios2eds/bin/gnu/h-i686-mingw32/bin/../lib/gcc/nios2-elf/4.1.2/../../../../nios2-elf/lib\libc.a(lib_a-stdio.o)
                0x0400aa30                __sclose
                0x0400aa38                __sseek
                0x0400aaa0                __swrite
                0x0400ab1c                __sread
 .text          0x0400ab7c       0xbc c:/altera/13.0sp1/nios2eds/bin/gnu/h-i686-mingw32/bin/../lib/gcc/nios2-elf/4.1.2/../../../../nios2-elf/lib\libc.a(lib_a-strcmp.o)
                0x0400ab7c                strcmp
 .text          0x0400ac38       0x78 c:/altera/13.0sp1/nios2eds/bin/gnu/h-i686-mingw32/bin/../lib/gcc/nios2-elf/4.1.2/../../../../nios2-elf/lib\libc.a(lib_a-writer.o)
                0x0400ac38                _write_r
 .text          0x0400acb0       0xb4 c:/altera/13.0sp1/nios2eds/bin/gnu/h-i686-mingw32/bin/../lib/gcc/nios2-elf/4.1.2/../../../../nios2-elf/lib\libc.a(lib_a-callocr.o)
                0x0400acb0                _calloc_r
 .text          0x0400ad64       0x70 c:/altera/13.0sp1/nios2eds/bin/gnu/h-i686-mingw32/bin/../lib/gcc/nios2-elf/4.1.2/../../../../nios2-elf/lib\libc.a(lib_a-closer.o)
                0x0400ad64                _close_r
 .text          0x0400add4      0x124 c:/altera/13.0sp1/nios2eds/bin/gnu/h-i686-mingw32/bin/../lib/gcc/nios2-elf/4.1.2/../../../../nios2-elf/lib\libc.a(lib_a-fclose.o)
                0x0400add4                _fclose_r
                0x0400aee4                fclose
 .text          0x0400aef8       0x74 c:/altera/13.0sp1/nios2eds/bin/gnu/h-i686-mingw32/bin/../lib/gcc/nios2-elf/4.1.2/../../../../nios2-elf/lib\libc.a(lib_a-fstatr.o)
                0x0400aef8                _fstat_r
 .text          0x0400af6c        0x0 c:/altera/13.0sp1/nios2eds/bin/gnu/h-i686-mingw32/bin/../lib/gcc/nios2-elf/4.1.2/../../../../nios2-elf/lib\libc.a(lib_a-int_errno.o)
 .text          0x0400af6c       0x70 c:/altera/13.0sp1/nios2eds/bin/gnu/h-i686-mingw32/bin/../lib/gcc/nios2-elf/4.1.2/../../../../nios2-elf/lib\libc.a(lib_a-isattyr.o)
                0x0400af6c                _isatty_r
 .text          0x0400afdc       0x78 c:/altera/13.0sp1/nios2eds/bin/gnu/h-i686-mingw32/bin/../lib/gcc/nios2-elf/4.1.2/../../../../nios2-elf/lib\libc.a(lib_a-lseekr.o)
                0x0400afdc                _lseek_r
 .text          0x0400b054       0x78 c:/altera/13.0sp1/nios2eds/bin/gnu/h-i686-mingw32/bin/../lib/gcc/nios2-elf/4.1.2/../../../../nios2-elf/lib\libc.a(lib_a-readr.o)
                0x0400b054                _read_r
 .text          0x0400b0cc      0x5dc c:/altera/13.0sp1/nios2eds/bin/gnu/h-i686-mingw32/bin/../lib/gcc/nios2-elf/4.1.2\libgcc.a(_udivdi3.o)
                0x0400b0cc                __udivdi3
 .text          0x0400b6a8      0x5b0 c:/altera/13.0sp1/nios2eds/bin/gnu/h-i686-mingw32/bin/../lib/gcc/nios2-elf/4.1.2\libgcc.a(_umoddi3.o)
                0x0400b6a8                __umoddi3
 .text          0x0400bc58      0x504 c:/altera/13.0sp1/nios2eds/bin/gnu/h-i686-mingw32/bin/../lib/gcc/nios2-elf/4.1.2\libgcc.a(_addsub_df.o)
                0x0400c068                __subdf3
                0x0400c0e8                __adddf3
 .text          0x0400c15c      0x3c4 c:/altera/13.0sp1/nios2eds/bin/gnu/h-i686-mingw32/bin/../lib/gcc/nios2-elf/4.1.2\libgcc.a(_mul_df.o)
                0x0400c15c                __muldf3
 .text          0x0400c520      0x258 c:/altera/13.0sp1/nios2eds/bin/gnu/h-i686-mingw32/bin/../lib/gcc/nios2-elf/4.1.2\libgcc.a(_div_df.o)
                0x0400c520                __divdf3
 .text          0x0400c778       0x88 c:/altera/13.0sp1/nios2eds/bin/gnu/h-i686-mingw32/bin/../lib/gcc/nios2-elf/4.1.2\libgcc.a(_eq_df.o)
                0x0400c778                __eqdf2
 .text          0x0400c800       0x88 c:/altera/13.0sp1/nios2eds/bin/gnu/h-i686-mingw32/bin/../lib/gcc/nios2-elf/4.1.2\libgcc.a(_ne_df.o)
                0x0400c800                __nedf2
 .text          0x0400c888       0x88 c:/altera/13.0sp1/nios2eds/bin/gnu/h-i686-mingw32/bin/../lib/gcc/nios2-elf/4.1.2\libgcc.a(_gt_df.o)
                0x0400c888                __gtdf2
 .text          0x0400c910       0x88 c:/altera/13.0sp1/nios2eds/bin/gnu/h-i686-mingw32/bin/../lib/gcc/nios2-elf/4.1.2\libgcc.a(_ge_df.o)
                0x0400c910                __gedf2
 .text          0x0400c998       0x88 c:/altera/13.0sp1/nios2eds/bin/gnu/h-i686-mingw32/bin/../lib/gcc/nios2-elf/4.1.2\libgcc.a(_lt_df.o)
                0x0400c998                __ltdf2
 .text          0x0400ca20       0xf8 c:/altera/13.0sp1/nios2eds/bin/gnu/h-i686-mingw32/bin/../lib/gcc/nios2-elf/4.1.2\libgcc.a(_si_to_df.o)
                0x0400ca20                __floatsidf
 .text          0x0400cb18       0xd8 c:/altera/13.0sp1/nios2eds/bin/gnu/h-i686-mingw32/bin/../lib/gcc/nios2-elf/4.1.2\libgcc.a(_df_to_si.o)
                0x0400cb18                __fixdfsi
 .text          0x0400cbf0        0x0 c:/altera/13.0sp1/nios2eds/bin/gnu/h-i686-mingw32/bin/../lib/gcc/nios2-elf/4.1.2\libgcc.a(_thenan_df.o)
 .text          0x0400cbf0      0x194 c:/altera/13.0sp1/nios2eds/bin/gnu/h-i686-mingw32/bin/../lib/gcc/nios2-elf/4.1.2\libgcc.a(_usi_to_df.o)
                0x0400cbf0                __floatunsidf
 .text          0x0400cd84       0x98 c:/altera/13.0sp1/nios2eds/bin/gnu/h-i686-mingw32/bin/../lib/gcc/nios2-elf/4.1.2\libgcc.a(_muldi3.o)
                0x0400cd84                __muldi3
 .text          0x0400ce1c      0x138 c:/altera/13.0sp1/nios2eds/bin/gnu/h-i686-mingw32/bin/../lib/gcc/nios2-elf/4.1.2\libgcc.a(_unpack_df.o)
                0x0400ce1c                __unpack_d
 .text          0x0400cf54       0xc8 c:/altera/13.0sp1/nios2eds/bin/gnu/h-i686-mingw32/bin/../lib/gcc/nios2-elf/4.1.2\libgcc.a(_fpcmp_parts_df.o)
                0x0400cf54                __fpcmp_parts_d
 .text          0x0400d01c      0x15c ../motor_surface_bsp/\libhal_bsp.a(alt_close.o)
                0x0400d01c                close
 .text          0x0400d178       0x2c ../motor_surface_bsp/\libhal_bsp.a(alt_dev.o)
 .text          0x0400d1a4        0x0 ../motor_surface_bsp/\libhal_bsp.a(alt_errno.o)
 .text          0x0400d1a4      0x134 ../motor_surface_bsp/\libhal_bsp.a(alt_fstat.o)
                0x0400d1a4                fstat
 .text          0x0400d2d8      0x1c0 ../motor_surface_bsp/\libhal_bsp.a(alt_irq_register.o)
                0x0400d2d8                alt_irq_register
 .text          0x0400d498        0x0 ../motor_surface_bsp/\libhal_bsp.a(alt_irq_vars.o)
 .text          0x0400d498      0x120 ../motor_surface_bsp/\libhal_bsp.a(alt_isatty.o)
                0x0400d498                isatty
 .text          0x0400d5b8       0xec ../motor_surface_bsp/\libhal_bsp.a(alt_load.o)
                0x0400d5b8                alt_load
 .text          0x0400d6a4      0x150 ../motor_surface_bsp/\libhal_bsp.a(alt_lseek.o)
                0x0400d6a4                lseek
 .text          0x0400d7f4       0x6c ../motor_surface_bsp/\libhal_bsp.a(alt_main.o)
                0x0400d7f4                alt_main
 .text          0x0400d860       0x40 ../motor_surface_bsp/\libhal_bsp.a(alt_malloc_lock.o)
                0x0400d860                __malloc_lock
                0x0400d880                __malloc_unlock
 .text          0x0400d8a0      0x180 ../motor_surface_bsp/\libhal_bsp.a(alt_read.o)
                0x0400d8a0                read
 .text          0x0400da20       0x60 ../motor_surface_bsp/\libhal_bsp.a(alt_release_fd.o)
                0x0400da20                alt_release_fd
 .text          0x0400da80       0xbc ../motor_surface_bsp/\libhal_bsp.a(alt_sbrk.o)
                0x0400da80                sbrk
 .text          0x0400db3c       0x30 ../motor_surface_bsp/\libhal_bsp.a(alt_usleep.o)
                0x0400db3c                usleep
 .text          0x0400db6c      0x180 ../motor_surface_bsp/\libhal_bsp.a(alt_write.o)
                0x0400db6c                write
 .text          0x0400dcec      0x100 ../motor_surface_bsp/\libhal_bsp.a(alt_sys_init.o)
                0x0400dcec                alt_irq_init
                0x0400dd20                alt_sys_init
 .text          0x0400ddec      0x9e4 ../motor_surface_bsp/\libhal_bsp.a(altera_avalon_epcs_flash_controller.o)
                0x0400ddec                alt_epcs_flash_init
                0x0400e208                alt_epcs_flash_write
                0x0400e488                alt_epcs_flash_get_info
                0x0400e518                alt_epcs_flash_erase_block
                0x0400e61c                alt_epcs_flash_write_block
                0x0400e738                alt_epcs_flash_read
 .text          0x0400e7d0      0x148 ../motor_surface_bsp/\libhal_bsp.a(altera_avalon_jtag_uart_fd.o)
                0x0400e7d0                altera_avalon_jtag_uart_read_fd
                0x0400e828                altera_avalon_jtag_uart_write_fd
                0x0400e880                altera_avalon_jtag_uart_close_fd
                0x0400e8c8                altera_avalon_jtag_uart_ioctl_fd
 .text          0x0400e918      0x40c ../motor_surface_bsp/\libhal_bsp.a(altera_avalon_jtag_uart_init.o)
                0x0400e918                altera_avalon_jtag_uart_init
                0x0400ecb0                altera_avalon_jtag_uart_close
 .text          0x0400ed24       0xf4 ../motor_surface_bsp/\libhal_bsp.a(altera_avalon_jtag_uart_ioctl.o)
                0x0400ed24                altera_avalon_jtag_uart_ioctl
 .text          0x0400ee18      0x224 ../motor_surface_bsp/\libhal_bsp.a(altera_avalon_jtag_uart_read.o)
                0x0400ee18                altera_avalon_jtag_uart_read
 .text          0x0400f03c      0x240 ../motor_surface_bsp/\libhal_bsp.a(altera_avalon_jtag_uart_write.o)
                0x0400f03c                altera_avalon_jtag_uart_write
 .text          0x0400f27c        0x0 ../motor_surface_bsp/\libhal_bsp.a(altera_avalon_timer_vars.o)
 .text          0x0400f27c       0xf8 ../motor_surface_bsp/\libhal_bsp.a(altera_avalon_uart_fd.o)
                0x0400f27c                altera_avalon_uart_read_fd
                0x0400f2d4                altera_avalon_uart_write_fd
                0x0400f32c                altera_avalon_uart_close_fd
 .text          0x0400f374      0x400 ../motor_surface_bsp/\libhal_bsp.a(altera_avalon_uart_init.o)
                0x0400f374                altera_avalon_uart_init
                0x0400f714                altera_avalon_uart_close
 .text          0x0400f774      0x290 ../motor_surface_bsp/\libhal_bsp.a(altera_avalon_uart_read.o)
                0x0400f774                altera_avalon_uart_read
 .text          0x0400fa04      0x228 ../motor_surface_bsp/\libhal_bsp.a(altera_avalon_uart_write.o)
                0x0400fa04                altera_avalon_uart_write
 .text          0x0400fc2c      0x6d4 ../motor_surface_bsp/\libhal_bsp.a(epcs_commands.o)
                0x0400fc2c                epcs_read_status_register
                0x0400fc8c                epcs_sector_erase
                0x0400fdf4                epcs_read_buffer
                0x0400ff40                epcs_write_enable
                0x0400ff90                epcs_write_status_register
                0x0400fff4                epcs_write_buffer
                0x04010164                epcs_read_electronic_signature
                0x040101d0                epcs_read_device_id
                0x04010250                epcs_enter_4_bytes_mode
                0x040102a8                epcs_exit_4_bytes_mode
 .text          0x04010300      0x154 ../motor_surface_bsp/\libhal_bsp.a(alt_alarm_start.o)
                0x04010300                alt_alarm_start
 .text          0x04010454      0x14c ../motor_surface_bsp/\libhal_bsp.a(alt_busy_sleep.o)
                0x04010454                alt_busy_sleep
 .text          0x040105a0       0x44 ../motor_surface_bsp/\libhal_bsp.a(alt_dcache_flush_all.o)
                0x040105a0                alt_dcache_flush_all
 .text          0x040105e4      0x114 ../motor_surface_bsp/\libhal_bsp.a(alt_dev_llist_insert.o)
                0x040105e4                alt_dev_llist_insert
 .text          0x040106f8       0x64 ../motor_surface_bsp/\libhal_bsp.a(alt_do_ctors.o)
                0x040106f8                _do_ctors
 .text          0x0401075c       0x64 ../motor_surface_bsp/\libhal_bsp.a(alt_do_dtors.o)
                0x0401075c                _do_dtors
 .text          0x040107c0       0xd0 ../motor_surface_bsp/\libhal_bsp.a(alt_flash_dev.o)
                0x040107c0                alt_flash_open_dev
                0x0401083c                alt_flash_close_dev
 .text          0x04010890       0x30 ../motor_surface_bsp/\libhal_bsp.a(alt_icache_flush_all.o)
                0x04010890                alt_icache_flush_all
 .text          0x040108c0      0x1d4 ../motor_surface_bsp/\libhal_bsp.a(alt_iic.o)
                0x040108c0                alt_ic_isr_register
                0x04010910                alt_ic_irq_enable
                0x040109ac                alt_ic_irq_disable
                0x04010a4c                alt_ic_irq_enabled
 .text          0x04010a94       0xf8 ../motor_surface_bsp/\libhal_bsp.a(alt_iic_isr_register.o)
                0x04010a94                alt_iic_isr_register
 .text          0x04010b8c      0x13c ../motor_surface_bsp/\libhal_bsp.a(alt_io_redirect.o)
                0x04010c50                alt_io_redirect
 .text          0x04010cc8        0x0 ../motor_surface_bsp/\libhal_bsp.a(alt_irq_entry.o)
 .text          0x04010cc8        0x0 ../motor_surface_bsp/\libhal_bsp.a(alt_irq_handler.o)
 .text          0x04010cc8      0x2c4 ../motor_surface_bsp/\libhal_bsp.a(alt_open.o)
                0x04010da4                open
 .text          0x04010f8c      0x1a4 ../motor_surface_bsp/\libhal_bsp.a(alt_tick.o)
                0x04010f8c                alt_alarm_stop
                0x04011024                alt_tick
 .text          0x04011130       0x20 ../motor_surface_bsp/\libhal_bsp.a(altera_nios2_qsys_irq.o)
                0x04011130                altera_nios2_qsys_irq_init
 .text          0x04011150      0x238 ../motor_surface_bsp/\libhal_bsp.a(altera_avalon_spi.o)
                0x04011150                alt_avalon_spi_command
 .text          0x04011388        0x0 ../motor_surface_bsp/\libhal_bsp.a(alt_exception_entry.o)
 .text          0x04011388       0x94 ../motor_surface_bsp/\libhal_bsp.a(alt_find_dev.o)
                0x04011388                alt_find_dev
 .text          0x0401141c      0x120 ../motor_surface_bsp/\libhal_bsp.a(alt_find_file.o)
                0x0401141c                alt_find_file
 .text          0x0401153c       0xb8 ../motor_surface_bsp/\libhal_bsp.a(alt_get_fd.o)
                0x0401153c                alt_get_fd
 .text          0x040115f4       0x90 ../motor_surface_bsp/\libhal_bsp.a(alt_icache_flush.o)
                0x040115f4                alt_icache_flush
 .text          0x04011684       0x14 c:/altera/13.0sp1/nios2eds/bin/gnu/h-i686-mingw32/bin/../lib/gcc/nios2-elf/4.1.2/../../../../nios2-elf/lib\libc.a(lib_a-atexit.o)
                0x04011684                atexit
 .text          0x04011698       0x38 c:/altera/13.0sp1/nios2eds/bin/gnu/h-i686-mingw32/bin/../lib/gcc/nios2-elf/4.1.2/../../../../nios2-elf/lib\libc.a(lib_a-exit.o)
                0x04011698                exit
 .text          0x040116d0       0x74 c:/altera/13.0sp1/nios2eds/bin/gnu/h-i686-mingw32/bin/../lib/gcc/nios2-elf/4.1.2/../../../../nios2-elf/lib\libc.a(lib_a-memcmp.o)
                0x040116d0                memcmp
 .text          0x04011744      0x134 c:/altera/13.0sp1/nios2eds/bin/gnu/h-i686-mingw32/bin/../lib/gcc/nios2-elf/4.1.2/../../../../nios2-elf/lib\libc.a(lib_a-__atexit.o)
                0x04011744                __register_exitproc
 .text          0x04011878      0x1b4 c:/altera/13.0sp1/nios2eds/bin/gnu/h-i686-mingw32/bin/../lib/gcc/nios2-elf/4.1.2/../../../../nios2-elf/lib\libc.a(lib_a-__call_atexit.o)
                0x0401187c                __call_exitprocs
 .text          0x04011a2c       0x60 ../motor_surface_bsp/\libhal_bsp.a(alt_exit.o)
                0x04011a6c                _exit
 *(.gnu.warning.*)
 *(.fini)
                0x04011a8c                PROVIDE (__etext, ABSOLUTE (.))
                0x04011a8c                PROVIDE (_etext, ABSOLUTE (.))
                0x04011a8c                PROVIDE (etext, ABSOLUTE (.))
 *(.eh_frame_hdr)
                0x04011a8c                . = ALIGN (0x4)
                0x04011a8c                PROVIDE (__preinit_array_start, ABSOLUTE (.))
 *(.preinit_array)
                0x04011a8c                PROVIDE (__preinit_array_end, ABSOLUTE (.))
                0x04011a8c                PROVIDE (__init_array_start, ABSOLUTE (.))
 *(.init_array)
                0x04011a8c                PROVIDE (__init_array_end, ABSOLUTE (.))
                0x04011a8c                PROVIDE (__fini_array_start, ABSOLUTE (.))
 *(.fini_array)
                0x04011a8c                PROVIDE (__fini_array_end, ABSOLUTE (.))
 *(.eh_frame)
 *(.gcc_except_table)
 *(.dynamic)
                0x04011a8c                PROVIDE (__CTOR_LIST__, ABSOLUTE (.))
 *(.ctors)
 *(SORT(.ctors.*))
 .ctors.65535   0x04011a8c        0x4 c:/altera/13.0sp1/nios2eds/bin/gnu/h-i686-mingw32/bin/../lib/gcc/nios2-elf/4.1.2/../../../../nios2-elf/lib\libc.a(lib_a-__call_atexit.o)
                0x04011a90                PROVIDE (__CTOR_END__, ABSOLUTE (.))
                0x04011a90                PROVIDE (__DTOR_LIST__, ABSOLUTE (.))
 *(.dtors)
 *(SORT(.dtors.*))
                0x04011a90                PROVIDE (__DTOR_END__, ABSOLUTE (.))
 *(.jcr)
                0x04011a90                . = ALIGN (0x4)

.rodata         0x04011a90      0x5a4
                0x04011a90                PROVIDE (__ram_rodata_start, ABSOLUTE (.))
                0x04011a90                . = ALIGN (0x4)
 *(.rodata .rodata.* .gnu.linkonce.r.*)
 .rodata        0x04011a90       0xac obj/default/NiosProcess.o
 .rodata        0x04011b3c        0x8 obj/default/main.o
 .rodata        0x04011b44       0x20 obj/default/syslib/motor/motordriver.o
 .rodata        0x04011b64       0xf8 obj/default/syslib/timer/timer.o
 .rodata        0x04011c5c       0x64 obj/default/syslib/uart/uart.o
 .rodata        0x04011cc0       0x10 c:/altera/13.0sp1/nios2eds/bin/gnu/h-i686-mingw32/bin/../lib/gcc/nios2-elf/4.1.2\libgcc.a(_thenan_sf.o)
                0x04011cc0                __thenan_sf
 .rodata        0x04011cd0      0x100 c:/altera/13.0sp1/nios2eds/bin/gnu/h-i686-mingw32/bin/../lib/gcc/nios2-elf/4.1.2\libgcc.a(_clz.o)
                0x04011cd0                __clz_tab
 .rodata.str1.4
                0x04011dd0        0x2 c:/altera/13.0sp1/nios2eds/bin/gnu/h-i686-mingw32/bin/../lib/gcc/nios2-elf/4.1.2/../../../../nios2-elf/lib\libc.a(lib_a-puts.o)
                                  0x4 (size before relaxing)
 *fill*         0x04011dd2        0x2 00
 .rodata.str1.4
                0x04011dd4       0x5e c:/altera/13.0sp1/nios2eds/bin/gnu/h-i686-mingw32/bin/../lib/gcc/nios2-elf/4.1.2/../../../../nios2-elf/lib\libc.a(lib_a-vfprintf.o)
                                 0x60 (size before relaxing)
 .rodata        0x04011e32       0x20 c:/altera/13.0sp1/nios2eds/bin/gnu/h-i686-mingw32/bin/../lib/gcc/nios2-elf/4.1.2/../../../../nios2-elf/lib\libc.a(lib_a-vfprintf.o)
 *fill*         0x04011e52        0x2 00
 .rodata.str1.4
                0x04011e54       0x10 c:/altera/13.0sp1/nios2eds/bin/gnu/h-i686-mingw32/bin/../lib/gcc/nios2-elf/4.1.2/../../../../nios2-elf/lib\libc.a(lib_a-dtoa.o)
                                 0x14 (size before relaxing)
 .rodata.str1.4
                0x04011e64        0x2 c:/altera/13.0sp1/nios2eds/bin/gnu/h-i686-mingw32/bin/../lib/gcc/nios2-elf/4.1.2/../../../../nios2-elf/lib\libc.a(lib_a-impure.o)
                                  0x4 (size before relaxing)
 *fill*         0x04011e66        0x2 00
 .rodata.str1.4
                0x04011e68       0x10 c:/altera/13.0sp1/nios2eds/bin/gnu/h-i686-mingw32/bin/../lib/gcc/nios2-elf/4.1.2/../../../../nios2-elf/lib\libc.a(lib_a-locale.o)
                                 0x18 (size before relaxing)
 .rodata        0x04011e78       0x30 c:/altera/13.0sp1/nios2eds/bin/gnu/h-i686-mingw32/bin/../lib/gcc/nios2-elf/4.1.2/../../../../nios2-elf/lib\libc.a(lib_a-locale.o)
 .rodata        0x04011ea8      0x124 c:/altera/13.0sp1/nios2eds/bin/gnu/h-i686-mingw32/bin/../lib/gcc/nios2-elf/4.1.2/../../../../nios2-elf/lib\libc.a(lib_a-mprec.o)
                0x04011ea8                __mprec_tens
                0x04011f70                __mprec_bigtens
                0x04011f98                __mprec_tinytens
 .rodata        0x04011fcc       0x14 c:/altera/13.0sp1/nios2eds/bin/gnu/h-i686-mingw32/bin/../lib/gcc/nios2-elf/4.1.2\libgcc.a(_thenan_df.o)
                0x04011fcc                __thenan_df
 .rodata        0x04011fe0        0xc ../motor_surface_bsp/\libhal_bsp.a(alt_dev.o)
 .rodata        0x04011fec       0x14 ../motor_surface_bsp/\libhal_bsp.a(alt_main.o)
 .rodata        0x04012000       0x34 ../motor_surface_bsp/\libhal_bsp.a(alt_sys_init.o)
 *(.rodata1)
                0x04012034                . = ALIGN (0x4)
                0x04012034                PROVIDE (__ram_rodata_end, ABSOLUTE (.))
                0x04011a90                PROVIDE (__flash_rodata_start, LOADADDR (.rodata))

.rwdata         0x04012034     0x1bf0 load address 0x04013c24
                0x04012034                PROVIDE (__ram_rwdata_start, ABSOLUTE (.))
                0x04012034                . = ALIGN (0x4)
 *(.got.plt)
 *(.got)
 *(.data1)
 *(.data .data.* .gnu.linkonce.d.*)
 .data          0x04012034        0x0 ../motor_surface_bsp//obj/HAL/src/crt0.o
 .data          0x04012034        0x0 obj/default/NiosProcess.o
 .data          0x04012034        0x0 obj/default/main.o
 .data          0x04012034        0x0 obj/default/syslib/IMU/imu.o
 .data          0x04012034        0x0 obj/default/syslib/controller/pid.o
 .data          0x04012034        0x0 obj/default/syslib/motor/motordriver.o
 .data          0x04012034        0x0 obj/default/syslib/timer/timer.o
 .data          0x04012034        0x0 obj/default/syslib/uart/uart.o
 .data          0x04012034        0x0 c:/altera/13.0sp1/nios2eds/bin/gnu/h-i686-mingw32/bin/../lib/gcc/nios2-elf/4.1.2\libgcc.a(_fixunssfsi.o)
 .data          0x04012034        0x0 c:/altera/13.0sp1/nios2eds/bin/gnu/h-i686-mingw32/bin/../lib/gcc/nios2-elf/4.1.2\libgcc.a(_addsub_sf.o)
 .data          0x04012034        0x0 c:/altera/13.0sp1/nios2eds/bin/gnu/h-i686-mingw32/bin/../lib/gcc/nios2-elf/4.1.2\libgcc.a(_gt_sf.o)
 .data          0x04012034        0x0 c:/altera/13.0sp1/nios2eds/bin/gnu/h-i686-mingw32/bin/../lib/gcc/nios2-elf/4.1.2\libgcc.a(_ge_sf.o)
 .data          0x04012034        0x0 c:/altera/13.0sp1/nios2eds/bin/gnu/h-i686-mingw32/bin/../lib/gcc/nios2-elf/4.1.2\libgcc.a(_lt_sf.o)
 .data          0x04012034        0x0 c:/altera/13.0sp1/nios2eds/bin/gnu/h-i686-mingw32/bin/../lib/gcc/nios2-elf/4.1.2\libgcc.a(_sf_to_si.o)
 .data          0x04012034        0x0 c:/altera/13.0sp1/nios2eds/bin/gnu/h-i686-mingw32/bin/../lib/gcc/nios2-elf/4.1.2\libgcc.a(_sf_to_df.o)
 .data          0x04012034        0x0 c:/altera/13.0sp1/nios2eds/bin/gnu/h-i686-mingw32/bin/../lib/gcc/nios2-elf/4.1.2\libgcc.a(_thenan_sf.o)
 .data          0x04012034        0x0 c:/altera/13.0sp1/nios2eds/bin/gnu/h-i686-mingw32/bin/../lib/gcc/nios2-elf/4.1.2\libgcc.a(_usi_to_sf.o)
 .data          0x04012034        0x0 c:/altera/13.0sp1/nios2eds/bin/gnu/h-i686-mingw32/bin/../lib/gcc/nios2-elf/4.1.2\libgcc.a(_make_df.o)
 .data          0x04012034        0x0 c:/altera/13.0sp1/nios2eds/bin/gnu/h-i686-mingw32/bin/../lib/gcc/nios2-elf/4.1.2\libgcc.a(lib2-divmod.o)
 .data          0x04012034        0x0 c:/altera/13.0sp1/nios2eds/bin/gnu/h-i686-mingw32/bin/../lib/gcc/nios2-elf/4.1.2\libgcc.a(_clzsi2.o)
 .data          0x04012034        0x0 c:/altera/13.0sp1/nios2eds/bin/gnu/h-i686-mingw32/bin/../lib/gcc/nios2-elf/4.1.2\libgcc.a(_pack_sf.o)
 .data          0x04012034        0x0 c:/altera/13.0sp1/nios2eds/bin/gnu/h-i686-mingw32/bin/../lib/gcc/nios2-elf/4.1.2\libgcc.a(_unpack_sf.o)
 .data          0x04012034        0x0 c:/altera/13.0sp1/nios2eds/bin/gnu/h-i686-mingw32/bin/../lib/gcc/nios2-elf/4.1.2\libgcc.a(_fpcmp_parts_sf.o)
 .data          0x04012034        0x0 c:/altera/13.0sp1/nios2eds/bin/gnu/h-i686-mingw32/bin/../lib/gcc/nios2-elf/4.1.2\libgcc.a(_pack_df.o)
 .data          0x04012034        0x0 c:/altera/13.0sp1/nios2eds/bin/gnu/h-i686-mingw32/bin/../lib/gcc/nios2-elf/4.1.2\libgcc.a(_clz.o)
 .data          0x04012034        0x0 c:/altera/13.0sp1/nios2eds/bin/gnu/h-i686-mingw32/bin/../lib/gcc/nios2-elf/4.1.2/../../../../nios2-elf/lib\libc.a(lib_a-printf.o)
 .data          0x04012034        0x0 c:/altera/13.0sp1/nios2eds/bin/gnu/h-i686-mingw32/bin/../lib/gcc/nios2-elf/4.1.2/../../../../nios2-elf/lib\libc.a(lib_a-puts.o)
 .data          0x04012034        0x0 c:/altera/13.0sp1/nios2eds/bin/gnu/h-i686-mingw32/bin/../lib/gcc/nios2-elf/4.1.2/../../../../nios2-elf/lib\libc.a(lib_a-strlen.o)
 .data          0x04012034        0x0 c:/altera/13.0sp1/nios2eds/bin/gnu/h-i686-mingw32/bin/../lib/gcc/nios2-elf/4.1.2/../../../../nios2-elf/lib\libc.a(lib_a-vfprintf.o)
 .data          0x04012034        0x0 c:/altera/13.0sp1/nios2eds/bin/gnu/h-i686-mingw32/bin/../lib/gcc/nios2-elf/4.1.2/../../../../nios2-elf/lib\libc.a(lib_a-wsetup.o)
 .data          0x04012034        0x0 c:/altera/13.0sp1/nios2eds/bin/gnu/h-i686-mingw32/bin/../lib/gcc/nios2-elf/4.1.2/../../../../nios2-elf/lib\libc.a(lib_a-dtoa.o)
 .data          0x04012034        0x0 c:/altera/13.0sp1/nios2eds/bin/gnu/h-i686-mingw32/bin/../lib/gcc/nios2-elf/4.1.2/../../../../nios2-elf/lib\libc.a(lib_a-fflush.o)
 .data          0x04012034        0x0 c:/altera/13.0sp1/nios2eds/bin/gnu/h-i686-mingw32/bin/../lib/gcc/nios2-elf/4.1.2/../../../../nios2-elf/lib\libc.a(lib_a-findfp.o)
 .data          0x04012034        0x0 c:/altera/13.0sp1/nios2eds/bin/gnu/h-i686-mingw32/bin/../lib/gcc/nios2-elf/4.1.2/../../../../nios2-elf/lib\libc.a(lib_a-freer.o)
 .data          0x04012034        0x0 c:/altera/13.0sp1/nios2eds/bin/gnu/h-i686-mingw32/bin/../lib/gcc/nios2-elf/4.1.2/../../../../nios2-elf/lib\libc.a(lib_a-fvwrite.o)
 .data          0x04012034        0x0 c:/altera/13.0sp1/nios2eds/bin/gnu/h-i686-mingw32/bin/../lib/gcc/nios2-elf/4.1.2/../../../../nios2-elf/lib\libc.a(lib_a-fwalk.o)
 .data          0x04012034      0x400 c:/altera/13.0sp1/nios2eds/bin/gnu/h-i686-mingw32/bin/../lib/gcc/nios2-elf/4.1.2/../../../../nios2-elf/lib\libc.a(lib_a-impure.o)
 .data          0x04012434        0xc c:/altera/13.0sp1/nios2eds/bin/gnu/h-i686-mingw32/bin/../lib/gcc/nios2-elf/4.1.2/../../../../nios2-elf/lib\libc.a(lib_a-locale.o)
                0x04012434                __lc_ctype
 .data          0x04012440        0x0 c:/altera/13.0sp1/nios2eds/bin/gnu/h-i686-mingw32/bin/../lib/gcc/nios2-elf/4.1.2/../../../../nios2-elf/lib\libc.a(lib_a-makebuf.o)
 .data          0x04012440      0x408 c:/altera/13.0sp1/nios2eds/bin/gnu/h-i686-mingw32/bin/../lib/gcc/nios2-elf/4.1.2/../../../../nios2-elf/lib\libc.a(lib_a-mallocr.o)
                0x04012440                __malloc_av_
 .data          0x04012848        0x0 c:/altera/13.0sp1/nios2eds/bin/gnu/h-i686-mingw32/bin/../lib/gcc/nios2-elf/4.1.2/../../../../nios2-elf/lib\libc.a(lib_a-memchr.o)
 .data          0x04012848        0x0 c:/altera/13.0sp1/nios2eds/bin/gnu/h-i686-mingw32/bin/../lib/gcc/nios2-elf/4.1.2/../../../../nios2-elf/lib\libc.a(lib_a-memcpy.o)
 .data          0x04012848        0x0 c:/altera/13.0sp1/nios2eds/bin/gnu/h-i686-mingw32/bin/../lib/gcc/nios2-elf/4.1.2/../../../../nios2-elf/lib\libc.a(lib_a-memmove.o)
 .data          0x04012848        0x0 c:/altera/13.0sp1/nios2eds/bin/gnu/h-i686-mingw32/bin/../lib/gcc/nios2-elf/4.1.2/../../../../nios2-elf/lib\libc.a(lib_a-memset.o)
 .data          0x04012848        0x0 c:/altera/13.0sp1/nios2eds/bin/gnu/h-i686-mingw32/bin/../lib/gcc/nios2-elf/4.1.2/../../../../nios2-elf/lib\libc.a(lib_a-mprec.o)
 .data          0x04012848        0x0 c:/altera/13.0sp1/nios2eds/bin/gnu/h-i686-mingw32/bin/../lib/gcc/nios2-elf/4.1.2/../../../../nios2-elf/lib\libc.a(lib_a-reallocr.o)
 .data          0x04012848        0x0 c:/altera/13.0sp1/nios2eds/bin/gnu/h-i686-mingw32/bin/../lib/gcc/nios2-elf/4.1.2/../../../../nios2-elf/lib\libc.a(lib_a-s_isinfd.o)
 .data          0x04012848        0x0 c:/altera/13.0sp1/nios2eds/bin/gnu/h-i686-mingw32/bin/../lib/gcc/nios2-elf/4.1.2/../../../../nios2-elf/lib\libc.a(lib_a-s_isnand.o)
 .data          0x04012848        0x0 c:/altera/13.0sp1/nios2eds/bin/gnu/h-i686-mingw32/bin/../lib/gcc/nios2-elf/4.1.2/../../../../nios2-elf/lib\libc.a(lib_a-sbrkr.o)
 .data          0x04012848        0x0 c:/altera/13.0sp1/nios2eds/bin/gnu/h-i686-mingw32/bin/../lib/gcc/nios2-elf/4.1.2/../../../../nios2-elf/lib\libc.a(lib_a-stdio.o)
 .data          0x04012848        0x0 c:/altera/13.0sp1/nios2eds/bin/gnu/h-i686-mingw32/bin/../lib/gcc/nios2-elf/4.1.2/../../../../nios2-elf/lib\libc.a(lib_a-strcmp.o)
 .data          0x04012848        0x0 c:/altera/13.0sp1/nios2eds/bin/gnu/h-i686-mingw32/bin/../lib/gcc/nios2-elf/4.1.2/../../../../nios2-elf/lib\libc.a(lib_a-writer.o)
 .data          0x04012848        0x0 c:/altera/13.0sp1/nios2eds/bin/gnu/h-i686-mingw32/bin/../lib/gcc/nios2-elf/4.1.2/../../../../nios2-elf/lib\libc.a(lib_a-callocr.o)
 .data          0x04012848        0x0 c:/altera/13.0sp1/nios2eds/bin/gnu/h-i686-mingw32/bin/../lib/gcc/nios2-elf/4.1.2/../../../../nios2-elf/lib\libc.a(lib_a-closer.o)
 .data          0x04012848        0x0 c:/altera/13.0sp1/nios2eds/bin/gnu/h-i686-mingw32/bin/../lib/gcc/nios2-elf/4.1.2/../../../../nios2-elf/lib\libc.a(lib_a-fclose.o)
 .data          0x04012848        0x0 c:/altera/13.0sp1/nios2eds/bin/gnu/h-i686-mingw32/bin/../lib/gcc/nios2-elf/4.1.2/../../../../nios2-elf/lib\libc.a(lib_a-fstatr.o)
 .data          0x04012848        0x0 c:/altera/13.0sp1/nios2eds/bin/gnu/h-i686-mingw32/bin/../lib/gcc/nios2-elf/4.1.2/../../../../nios2-elf/lib\libc.a(lib_a-int_errno.o)
 .data          0x04012848        0x0 c:/altera/13.0sp1/nios2eds/bin/gnu/h-i686-mingw32/bin/../lib/gcc/nios2-elf/4.1.2/../../../../nios2-elf/lib\libc.a(lib_a-isattyr.o)
 .data          0x04012848        0x0 c:/altera/13.0sp1/nios2eds/bin/gnu/h-i686-mingw32/bin/../lib/gcc/nios2-elf/4.1.2/../../../../nios2-elf/lib\libc.a(lib_a-lseekr.o)
 .data          0x04012848        0x0 c:/altera/13.0sp1/nios2eds/bin/gnu/h-i686-mingw32/bin/../lib/gcc/nios2-elf/4.1.2/../../../../nios2-elf/lib\libc.a(lib_a-readr.o)
 .data          0x04012848        0x0 c:/altera/13.0sp1/nios2eds/bin/gnu/h-i686-mingw32/bin/../lib/gcc/nios2-elf/4.1.2\libgcc.a(_udivdi3.o)
 .data          0x04012848        0x0 c:/altera/13.0sp1/nios2eds/bin/gnu/h-i686-mingw32/bin/../lib/gcc/nios2-elf/4.1.2\libgcc.a(_umoddi3.o)
 .data          0x04012848        0x0 c:/altera/13.0sp1/nios2eds/bin/gnu/h-i686-mingw32/bin/../lib/gcc/nios2-elf/4.1.2\libgcc.a(_addsub_df.o)
 .data          0x04012848        0x0 c:/altera/13.0sp1/nios2eds/bin/gnu/h-i686-mingw32/bin/../lib/gcc/nios2-elf/4.1.2\libgcc.a(_mul_df.o)
 .data          0x04012848        0x0 c:/altera/13.0sp1/nios2eds/bin/gnu/h-i686-mingw32/bin/../lib/gcc/nios2-elf/4.1.2\libgcc.a(_div_df.o)
 .data          0x04012848        0x0 c:/altera/13.0sp1/nios2eds/bin/gnu/h-i686-mingw32/bin/../lib/gcc/nios2-elf/4.1.2\libgcc.a(_eq_df.o)
 .data          0x04012848        0x0 c:/altera/13.0sp1/nios2eds/bin/gnu/h-i686-mingw32/bin/../lib/gcc/nios2-elf/4.1.2\libgcc.a(_ne_df.o)
 .data          0x04012848        0x0 c:/altera/13.0sp1/nios2eds/bin/gnu/h-i686-mingw32/bin/../lib/gcc/nios2-elf/4.1.2\libgcc.a(_gt_df.o)
 .data          0x04012848        0x0 c:/altera/13.0sp1/nios2eds/bin/gnu/h-i686-mingw32/bin/../lib/gcc/nios2-elf/4.1.2\libgcc.a(_ge_df.o)
 .data          0x04012848        0x0 c:/altera/13.0sp1/nios2eds/bin/gnu/h-i686-mingw32/bin/../lib/gcc/nios2-elf/4.1.2\libgcc.a(_lt_df.o)
 .data          0x04012848        0x0 c:/altera/13.0sp1/nios2eds/bin/gnu/h-i686-mingw32/bin/../lib/gcc/nios2-elf/4.1.2\libgcc.a(_si_to_df.o)
 .data          0x04012848        0x0 c:/altera/13.0sp1/nios2eds/bin/gnu/h-i686-mingw32/bin/../lib/gcc/nios2-elf/4.1.2\libgcc.a(_df_to_si.o)
 .data          0x04012848        0x0 c:/altera/13.0sp1/nios2eds/bin/gnu/h-i686-mingw32/bin/../lib/gcc/nios2-elf/4.1.2\libgcc.a(_thenan_df.o)
 .data          0x04012848        0x0 c:/altera/13.0sp1/nios2eds/bin/gnu/h-i686-mingw32/bin/../lib/gcc/nios2-elf/4.1.2\libgcc.a(_usi_to_df.o)
 .data          0x04012848        0x0 c:/altera/13.0sp1/nios2eds/bin/gnu/h-i686-mingw32/bin/../lib/gcc/nios2-elf/4.1.2\libgcc.a(_muldi3.o)
 .data          0x04012848        0x0 c:/altera/13.0sp1/nios2eds/bin/gnu/h-i686-mingw32/bin/../lib/gcc/nios2-elf/4.1.2\libgcc.a(_unpack_df.o)
 .data          0x04012848        0x0 c:/altera/13.0sp1/nios2eds/bin/gnu/h-i686-mingw32/bin/../lib/gcc/nios2-elf/4.1.2\libgcc.a(_fpcmp_parts_df.o)
 .data          0x04012848        0x0 ../motor_surface_bsp/\libhal_bsp.a(alt_close.o)
 .data          0x04012848      0x1a8 ../motor_surface_bsp/\libhal_bsp.a(alt_dev.o)
                0x04012848                alt_dev_null
                0x04012870                alt_fd_list
 .data          0x040129f0        0x0 ../motor_surface_bsp/\libhal_bsp.a(alt_errno.o)
 .data          0x040129f0        0x0 ../motor_surface_bsp/\libhal_bsp.a(alt_fstat.o)
 .data          0x040129f0        0x0 ../motor_surface_bsp/\libhal_bsp.a(alt_irq_register.o)
 .data          0x040129f0        0x0 ../motor_surface_bsp/\libhal_bsp.a(alt_irq_vars.o)
 .data          0x040129f0        0x0 ../motor_surface_bsp/\libhal_bsp.a(alt_isatty.o)
 .data          0x040129f0        0x0 ../motor_surface_bsp/\libhal_bsp.a(alt_load.o)
 .data          0x040129f0        0x0 ../motor_surface_bsp/\libhal_bsp.a(alt_lseek.o)
 .data          0x040129f0        0x0 ../motor_surface_bsp/\libhal_bsp.a(alt_main.o)
 .data          0x040129f0        0x0 ../motor_surface_bsp/\libhal_bsp.a(alt_malloc_lock.o)
 .data          0x040129f0        0x0 ../motor_surface_bsp/\libhal_bsp.a(alt_read.o)
 .data          0x040129f0        0x0 ../motor_surface_bsp/\libhal_bsp.a(alt_release_fd.o)
 .data          0x040129f0        0x0 ../motor_surface_bsp/\libhal_bsp.a(alt_sbrk.o)
 .data          0x040129f0        0x0 ../motor_surface_bsp/\libhal_bsp.a(alt_usleep.o)
 .data          0x040129f0        0x0 ../motor_surface_bsp/\libhal_bsp.a(alt_write.o)
 .data          0x040129f0     0x11ec ../motor_surface_bsp/\libhal_bsp.a(alt_sys_init.o)
 .data          0x04013bdc        0x0 ../motor_surface_bsp/\libhal_bsp.a(altera_avalon_epcs_flash_controller.o)
 .data          0x04013bdc        0x0 ../motor_surface_bsp/\libhal_bsp.a(altera_avalon_jtag_uart_fd.o)
 .data          0x04013bdc        0x0 ../motor_surface_bsp/\libhal_bsp.a(altera_avalon_jtag_uart_init.o)
 .data          0x04013bdc        0x0 ../motor_surface_bsp/\libhal_bsp.a(altera_avalon_jtag_uart_ioctl.o)
 .data          0x04013bdc        0x0 ../motor_surface_bsp/\libhal_bsp.a(altera_avalon_jtag_uart_read.o)
 .data          0x04013bdc        0x0 ../motor_surface_bsp/\libhal_bsp.a(altera_avalon_jtag_uart_write.o)
 .data          0x04013bdc        0x0 ../motor_surface_bsp/\libhal_bsp.a(altera_avalon_timer_vars.o)
 .data          0x04013bdc        0x0 ../motor_surface_bsp/\libhal_bsp.a(altera_avalon_uart_fd.o)
 .data          0x04013bdc        0x0 ../motor_surface_bsp/\libhal_bsp.a(altera_avalon_uart_init.o)
 .data          0x04013bdc        0x0 ../motor_surface_bsp/\libhal_bsp.a(altera_avalon_uart_read.o)
 .data          0x04013bdc        0x0 ../motor_surface_bsp/\libhal_bsp.a(altera_avalon_uart_write.o)
 .data          0x04013bdc        0x0 ../motor_surface_bsp/\libhal_bsp.a(epcs_commands.o)
 .data          0x04013bdc        0x0 ../motor_surface_bsp/\libhal_bsp.a(alt_alarm_start.o)
 .data          0x04013bdc        0x0 ../motor_surface_bsp/\libhal_bsp.a(alt_busy_sleep.o)
 .data          0x04013bdc        0x0 ../motor_surface_bsp/\libhal_bsp.a(alt_dcache_flush_all.o)
 .data          0x04013bdc        0x0 ../motor_surface_bsp/\libhal_bsp.a(alt_dev_llist_insert.o)
 .data          0x04013bdc        0x0 ../motor_surface_bsp/\libhal_bsp.a(alt_do_ctors.o)
 .data          0x04013bdc        0x0 ../motor_surface_bsp/\libhal_bsp.a(alt_do_dtors.o)
 .data          0x04013bdc        0x0 ../motor_surface_bsp/\libhal_bsp.a(alt_flash_dev.o)
 .data          0x04013bdc        0x0 ../motor_surface_bsp/\libhal_bsp.a(alt_icache_flush_all.o)
 .data          0x04013bdc        0x0 ../motor_surface_bsp/\libhal_bsp.a(alt_iic.o)
 .data          0x04013bdc        0x0 ../motor_surface_bsp/\libhal_bsp.a(alt_iic_isr_register.o)
 .data          0x04013bdc        0x0 ../motor_surface_bsp/\libhal_bsp.a(alt_io_redirect.o)
 .data          0x04013bdc        0x0 ../motor_surface_bsp/\libhal_bsp.a(alt_irq_entry.o)
 .data          0x04013bdc        0x0 ../motor_surface_bsp/\libhal_bsp.a(alt_irq_handler.o)
 .data          0x04013bdc        0x0 ../motor_surface_bsp/\libhal_bsp.a(alt_open.o)
 .data          0x04013bdc        0x0 ../motor_surface_bsp/\libhal_bsp.a(alt_tick.o)
 .data          0x04013bdc        0x0 ../motor_surface_bsp/\libhal_bsp.a(altera_nios2_qsys_irq.o)
 .data          0x04013bdc        0x0 ../motor_surface_bsp/\libhal_bsp.a(altera_avalon_spi.o)
 .data          0x04013bdc        0x0 ../motor_surface_bsp/\libhal_bsp.a(alt_exception_entry.o)
 .data          0x04013bdc        0x0 ../motor_surface_bsp/\libhal_bsp.a(alt_find_dev.o)
 .data          0x04013bdc        0x0 ../motor_surface_bsp/\libhal_bsp.a(alt_find_file.o)
 .data          0x04013bdc        0x0 ../motor_surface_bsp/\libhal_bsp.a(alt_get_fd.o)
 .data          0x04013bdc        0x0 ../motor_surface_bsp/\libhal_bsp.a(alt_icache_flush.o)
 .data          0x04013bdc        0x0 c:/altera/13.0sp1/nios2eds/bin/gnu/h-i686-mingw32/bin/../lib/gcc/nios2-elf/4.1.2/../../../../nios2-elf/lib\libc.a(lib_a-atexit.o)
 .data          0x04013bdc        0x0 c:/altera/13.0sp1/nios2eds/bin/gnu/h-i686-mingw32/bin/../lib/gcc/nios2-elf/4.1.2/../../../../nios2-elf/lib\libc.a(lib_a-exit.o)
 .data          0x04013bdc        0x0 c:/altera/13.0sp1/nios2eds/bin/gnu/h-i686-mingw32/bin/../lib/gcc/nios2-elf/4.1.2/../../../../nios2-elf/lib\libc.a(lib_a-memcmp.o)
 .data          0x04013bdc        0x0 c:/altera/13.0sp1/nios2eds/bin/gnu/h-i686-mingw32/bin/../lib/gcc/nios2-elf/4.1.2/../../../../nios2-elf/lib\libc.a(lib_a-__atexit.o)
 .data          0x04013bdc        0x0 c:/altera/13.0sp1/nios2eds/bin/gnu/h-i686-mingw32/bin/../lib/gcc/nios2-elf/4.1.2/../../../../nios2-elf/lib\libc.a(lib_a-__call_atexit.o)
 .data          0x04013bdc        0x0 ../motor_surface_bsp/\libhal_bsp.a(alt_exit.o)
                0x0401bbdc                _gp = ABSOLUTE ((. + 0x8000))
                0x0401bbdc                PROVIDE (gp, _gp)
 *(.rwdata .rwdata.*)
 *(.sdata .sdata.* .gnu.linkonce.s.*)
 .sdata         0x04013bdc        0x8 c:/altera/13.0sp1/nios2eds/bin/gnu/h-i686-mingw32/bin/../lib/gcc/nios2-elf/4.1.2/../../../../nios2-elf/lib\libc.a(lib_a-impure.o)
                0x04013bdc                _impure_ptr
                0x04013be0                _global_impure_ptr
 .sdata         0x04013be4        0x8 c:/altera/13.0sp1/nios2eds/bin/gnu/h-i686-mingw32/bin/../lib/gcc/nios2-elf/4.1.2/../../../../nios2-elf/lib\libc.a(lib_a-locale.o)
                0x04013be4                __mb_cur_max
 .sdata         0x04013bec        0x8 c:/altera/13.0sp1/nios2eds/bin/gnu/h-i686-mingw32/bin/../lib/gcc/nios2-elf/4.1.2/../../../../nios2-elf/lib\libc.a(lib_a-mallocr.o)
                0x04013bec                __malloc_trim_threshold
                0x04013bf0                __malloc_sbrk_base
 .sdata         0x04013bf4       0x14 ../motor_surface_bsp/\libhal_bsp.a(alt_dev.o)
                0x04013bf4                alt_fs_list
                0x04013bfc                alt_dev_list
                0x04013c04                alt_max_fd
 .sdata         0x04013c08        0x4 ../motor_surface_bsp/\libhal_bsp.a(alt_errno.o)
                0x04013c08                alt_errno
 .sdata         0x04013c0c        0x4 ../motor_surface_bsp/\libhal_bsp.a(alt_irq_vars.o)
                0x04013c0c                alt_priority_mask
 .sdata         0x04013c10        0x4 ../motor_surface_bsp/\libhal_bsp.a(alt_sbrk.o)
 .sdata         0x04013c14        0x8 ../motor_surface_bsp/\libhal_bsp.a(alt_flash_dev.o)
                0x04013c14                alt_flash_dev_list
 .sdata         0x04013c1c        0x8 ../motor_surface_bsp/\libhal_bsp.a(alt_tick.o)
                0x04013c1c                alt_alarm_list
 *(.sdata2 .sdata2.* .gnu.linkonce.s2.*)
                0x04013c24                . = ALIGN (0x4)
                0x04013c24                _edata = ABSOLUTE (.)
                0x04013c24                PROVIDE (edata, ABSOLUTE (.))
                0x04013c24                PROVIDE (__ram_rwdata_end, ABSOLUTE (.))
                0x04013c24                PROVIDE (__flash_rwdata_start, LOADADDR (.rwdata))

.bss            0x04015814      0x2f4
                0x04015814                __bss_start = ABSOLUTE (.)
                0x04015814                PROVIDE (__sbss_start, ABSOLUTE (.))
                0x04015814                PROVIDE (___sbss_start, ABSOLUTE (.))
 *(.dynsbss)
 *(.sbss .sbss.* .gnu.linkonce.sb.*)
 .sbss          0x04015814        0xc c:/altera/13.0sp1/nios2eds/bin/gnu/h-i686-mingw32/bin/../lib/gcc/nios2-elf/4.1.2/../../../../nios2-elf/lib\libc.a(lib_a-locale.o)
                0x04015814                __nlocale_changed
                0x04015818                __mlocale_changed
                0x0401581c                _PathLocale
 .sbss          0x04015820        0xc c:/altera/13.0sp1/nios2eds/bin/gnu/h-i686-mingw32/bin/../lib/gcc/nios2-elf/4.1.2/../../../../nios2-elf/lib\libc.a(lib_a-mallocr.o)
                0x04015820                __malloc_top_pad
                0x04015824                __malloc_max_sbrked_mem
                0x04015828                __malloc_max_total_mem
 .sbss          0x0401582c        0x4 c:/altera/13.0sp1/nios2eds/bin/gnu/h-i686-mingw32/bin/../lib/gcc/nios2-elf/4.1.2/../../../../nios2-elf/lib\libc.a(lib_a-int_errno.o)
                0x0401582c                errno
 .sbss          0x04015830        0x4 ../motor_surface_bsp/\libhal_bsp.a(alt_irq_vars.o)
                0x04015830                alt_irq_active
 .sbss          0x04015834        0xc ../motor_surface_bsp/\libhal_bsp.a(alt_main.o)
                0x04015834                alt_argc
                0x04015838                alt_argv
                0x0401583c                alt_envp
 .sbss          0x04015840        0x8 ../motor_surface_bsp/\libhal_bsp.a(altera_avalon_timer_vars.o)
                0x04015840                altera_avalon_timer_ts_base
                0x04015844                altera_avalon_timer_ts_freq
 .sbss          0x04015848        0x8 ../motor_surface_bsp/\libhal_bsp.a(alt_tick.o)
                0x04015848                _alt_tick_rate
                0x0401584c                _alt_nticks
 *(.sbss2 .sbss2.* .gnu.linkonce.sb2.*)
 *(.scommon)
                0x04015850                PROVIDE (__sbss_end, ABSOLUTE (.))
                0x04015850                PROVIDE (___sbss_end, ABSOLUTE (.))
 *(.dynbss)
 *(.bss .bss.* .gnu.linkonce.b.*)
 .bss           0x04015850        0x0 ../motor_surface_bsp//obj/HAL/src/crt0.o
 .bss           0x04015850        0x0 obj/default/NiosProcess.o
 .bss           0x04015850        0x0 obj/default/main.o
 .bss           0x04015850        0x0 obj/default/syslib/IMU/imu.o
 .bss           0x04015850        0x0 obj/default/syslib/controller/pid.o
 .bss           0x04015850        0x0 obj/default/syslib/motor/motordriver.o
 .bss           0x04015850        0x0 obj/default/syslib/timer/timer.o
 .bss           0x04015850        0x0 obj/default/syslib/uart/uart.o
 .bss           0x04015850        0x0 c:/altera/13.0sp1/nios2eds/bin/gnu/h-i686-mingw32/bin/../lib/gcc/nios2-elf/4.1.2\libgcc.a(_fixunssfsi.o)
 .bss           0x04015850        0x0 c:/altera/13.0sp1/nios2eds/bin/gnu/h-i686-mingw32/bin/../lib/gcc/nios2-elf/4.1.2\libgcc.a(_addsub_sf.o)
 .bss           0x04015850        0x0 c:/altera/13.0sp1/nios2eds/bin/gnu/h-i686-mingw32/bin/../lib/gcc/nios2-elf/4.1.2\libgcc.a(_gt_sf.o)
 .bss           0x04015850        0x0 c:/altera/13.0sp1/nios2eds/bin/gnu/h-i686-mingw32/bin/../lib/gcc/nios2-elf/4.1.2\libgcc.a(_ge_sf.o)
 .bss           0x04015850        0x0 c:/altera/13.0sp1/nios2eds/bin/gnu/h-i686-mingw32/bin/../lib/gcc/nios2-elf/4.1.2\libgcc.a(_lt_sf.o)
 .bss           0x04015850        0x0 c:/altera/13.0sp1/nios2eds/bin/gnu/h-i686-mingw32/bin/../lib/gcc/nios2-elf/4.1.2\libgcc.a(_sf_to_si.o)
 .bss           0x04015850        0x0 c:/altera/13.0sp1/nios2eds/bin/gnu/h-i686-mingw32/bin/../lib/gcc/nios2-elf/4.1.2\libgcc.a(_sf_to_df.o)
 .bss           0x04015850        0x0 c:/altera/13.0sp1/nios2eds/bin/gnu/h-i686-mingw32/bin/../lib/gcc/nios2-elf/4.1.2\libgcc.a(_thenan_sf.o)
 .bss           0x04015850        0x0 c:/altera/13.0sp1/nios2eds/bin/gnu/h-i686-mingw32/bin/../lib/gcc/nios2-elf/4.1.2\libgcc.a(_usi_to_sf.o)
 .bss           0x04015850        0x0 c:/altera/13.0sp1/nios2eds/bin/gnu/h-i686-mingw32/bin/../lib/gcc/nios2-elf/4.1.2\libgcc.a(_make_df.o)
 .bss           0x04015850        0x0 c:/altera/13.0sp1/nios2eds/bin/gnu/h-i686-mingw32/bin/../lib/gcc/nios2-elf/4.1.2\libgcc.a(lib2-divmod.o)
 .bss           0x04015850        0x0 c:/altera/13.0sp1/nios2eds/bin/gnu/h-i686-mingw32/bin/../lib/gcc/nios2-elf/4.1.2\libgcc.a(_clzsi2.o)
 .bss           0x04015850        0x0 c:/altera/13.0sp1/nios2eds/bin/gnu/h-i686-mingw32/bin/../lib/gcc/nios2-elf/4.1.2\libgcc.a(_pack_sf.o)
 .bss           0x04015850        0x0 c:/altera/13.0sp1/nios2eds/bin/gnu/h-i686-mingw32/bin/../lib/gcc/nios2-elf/4.1.2\libgcc.a(_unpack_sf.o)
 .bss           0x04015850        0x0 c:/altera/13.0sp1/nios2eds/bin/gnu/h-i686-mingw32/bin/../lib/gcc/nios2-elf/4.1.2\libgcc.a(_fpcmp_parts_sf.o)
 .bss           0x04015850        0x0 c:/altera/13.0sp1/nios2eds/bin/gnu/h-i686-mingw32/bin/../lib/gcc/nios2-elf/4.1.2\libgcc.a(_pack_df.o)
 .bss           0x04015850        0x0 c:/altera/13.0sp1/nios2eds/bin/gnu/h-i686-mingw32/bin/../lib/gcc/nios2-elf/4.1.2\libgcc.a(_clz.o)
 .bss           0x04015850        0x0 c:/altera/13.0sp1/nios2eds/bin/gnu/h-i686-mingw32/bin/../lib/gcc/nios2-elf/4.1.2/../../../../nios2-elf/lib\libc.a(lib_a-printf.o)
 .bss           0x04015850        0x0 c:/altera/13.0sp1/nios2eds/bin/gnu/h-i686-mingw32/bin/../lib/gcc/nios2-elf/4.1.2/../../../../nios2-elf/lib\libc.a(lib_a-puts.o)
 .bss           0x04015850        0x0 c:/altera/13.0sp1/nios2eds/bin/gnu/h-i686-mingw32/bin/../lib/gcc/nios2-elf/4.1.2/../../../../nios2-elf/lib\libc.a(lib_a-strlen.o)
 .bss           0x04015850        0x0 c:/altera/13.0sp1/nios2eds/bin/gnu/h-i686-mingw32/bin/../lib/gcc/nios2-elf/4.1.2/../../../../nios2-elf/lib\libc.a(lib_a-vfprintf.o)
 .bss           0x04015850        0x0 c:/altera/13.0sp1/nios2eds/bin/gnu/h-i686-mingw32/bin/../lib/gcc/nios2-elf/4.1.2/../../../../nios2-elf/lib\libc.a(lib_a-wsetup.o)
 .bss           0x04015850        0x0 c:/altera/13.0sp1/nios2eds/bin/gnu/h-i686-mingw32/bin/../lib/gcc/nios2-elf/4.1.2/../../../../nios2-elf/lib\libc.a(lib_a-dtoa.o)
 .bss           0x04015850        0x0 c:/altera/13.0sp1/nios2eds/bin/gnu/h-i686-mingw32/bin/../lib/gcc/nios2-elf/4.1.2/../../../../nios2-elf/lib\libc.a(lib_a-fflush.o)
 .bss           0x04015850        0x0 c:/altera/13.0sp1/nios2eds/bin/gnu/h-i686-mingw32/bin/../lib/gcc/nios2-elf/4.1.2/../../../../nios2-elf/lib\libc.a(lib_a-findfp.o)
 .bss           0x04015850        0x0 c:/altera/13.0sp1/nios2eds/bin/gnu/h-i686-mingw32/bin/../lib/gcc/nios2-elf/4.1.2/../../../../nios2-elf/lib\libc.a(lib_a-freer.o)
 .bss           0x04015850        0x0 c:/altera/13.0sp1/nios2eds/bin/gnu/h-i686-mingw32/bin/../lib/gcc/nios2-elf/4.1.2/../../../../nios2-elf/lib\libc.a(lib_a-fvwrite.o)
 .bss           0x04015850        0x0 c:/altera/13.0sp1/nios2eds/bin/gnu/h-i686-mingw32/bin/../lib/gcc/nios2-elf/4.1.2/../../../../nios2-elf/lib\libc.a(lib_a-fwalk.o)
 .bss           0x04015850        0x0 c:/altera/13.0sp1/nios2eds/bin/gnu/h-i686-mingw32/bin/../lib/gcc/nios2-elf/4.1.2/../../../../nios2-elf/lib\libc.a(lib_a-impure.o)
 .bss           0x04015850        0x0 c:/altera/13.0sp1/nios2eds/bin/gnu/h-i686-mingw32/bin/../lib/gcc/nios2-elf/4.1.2/../../../../nios2-elf/lib\libc.a(lib_a-locale.o)
 .bss           0x04015850        0x0 c:/altera/13.0sp1/nios2eds/bin/gnu/h-i686-mingw32/bin/../lib/gcc/nios2-elf/4.1.2/../../../../nios2-elf/lib\libc.a(lib_a-makebuf.o)
 .bss           0x04015850       0x28 c:/altera/13.0sp1/nios2eds/bin/gnu/h-i686-mingw32/bin/../lib/gcc/nios2-elf/4.1.2/../../../../nios2-elf/lib\libc.a(lib_a-mallocr.o)
                0x04015850                __malloc_current_mallinfo
 .bss           0x04015878        0x0 c:/altera/13.0sp1/nios2eds/bin/gnu/h-i686-mingw32/bin/../lib/gcc/nios2-elf/4.1.2/../../../../nios2-elf/lib\libc.a(lib_a-memchr.o)
 .bss           0x04015878        0x0 c:/altera/13.0sp1/nios2eds/bin/gnu/h-i686-mingw32/bin/../lib/gcc/nios2-elf/4.1.2/../../../../nios2-elf/lib\libc.a(lib_a-memcpy.o)
 .bss           0x04015878        0x0 c:/altera/13.0sp1/nios2eds/bin/gnu/h-i686-mingw32/bin/../lib/gcc/nios2-elf/4.1.2/../../../../nios2-elf/lib\libc.a(lib_a-memmove.o)
 .bss           0x04015878        0x0 c:/altera/13.0sp1/nios2eds/bin/gnu/h-i686-mingw32/bin/../lib/gcc/nios2-elf/4.1.2/../../../../nios2-elf/lib\libc.a(lib_a-memset.o)
 .bss           0x04015878        0x0 c:/altera/13.0sp1/nios2eds/bin/gnu/h-i686-mingw32/bin/../lib/gcc/nios2-elf/4.1.2/../../../../nios2-elf/lib\libc.a(lib_a-mprec.o)
 .bss           0x04015878        0x0 c:/altera/13.0sp1/nios2eds/bin/gnu/h-i686-mingw32/bin/../lib/gcc/nios2-elf/4.1.2/../../../../nios2-elf/lib\libc.a(lib_a-reallocr.o)
 .bss           0x04015878        0x0 c:/altera/13.0sp1/nios2eds/bin/gnu/h-i686-mingw32/bin/../lib/gcc/nios2-elf/4.1.2/../../../../nios2-elf/lib\libc.a(lib_a-s_isinfd.o)
 .bss           0x04015878        0x0 c:/altera/13.0sp1/nios2eds/bin/gnu/h-i686-mingw32/bin/../lib/gcc/nios2-elf/4.1.2/../../../../nios2-elf/lib\libc.a(lib_a-s_isnand.o)
 .bss           0x04015878        0x0 c:/altera/13.0sp1/nios2eds/bin/gnu/h-i686-mingw32/bin/../lib/gcc/nios2-elf/4.1.2/../../../../nios2-elf/lib\libc.a(lib_a-sbrkr.o)
 .bss           0x04015878        0x0 c:/altera/13.0sp1/nios2eds/bin/gnu/h-i686-mingw32/bin/../lib/gcc/nios2-elf/4.1.2/../../../../nios2-elf/lib\libc.a(lib_a-stdio.o)
 .bss           0x04015878        0x0 c:/altera/13.0sp1/nios2eds/bin/gnu/h-i686-mingw32/bin/../lib/gcc/nios2-elf/4.1.2/../../../../nios2-elf/lib\libc.a(lib_a-strcmp.o)
 .bss           0x04015878        0x0 c:/altera/13.0sp1/nios2eds/bin/gnu/h-i686-mingw32/bin/../lib/gcc/nios2-elf/4.1.2/../../../../nios2-elf/lib\libc.a(lib_a-writer.o)
 .bss           0x04015878        0x0 c:/altera/13.0sp1/nios2eds/bin/gnu/h-i686-mingw32/bin/../lib/gcc/nios2-elf/4.1.2/../../../../nios2-elf/lib\libc.a(lib_a-callocr.o)
 .bss           0x04015878        0x0 c:/altera/13.0sp1/nios2eds/bin/gnu/h-i686-mingw32/bin/../lib/gcc/nios2-elf/4.1.2/../../../../nios2-elf/lib\libc.a(lib_a-closer.o)
 .bss           0x04015878        0x0 c:/altera/13.0sp1/nios2eds/bin/gnu/h-i686-mingw32/bin/../lib/gcc/nios2-elf/4.1.2/../../../../nios2-elf/lib\libc.a(lib_a-fclose.o)
 .bss           0x04015878        0x0 c:/altera/13.0sp1/nios2eds/bin/gnu/h-i686-mingw32/bin/../lib/gcc/nios2-elf/4.1.2/../../../../nios2-elf/lib\libc.a(lib_a-fstatr.o)
 .bss           0x04015878        0x0 c:/altera/13.0sp1/nios2eds/bin/gnu/h-i686-mingw32/bin/../lib/gcc/nios2-elf/4.1.2/../../../../nios2-elf/lib\libc.a(lib_a-int_errno.o)
 .bss           0x04015878        0x0 c:/altera/13.0sp1/nios2eds/bin/gnu/h-i686-mingw32/bin/../lib/gcc/nios2-elf/4.1.2/../../../../nios2-elf/lib\libc.a(lib_a-isattyr.o)
 .bss           0x04015878        0x0 c:/altera/13.0sp1/nios2eds/bin/gnu/h-i686-mingw32/bin/../lib/gcc/nios2-elf/4.1.2/../../../../nios2-elf/lib\libc.a(lib_a-lseekr.o)
 .bss           0x04015878        0x0 c:/altera/13.0sp1/nios2eds/bin/gnu/h-i686-mingw32/bin/../lib/gcc/nios2-elf/4.1.2/../../../../nios2-elf/lib\libc.a(lib_a-readr.o)
 .bss           0x04015878        0x0 c:/altera/13.0sp1/nios2eds/bin/gnu/h-i686-mingw32/bin/../lib/gcc/nios2-elf/4.1.2\libgcc.a(_udivdi3.o)
 .bss           0x04015878        0x0 c:/altera/13.0sp1/nios2eds/bin/gnu/h-i686-mingw32/bin/../lib/gcc/nios2-elf/4.1.2\libgcc.a(_umoddi3.o)
 .bss           0x04015878        0x0 c:/altera/13.0sp1/nios2eds/bin/gnu/h-i686-mingw32/bin/../lib/gcc/nios2-elf/4.1.2\libgcc.a(_addsub_df.o)
 .bss           0x04015878        0x0 c:/altera/13.0sp1/nios2eds/bin/gnu/h-i686-mingw32/bin/../lib/gcc/nios2-elf/4.1.2\libgcc.a(_mul_df.o)
 .bss           0x04015878        0x0 c:/altera/13.0sp1/nios2eds/bin/gnu/h-i686-mingw32/bin/../lib/gcc/nios2-elf/4.1.2\libgcc.a(_div_df.o)
 .bss           0x04015878        0x0 c:/altera/13.0sp1/nios2eds/bin/gnu/h-i686-mingw32/bin/../lib/gcc/nios2-elf/4.1.2\libgcc.a(_eq_df.o)
 .bss           0x04015878        0x0 c:/altera/13.0sp1/nios2eds/bin/gnu/h-i686-mingw32/bin/../lib/gcc/nios2-elf/4.1.2\libgcc.a(_ne_df.o)
 .bss           0x04015878        0x0 c:/altera/13.0sp1/nios2eds/bin/gnu/h-i686-mingw32/bin/../lib/gcc/nios2-elf/4.1.2\libgcc.a(_gt_df.o)
 .bss           0x04015878        0x0 c:/altera/13.0sp1/nios2eds/bin/gnu/h-i686-mingw32/bin/../lib/gcc/nios2-elf/4.1.2\libgcc.a(_ge_df.o)
 .bss           0x04015878        0x0 c:/altera/13.0sp1/nios2eds/bin/gnu/h-i686-mingw32/bin/../lib/gcc/nios2-elf/4.1.2\libgcc.a(_lt_df.o)
 .bss           0x04015878        0x0 c:/altera/13.0sp1/nios2eds/bin/gnu/h-i686-mingw32/bin/../lib/gcc/nios2-elf/4.1.2\libgcc.a(_si_to_df.o)
 .bss           0x04015878        0x0 c:/altera/13.0sp1/nios2eds/bin/gnu/h-i686-mingw32/bin/../lib/gcc/nios2-elf/4.1.2\libgcc.a(_df_to_si.o)
 .bss           0x04015878        0x0 c:/altera/13.0sp1/nios2eds/bin/gnu/h-i686-mingw32/bin/../lib/gcc/nios2-elf/4.1.2\libgcc.a(_thenan_df.o)
 .bss           0x04015878        0x0 c:/altera/13.0sp1/nios2eds/bin/gnu/h-i686-mingw32/bin/../lib/gcc/nios2-elf/4.1.2\libgcc.a(_usi_to_df.o)
 .bss           0x04015878        0x0 c:/altera/13.0sp1/nios2eds/bin/gnu/h-i686-mingw32/bin/../lib/gcc/nios2-elf/4.1.2\libgcc.a(_muldi3.o)
 .bss           0x04015878        0x0 c:/altera/13.0sp1/nios2eds/bin/gnu/h-i686-mingw32/bin/../lib/gcc/nios2-elf/4.1.2\libgcc.a(_unpack_df.o)
 .bss           0x04015878        0x0 c:/altera/13.0sp1/nios2eds/bin/gnu/h-i686-mingw32/bin/../lib/gcc/nios2-elf/4.1.2\libgcc.a(_fpcmp_parts_df.o)
 .bss           0x04015878        0x0 ../motor_surface_bsp/\libhal_bsp.a(alt_close.o)
 .bss           0x04015878        0x0 ../motor_surface_bsp/\libhal_bsp.a(alt_dev.o)
 .bss           0x04015878        0x0 ../motor_surface_bsp/\libhal_bsp.a(alt_errno.o)
 .bss           0x04015878        0x0 ../motor_surface_bsp/\libhal_bsp.a(alt_fstat.o)
 .bss           0x04015878        0x0 ../motor_surface_bsp/\libhal_bsp.a(alt_irq_register.o)
 .bss           0x04015878        0x0 ../motor_surface_bsp/\libhal_bsp.a(alt_irq_vars.o)
 .bss           0x04015878        0x0 ../motor_surface_bsp/\libhal_bsp.a(alt_isatty.o)
 .bss           0x04015878        0x0 ../motor_surface_bsp/\libhal_bsp.a(alt_load.o)
 .bss           0x04015878        0x0 ../motor_surface_bsp/\libhal_bsp.a(alt_lseek.o)
 .bss           0x04015878        0x0 ../motor_surface_bsp/\libhal_bsp.a(alt_main.o)
 .bss           0x04015878        0x0 ../motor_surface_bsp/\libhal_bsp.a(alt_malloc_lock.o)
 .bss           0x04015878        0x0 ../motor_surface_bsp/\libhal_bsp.a(alt_read.o)
 .bss           0x04015878        0x0 ../motor_surface_bsp/\libhal_bsp.a(alt_release_fd.o)
 .bss           0x04015878        0x0 ../motor_surface_bsp/\libhal_bsp.a(alt_sbrk.o)
 .bss           0x04015878        0x0 ../motor_surface_bsp/\libhal_bsp.a(alt_usleep.o)
 .bss           0x04015878        0x0 ../motor_surface_bsp/\libhal_bsp.a(alt_write.o)
 .bss           0x04015878        0x0 ../motor_surface_bsp/\libhal_bsp.a(alt_sys_init.o)
 .bss           0x04015878        0x0 ../motor_surface_bsp/\libhal_bsp.a(altera_avalon_epcs_flash_controller.o)
 .bss           0x04015878        0x0 ../motor_surface_bsp/\libhal_bsp.a(altera_avalon_jtag_uart_fd.o)
 .bss           0x04015878        0x0 ../motor_surface_bsp/\libhal_bsp.a(altera_avalon_jtag_uart_init.o)
 .bss           0x04015878        0x0 ../motor_surface_bsp/\libhal_bsp.a(altera_avalon_jtag_uart_ioctl.o)
 .bss           0x04015878        0x0 ../motor_surface_bsp/\libhal_bsp.a(altera_avalon_jtag_uart_read.o)
 .bss           0x04015878        0x0 ../motor_surface_bsp/\libhal_bsp.a(altera_avalon_jtag_uart_write.o)
 .bss           0x04015878        0x0 ../motor_surface_bsp/\libhal_bsp.a(altera_avalon_timer_vars.o)
 .bss           0x04015878        0x0 ../motor_surface_bsp/\libhal_bsp.a(altera_avalon_uart_fd.o)
 .bss           0x04015878        0x0 ../motor_surface_bsp/\libhal_bsp.a(altera_avalon_uart_init.o)
 .bss           0x04015878        0x0 ../motor_surface_bsp/\libhal_bsp.a(altera_avalon_uart_read.o)
 .bss           0x04015878        0x0 ../motor_surface_bsp/\libhal_bsp.a(altera_avalon_uart_write.o)
 .bss           0x04015878        0x0 ../motor_surface_bsp/\libhal_bsp.a(epcs_commands.o)
 .bss           0x04015878        0x0 ../motor_surface_bsp/\libhal_bsp.a(alt_alarm_start.o)
 .bss           0x04015878        0x0 ../motor_surface_bsp/\libhal_bsp.a(alt_busy_sleep.o)
 .bss           0x04015878        0x0 ../motor_surface_bsp/\libhal_bsp.a(alt_dcache_flush_all.o)
 .bss           0x04015878        0x0 ../motor_surface_bsp/\libhal_bsp.a(alt_dev_llist_insert.o)
 .bss           0x04015878        0x0 ../motor_surface_bsp/\libhal_bsp.a(alt_do_ctors.o)
 .bss           0x04015878        0x0 ../motor_surface_bsp/\libhal_bsp.a(alt_do_dtors.o)
 .bss           0x04015878        0x0 ../motor_surface_bsp/\libhal_bsp.a(alt_flash_dev.o)
 .bss           0x04015878        0x0 ../motor_surface_bsp/\libhal_bsp.a(alt_icache_flush_all.o)
 .bss           0x04015878        0x0 ../motor_surface_bsp/\libhal_bsp.a(alt_iic.o)
 .bss           0x04015878        0x0 ../motor_surface_bsp/\libhal_bsp.a(alt_iic_isr_register.o)
 .bss           0x04015878        0x0 ../motor_surface_bsp/\libhal_bsp.a(alt_io_redirect.o)
 .bss           0x04015878        0x0 ../motor_surface_bsp/\libhal_bsp.a(alt_irq_entry.o)
 .bss           0x04015878        0x0 ../motor_surface_bsp/\libhal_bsp.a(alt_irq_handler.o)
 .bss           0x04015878        0x0 ../motor_surface_bsp/\libhal_bsp.a(alt_open.o)
 .bss           0x04015878        0x0 ../motor_surface_bsp/\libhal_bsp.a(alt_tick.o)
 .bss           0x04015878        0x0 ../motor_surface_bsp/\libhal_bsp.a(altera_nios2_qsys_irq.o)
 .bss           0x04015878        0x0 ../motor_surface_bsp/\libhal_bsp.a(altera_avalon_spi.o)
 .bss           0x04015878        0x0 ../motor_surface_bsp/\libhal_bsp.a(alt_exception_entry.o)
 .bss           0x04015878        0x0 ../motor_surface_bsp/\libhal_bsp.a(alt_find_dev.o)
 .bss           0x04015878        0x0 ../motor_surface_bsp/\libhal_bsp.a(alt_find_file.o)
 .bss           0x04015878        0x0 ../motor_surface_bsp/\libhal_bsp.a(alt_get_fd.o)
 .bss           0x04015878        0x0 ../motor_surface_bsp/\libhal_bsp.a(alt_icache_flush.o)
 .bss           0x04015878        0x0 c:/altera/13.0sp1/nios2eds/bin/gnu/h-i686-mingw32/bin/../lib/gcc/nios2-elf/4.1.2/../../../../nios2-elf/lib\libc.a(lib_a-atexit.o)
 .bss           0x04015878        0x0 c:/altera/13.0sp1/nios2eds/bin/gnu/h-i686-mingw32/bin/../lib/gcc/nios2-elf/4.1.2/../../../../nios2-elf/lib\libc.a(lib_a-exit.o)
 .bss           0x04015878        0x0 c:/altera/13.0sp1/nios2eds/bin/gnu/h-i686-mingw32/bin/../lib/gcc/nios2-elf/4.1.2/../../../../nios2-elf/lib\libc.a(lib_a-memcmp.o)
 .bss           0x04015878        0x0 c:/altera/13.0sp1/nios2eds/bin/gnu/h-i686-mingw32/bin/../lib/gcc/nios2-elf/4.1.2/../../../../nios2-elf/lib\libc.a(lib_a-__atexit.o)
 .bss           0x04015878        0x0 c:/altera/13.0sp1/nios2eds/bin/gnu/h-i686-mingw32/bin/../lib/gcc/nios2-elf/4.1.2/../../../../nios2-elf/lib\libc.a(lib_a-__call_atexit.o)
 .bss           0x04015878        0x0 ../motor_surface_bsp/\libhal_bsp.a(alt_exit.o)
 *(COMMON)
 COMMON         0x04015878      0x100 ../motor_surface_bsp/\libhal_bsp.a(alt_irq_handler.o)
                0x04015878                alt_irq
 COMMON         0x04015978      0x190 c:/altera/13.0sp1/nios2eds/bin/gnu/h-i686-mingw32/bin/../lib/gcc/nios2-elf/4.1.2/../../../../nios2-elf/lib\libc.a(lib_a-atexit.o)
                0x04015978                _atexit0
                0x04015b08                . = ALIGN (0x4)
                0x04015b08                __bss_end = ABSOLUTE (.)

.epcs_controlle
                0x00000000        0x0 load address 0x04015b08
                0x00000000                PROVIDE (_alt_partition_epcs_controlle_start, ABSOLUTE (.))
 *(.epcs_controlle. epcs_controlle.*)
                0x00000000                . = ALIGN (0x4)
                0x00000000                PROVIDE (_alt_partition_epcs_controlle_end, ABSOLUTE (.))
                0x04015b08                PROVIDE (_alt_partition_epcs_controlle_load_addr, LOADADDR (.epcs_controlle))

.sdram_0        0x04015b08        0x0
                0x04015b08                PROVIDE (_alt_partition_sdram_0_start, ABSOLUTE (.))
 *(.sdram_0. sdram_0.*)
                0x04015b08                . = ALIGN (0x4)
                0x04015b08                PROVIDE (_alt_partition_sdram_0_end, ABSOLUTE (.))
                0x04015b08                _end = ABSOLUTE (.)
                0x04015b08                end = ABSOLUTE (.)
                0x04015b08                __alt_stack_base = ABSOLUTE (.)
                0x04015b08                PROVIDE (_alt_partition_sdram_0_load_addr, LOADADDR (.sdram_0))

.stab
 *(.stab)

.stabstr
 *(.stabstr)

.stab.excl
 *(.stab.excl)

.stab.exclstr
 *(.stab.exclstr)

.stab.index
 *(.stab.index)

.stab.indexstr
 *(.stab.indexstr)

.comment        0x00000000       0x26
 *(.comment)
 .comment       0x00000000       0x26 obj/default/NiosProcess.o
                                 0x27 (size before relaxing)
 .comment       0x00000000       0x27 obj/default/main.o
 .comment       0x00000000       0x27 obj/default/syslib/IMU/imu.o
 .comment       0x00000000       0x27 obj/default/syslib/controller/pid.o
 .comment       0x00000000       0x27 obj/default/syslib/motor/motordriver.o
 .comment       0x00000000       0x27 obj/default/syslib/timer/timer.o
 .comment       0x00000000       0x27 obj/default/syslib/uart/uart.o
 .comment       0x00000000       0x27 c:/altera/13.0sp1/nios2eds/bin/gnu/h-i686-mingw32/bin/../lib/gcc/nios2-elf/4.1.2\libgcc.a(_fixunssfsi.o)
 .comment       0x00000000       0x27 c:/altera/13.0sp1/nios2eds/bin/gnu/h-i686-mingw32/bin/../lib/gcc/nios2-elf/4.1.2\libgcc.a(_addsub_sf.o)
 .comment       0x00000000       0x27 c:/altera/13.0sp1/nios2eds/bin/gnu/h-i686-mingw32/bin/../lib/gcc/nios2-elf/4.1.2\libgcc.a(_gt_sf.o)
 .comment       0x00000000       0x27 c:/altera/13.0sp1/nios2eds/bin/gnu/h-i686-mingw32/bin/../lib/gcc/nios2-elf/4.1.2\libgcc.a(_ge_sf.o)
 .comment       0x00000000       0x27 c:/altera/13.0sp1/nios2eds/bin/gnu/h-i686-mingw32/bin/../lib/gcc/nios2-elf/4.1.2\libgcc.a(_lt_sf.o)
 .comment       0x00000000       0x27 c:/altera/13.0sp1/nios2eds/bin/gnu/h-i686-mingw32/bin/../lib/gcc/nios2-elf/4.1.2\libgcc.a(_sf_to_si.o)
 .comment       0x00000000       0x27 c:/altera/13.0sp1/nios2eds/bin/gnu/h-i686-mingw32/bin/../lib/gcc/nios2-elf/4.1.2\libgcc.a(_sf_to_df.o)
 .comment       0x00000000       0x27 c:/altera/13.0sp1/nios2eds/bin/gnu/h-i686-mingw32/bin/../lib/gcc/nios2-elf/4.1.2\libgcc.a(_thenan_sf.o)
 .comment       0x00000000       0x27 c:/altera/13.0sp1/nios2eds/bin/gnu/h-i686-mingw32/bin/../lib/gcc/nios2-elf/4.1.2\libgcc.a(_usi_to_sf.o)
 .comment       0x00000000       0x27 c:/altera/13.0sp1/nios2eds/bin/gnu/h-i686-mingw32/bin/../lib/gcc/nios2-elf/4.1.2\libgcc.a(_make_df.o)
 .comment       0x00000000       0x27 c:/altera/13.0sp1/nios2eds/bin/gnu/h-i686-mingw32/bin/../lib/gcc/nios2-elf/4.1.2\libgcc.a(lib2-divmod.o)
 .comment       0x00000000       0x27 c:/altera/13.0sp1/nios2eds/bin/gnu/h-i686-mingw32/bin/../lib/gcc/nios2-elf/4.1.2\libgcc.a(_clzsi2.o)
 .comment       0x00000000       0x27 c:/altera/13.0sp1/nios2eds/bin/gnu/h-i686-mingw32/bin/../lib/gcc/nios2-elf/4.1.2\libgcc.a(_pack_sf.o)
 .comment       0x00000000       0x27 c:/altera/13.0sp1/nios2eds/bin/gnu/h-i686-mingw32/bin/../lib/gcc/nios2-elf/4.1.2\libgcc.a(_unpack_sf.o)
 .comment       0x00000000       0x27 c:/altera/13.0sp1/nios2eds/bin/gnu/h-i686-mingw32/bin/../lib/gcc/nios2-elf/4.1.2\libgcc.a(_fpcmp_parts_sf.o)
 .comment       0x00000000       0x27 c:/altera/13.0sp1/nios2eds/bin/gnu/h-i686-mingw32/bin/../lib/gcc/nios2-elf/4.1.2\libgcc.a(_pack_df.o)
 .comment       0x00000000       0x27 c:/altera/13.0sp1/nios2eds/bin/gnu/h-i686-mingw32/bin/../lib/gcc/nios2-elf/4.1.2\libgcc.a(_clz.o)
 .comment       0x00000000       0x27 c:/altera/13.0sp1/nios2eds/bin/gnu/h-i686-mingw32/bin/../lib/gcc/nios2-elf/4.1.2/../../../../nios2-elf/lib\libc.a(lib_a-printf.o)
 .comment       0x00000000       0x27 c:/altera/13.0sp1/nios2eds/bin/gnu/h-i686-mingw32/bin/../lib/gcc/nios2-elf/4.1.2/../../../../nios2-elf/lib\libc.a(lib_a-puts.o)
 .comment       0x00000000       0x27 c:/altera/13.0sp1/nios2eds/bin/gnu/h-i686-mingw32/bin/../lib/gcc/nios2-elf/4.1.2/../../../../nios2-elf/lib\libc.a(lib_a-strlen.o)
 .comment       0x00000000       0x27 c:/altera/13.0sp1/nios2eds/bin/gnu/h-i686-mingw32/bin/../lib/gcc/nios2-elf/4.1.2/../../../../nios2-elf/lib\libc.a(lib_a-vfprintf.o)
 .comment       0x00000000       0x27 c:/altera/13.0sp1/nios2eds/bin/gnu/h-i686-mingw32/bin/../lib/gcc/nios2-elf/4.1.2/../../../../nios2-elf/lib\libc.a(lib_a-wsetup.o)
 .comment       0x00000000       0x27 c:/altera/13.0sp1/nios2eds/bin/gnu/h-i686-mingw32/bin/../lib/gcc/nios2-elf/4.1.2/../../../../nios2-elf/lib\libc.a(lib_a-dtoa.o)
 .comment       0x00000000       0x27 c:/altera/13.0sp1/nios2eds/bin/gnu/h-i686-mingw32/bin/../lib/gcc/nios2-elf/4.1.2/../../../../nios2-elf/lib\libc.a(lib_a-fflush.o)
 .comment       0x00000000       0x27 c:/altera/13.0sp1/nios2eds/bin/gnu/h-i686-mingw32/bin/../lib/gcc/nios2-elf/4.1.2/../../../../nios2-elf/lib\libc.a(lib_a-findfp.o)
 .comment       0x00000000       0x27 c:/altera/13.0sp1/nios2eds/bin/gnu/h-i686-mingw32/bin/../lib/gcc/nios2-elf/4.1.2/../../../../nios2-elf/lib\libc.a(lib_a-freer.o)
 .comment       0x00000000       0x27 c:/altera/13.0sp1/nios2eds/bin/gnu/h-i686-mingw32/bin/../lib/gcc/nios2-elf/4.1.2/../../../../nios2-elf/lib\libc.a(lib_a-fvwrite.o)
 .comment       0x00000000       0x27 c:/altera/13.0sp1/nios2eds/bin/gnu/h-i686-mingw32/bin/../lib/gcc/nios2-elf/4.1.2/../../../../nios2-elf/lib\libc.a(lib_a-fwalk.o)
 .comment       0x00000000       0x27 c:/altera/13.0sp1/nios2eds/bin/gnu/h-i686-mingw32/bin/../lib/gcc/nios2-elf/4.1.2/../../../../nios2-elf/lib\libc.a(lib_a-impure.o)
 .comment       0x00000000       0x27 c:/altera/13.0sp1/nios2eds/bin/gnu/h-i686-mingw32/bin/../lib/gcc/nios2-elf/4.1.2/../../../../nios2-elf/lib\libc.a(lib_a-locale.o)
 .comment       0x00000000       0x27 c:/altera/13.0sp1/nios2eds/bin/gnu/h-i686-mingw32/bin/../lib/gcc/nios2-elf/4.1.2/../../../../nios2-elf/lib\libc.a(lib_a-makebuf.o)
 .comment       0x00000000       0x27 c:/altera/13.0sp1/nios2eds/bin/gnu/h-i686-mingw32/bin/../lib/gcc/nios2-elf/4.1.2/../../../../nios2-elf/lib\libc.a(lib_a-mallocr.o)
 .comment       0x00000000       0x27 c:/altera/13.0sp1/nios2eds/bin/gnu/h-i686-mingw32/bin/../lib/gcc/nios2-elf/4.1.2/../../../../nios2-elf/lib\libc.a(lib_a-memchr.o)
 .comment       0x00000000       0x27 c:/altera/13.0sp1/nios2eds/bin/gnu/h-i686-mingw32/bin/../lib/gcc/nios2-elf/4.1.2/../../../../nios2-elf/lib\libc.a(lib_a-memcpy.o)
 .comment       0x00000000       0x27 c:/altera/13.0sp1/nios2eds/bin/gnu/h-i686-mingw32/bin/../lib/gcc/nios2-elf/4.1.2/../../../../nios2-elf/lib\libc.a(lib_a-memmove.o)
 .comment       0x00000000       0x27 c:/altera/13.0sp1/nios2eds/bin/gnu/h-i686-mingw32/bin/../lib/gcc/nios2-elf/4.1.2/../../../../nios2-elf/lib\libc.a(lib_a-memset.o)
 .comment       0x00000000       0x27 c:/altera/13.0sp1/nios2eds/bin/gnu/h-i686-mingw32/bin/../lib/gcc/nios2-elf/4.1.2/../../../../nios2-elf/lib\libc.a(lib_a-mprec.o)
 .comment       0x00000000       0x27 c:/altera/13.0sp1/nios2eds/bin/gnu/h-i686-mingw32/bin/../lib/gcc/nios2-elf/4.1.2/../../../../nios2-elf/lib\libc.a(lib_a-reallocr.o)
 .comment       0x00000000       0x27 c:/altera/13.0sp1/nios2eds/bin/gnu/h-i686-mingw32/bin/../lib/gcc/nios2-elf/4.1.2/../../../../nios2-elf/lib\libc.a(lib_a-s_isinfd.o)
 .comment       0x00000000       0x27 c:/altera/13.0sp1/nios2eds/bin/gnu/h-i686-mingw32/bin/../lib/gcc/nios2-elf/4.1.2/../../../../nios2-elf/lib\libc.a(lib_a-s_isnand.o)
 .comment       0x00000000       0x27 c:/altera/13.0sp1/nios2eds/bin/gnu/h-i686-mingw32/bin/../lib/gcc/nios2-elf/4.1.2/../../../../nios2-elf/lib\libc.a(lib_a-sbrkr.o)
 .comment       0x00000000       0x27 c:/altera/13.0sp1/nios2eds/bin/gnu/h-i686-mingw32/bin/../lib/gcc/nios2-elf/4.1.2/../../../../nios2-elf/lib\libc.a(lib_a-stdio.o)
 .comment       0x00000000       0x27 c:/altera/13.0sp1/nios2eds/bin/gnu/h-i686-mingw32/bin/../lib/gcc/nios2-elf/4.1.2/../../../../nios2-elf/lib\libc.a(lib_a-strcmp.o)
 .comment       0x00000000       0x27 c:/altera/13.0sp1/nios2eds/bin/gnu/h-i686-mingw32/bin/../lib/gcc/nios2-elf/4.1.2/../../../../nios2-elf/lib\libc.a(lib_a-writer.o)
 .comment       0x00000000       0x27 c:/altera/13.0sp1/nios2eds/bin/gnu/h-i686-mingw32/bin/../lib/gcc/nios2-elf/4.1.2/../../../../nios2-elf/lib\libc.a(lib_a-callocr.o)
 .comment       0x00000000       0x27 c:/altera/13.0sp1/nios2eds/bin/gnu/h-i686-mingw32/bin/../lib/gcc/nios2-elf/4.1.2/../../../../nios2-elf/lib\libc.a(lib_a-closer.o)
 .comment       0x00000000       0x27 c:/altera/13.0sp1/nios2eds/bin/gnu/h-i686-mingw32/bin/../lib/gcc/nios2-elf/4.1.2/../../../../nios2-elf/lib\libc.a(lib_a-fclose.o)
 .comment       0x00000000       0x27 c:/altera/13.0sp1/nios2eds/bin/gnu/h-i686-mingw32/bin/../lib/gcc/nios2-elf/4.1.2/../../../../nios2-elf/lib\libc.a(lib_a-fstatr.o)
 .comment       0x00000000       0x27 c:/altera/13.0sp1/nios2eds/bin/gnu/h-i686-mingw32/bin/../lib/gcc/nios2-elf/4.1.2/../../../../nios2-elf/lib\libc.a(lib_a-int_errno.o)
 .comment       0x00000000       0x27 c:/altera/13.0sp1/nios2eds/bin/gnu/h-i686-mingw32/bin/../lib/gcc/nios2-elf/4.1.2/../../../../nios2-elf/lib\libc.a(lib_a-isattyr.o)
 .comment       0x00000000       0x27 c:/altera/13.0sp1/nios2eds/bin/gnu/h-i686-mingw32/bin/../lib/gcc/nios2-elf/4.1.2/../../../../nios2-elf/lib\libc.a(lib_a-lseekr.o)
 .comment       0x00000000       0x27 c:/altera/13.0sp1/nios2eds/bin/gnu/h-i686-mingw32/bin/../lib/gcc/nios2-elf/4.1.2/../../../../nios2-elf/lib\libc.a(lib_a-readr.o)
 .comment       0x00000000       0x27 c:/altera/13.0sp1/nios2eds/bin/gnu/h-i686-mingw32/bin/../lib/gcc/nios2-elf/4.1.2\libgcc.a(_udivdi3.o)
 .comment       0x00000000       0x27 c:/altera/13.0sp1/nios2eds/bin/gnu/h-i686-mingw32/bin/../lib/gcc/nios2-elf/4.1.2\libgcc.a(_umoddi3.o)
 .comment       0x00000000       0x27 c:/altera/13.0sp1/nios2eds/bin/gnu/h-i686-mingw32/bin/../lib/gcc/nios2-elf/4.1.2\libgcc.a(_addsub_df.o)
 .comment       0x00000000       0x27 c:/altera/13.0sp1/nios2eds/bin/gnu/h-i686-mingw32/bin/../lib/gcc/nios2-elf/4.1.2\libgcc.a(_mul_df.o)
 .comment       0x00000000       0x27 c:/altera/13.0sp1/nios2eds/bin/gnu/h-i686-mingw32/bin/../lib/gcc/nios2-elf/4.1.2\libgcc.a(_div_df.o)
 .comment       0x00000000       0x27 c:/altera/13.0sp1/nios2eds/bin/gnu/h-i686-mingw32/bin/../lib/gcc/nios2-elf/4.1.2\libgcc.a(_eq_df.o)
 .comment       0x00000000       0x27 c:/altera/13.0sp1/nios2eds/bin/gnu/h-i686-mingw32/bin/../lib/gcc/nios2-elf/4.1.2\libgcc.a(_ne_df.o)
 .comment       0x00000000       0x27 c:/altera/13.0sp1/nios2eds/bin/gnu/h-i686-mingw32/bin/../lib/gcc/nios2-elf/4.1.2\libgcc.a(_gt_df.o)
 .comment       0x00000000       0x27 c:/altera/13.0sp1/nios2eds/bin/gnu/h-i686-mingw32/bin/../lib/gcc/nios2-elf/4.1.2\libgcc.a(_ge_df.o)
 .comment       0x00000000       0x27 c:/altera/13.0sp1/nios2eds/bin/gnu/h-i686-mingw32/bin/../lib/gcc/nios2-elf/4.1.2\libgcc.a(_lt_df.o)
 .comment       0x00000000       0x27 c:/altera/13.0sp1/nios2eds/bin/gnu/h-i686-mingw32/bin/../lib/gcc/nios2-elf/4.1.2\libgcc.a(_si_to_df.o)
 .comment       0x00000000       0x27 c:/altera/13.0sp1/nios2eds/bin/gnu/h-i686-mingw32/bin/../lib/gcc/nios2-elf/4.1.2\libgcc.a(_df_to_si.o)
 .comment       0x00000000       0x27 c:/altera/13.0sp1/nios2eds/bin/gnu/h-i686-mingw32/bin/../lib/gcc/nios2-elf/4.1.2\libgcc.a(_thenan_df.o)
 .comment       0x00000000       0x27 c:/altera/13.0sp1/nios2eds/bin/gnu/h-i686-mingw32/bin/../lib/gcc/nios2-elf/4.1.2\libgcc.a(_usi_to_df.o)
 .comment       0x00000000       0x27 c:/altera/13.0sp1/nios2eds/bin/gnu/h-i686-mingw32/bin/../lib/gcc/nios2-elf/4.1.2\libgcc.a(_muldi3.o)
 .comment       0x00000000       0x27 c:/altera/13.0sp1/nios2eds/bin/gnu/h-i686-mingw32/bin/../lib/gcc/nios2-elf/4.1.2\libgcc.a(_unpack_df.o)
 .comment       0x00000000       0x27 c:/altera/13.0sp1/nios2eds/bin/gnu/h-i686-mingw32/bin/../lib/gcc/nios2-elf/4.1.2\libgcc.a(_fpcmp_parts_df.o)
 .comment       0x00000000       0x27 ../motor_surface_bsp/\libhal_bsp.a(alt_close.o)
 .comment       0x00000000       0x27 ../motor_surface_bsp/\libhal_bsp.a(alt_dev.o)
 .comment       0x00000000       0x27 ../motor_surface_bsp/\libhal_bsp.a(alt_errno.o)
 .comment       0x00000000       0x27 ../motor_surface_bsp/\libhal_bsp.a(alt_fstat.o)
 .comment       0x00000000       0x27 ../motor_surface_bsp/\libhal_bsp.a(alt_irq_register.o)
 .comment       0x00000000       0x27 ../motor_surface_bsp/\libhal_bsp.a(alt_irq_vars.o)
 .comment       0x00000000       0x27 ../motor_surface_bsp/\libhal_bsp.a(alt_isatty.o)
 .comment       0x00000000       0x27 ../motor_surface_bsp/\libhal_bsp.a(alt_load.o)
 .comment       0x00000000       0x27 ../motor_surface_bsp/\libhal_bsp.a(alt_lseek.o)
 .comment       0x00000000       0x27 ../motor_surface_bsp/\libhal_bsp.a(alt_main.o)
 .comment       0x00000000       0x27 ../motor_surface_bsp/\libhal_bsp.a(alt_malloc_lock.o)
 .comment       0x00000000       0x27 ../motor_surface_bsp/\libhal_bsp.a(alt_read.o)
 .comment       0x00000000       0x27 ../motor_surface_bsp/\libhal_bsp.a(alt_release_fd.o)
 .comment       0x00000000       0x27 ../motor_surface_bsp/\libhal_bsp.a(alt_sbrk.o)
 .comment       0x00000000       0x27 ../motor_surface_bsp/\libhal_bsp.a(alt_usleep.o)
 .comment       0x00000000       0x27 ../motor_surface_bsp/\libhal_bsp.a(alt_write.o)
 .comment       0x00000000       0x27 ../motor_surface_bsp/\libhal_bsp.a(alt_sys_init.o)
 .comment       0x00000000       0x27 ../motor_surface_bsp/\libhal_bsp.a(altera_avalon_epcs_flash_controller.o)
 .comment       0x00000000       0x27 ../motor_surface_bsp/\libhal_bsp.a(altera_avalon_jtag_uart_fd.o)
 .comment       0x00000000       0x27 ../motor_surface_bsp/\libhal_bsp.a(altera_avalon_jtag_uart_init.o)
 .comment       0x00000000       0x27 ../motor_surface_bsp/\libhal_bsp.a(altera_avalon_jtag_uart_ioctl.o)
 .comment       0x00000000       0x27 ../motor_surface_bsp/\libhal_bsp.a(altera_avalon_jtag_uart_read.o)
 .comment       0x00000000       0x27 ../motor_surface_bsp/\libhal_bsp.a(altera_avalon_jtag_uart_write.o)
 .comment       0x00000000       0x27 ../motor_surface_bsp/\libhal_bsp.a(altera_avalon_timer_vars.o)
 .comment       0x00000000       0x27 ../motor_surface_bsp/\libhal_bsp.a(altera_avalon_uart_fd.o)
 .comment       0x00000000       0x27 ../motor_surface_bsp/\libhal_bsp.a(altera_avalon_uart_init.o)