------------------------------------------------------------
TimeQuest Timing Analyzer Summary
------------------------------------------------------------

Type  : Slow 1200mV 85C Model Setup 'u_spipll|altpll_component|auto_generated|pll1|clk[0]'
Slack : 14.477
TNS   : 0.000

Type  : Slow 1200mV 85C Model Setup 'CLOCK_50'
Slack : 16.513
TNS   : 0.000

Type  : Slow 1200mV 85C Model Hold 'CLOCK_50'
Slack : 0.358
TNS   : 0.000

Type  : Slow 1200mV 85C Model Hold 'u_spipll|altpll_component|auto_generated|pll1|clk[0]'
Slack : 0.358
TNS   : 0.000

Type  : Slow 1200mV 85C Model Recovery 'u_spipll|altpll_component|auto_generated|pll1|clk[0]'
Slack : 15.672
TNS   : 0.000

Type  : Slow 1200mV 85C Model Recovery 'CLOCK_50'
Slack : 17.829
TNS   : 0.000

Type  : Slow 1200mV 85C Model Removal 'CLOCK_50'
Slack : 1.522
TNS   : 0.000

Type  : Slow 1200mV 85C Model Removal 'u_spipll|altpll_component|auto_generated|pll1|clk[0]'
Slack : 3.329
TNS   : 0.000

Type  : Slow 1200mV 85C Model Minimum Pulse Width 'CLOCK_50'
Slack : 9.596
TNS   : 0.000

Type  : Slow 1200mV 85C Model Minimum Pulse Width 'u_spipll|altpll_component|auto_generated|pll1|clk[0]'
Slack : 249.747
TNS   : 0.000

Type  : Slow 1200mV 0C Model Setup 'u_spipll|altpll_component|auto_generated|pll1|clk[0]'
Slack : 15.042
TNS   : 0.000

Type  : Slow 1200mV 0C Model Setup 'CLOCK_50'
Slack : 16.905
TNS   : 0.000

Type  : Slow 1200mV 0C Model Hold 'CLOCK_50'
Slack : 0.311
TNS   : 0.000

Type  : Slow 1200mV 0C Model Hold 'u_spipll|altpll_component|auto_generated|pll1|clk[0]'
Slack : 0.311
TNS   : 0.000

Type  : Slow 1200mV 0C Model Recovery 'u_spipll|altpll_component|auto_generated|pll1|clk[0]'
Slack : 16.184
TNS   : 0.000

Type  : Slow 1200mV 0C Model Recovery 'CLOCK_50'
Slack : 18.076
TNS   : 0.000

Type  : Slow 1200mV 0C Model Removal 'CLOCK_50'
Slack : 1.386
TNS   : 0.000

Type  : Slow 1200mV 0C Model Removal 'u_spipll|altpll_component|auto_generated|pll1|clk[0]'
Slack : 2.956
TNS   : 0.000

Type  : Slow 1200mV 0C Model Minimum Pulse Width 'CLOCK_50'
Slack : 9.596
TNS   : 0.000

Type  : Slow 1200mV 0C Model Minimum Pulse Width 'u_spipll|altpll_component|auto_generated|pll1|clk[0]'
Slack : 249.743
TNS   : 0.000

Type  : Fast 1200mV 0C Model Setup 'u_spipll|altpll_component|auto_generated|pll1|clk[0]'
Slack : 16.731
TNS   : 0.000

Type  : Fast 1200mV 0C Model Setup 'CLOCK_50'
Slack : 18.009
TNS   : 0.000

Type  : Fast 1200mV 0C Model Hold 'CLOCK_50'
Slack : 0.187
TNS   : 0.000

Type  : Fast 1200mV 0C Model Hold 'u_spipll|altpll_component|auto_generated|pll1|clk[0]'
Slack : 0.187
TNS   : 0.000

Type  : Fast 1200mV 0C Model Recovery 'u_spipll|altpll_component|auto_generated|pll1|clk[0]'
Slack : 17.412
TNS   : 0.000

Type  : Fast 1200mV 0C Model Recovery 'CLOCK_50'
Slack : 18.729
TNS   : 0.000

Type  : Fast 1200mV 0C Model Removal 'CLOCK_50'
Slack : 0.834
TNS   : 0.000

Type  : Fast 1200mV 0C Model Removal 'u_spipll|altpll_component|auto_generated|pll1|clk[0]'
Slack : 1.842
TNS   : 0.000

Type  : Fast 1200mV 0C Model Minimum Pulse Width 'CLOCK_50'
Slack : 9.273
TNS   : 0.000

Type  : Fast 1200mV 0C Model Minimum Pulse Width 'u_spipll|altpll_component|auto_generated|pll1|clk[0]'
Slack : 249.781
TNS   : 0.000

------------------------------------------------------------
