Archive member included because of file (symbol)

c:/altera/13.0sp1/nios2eds/bin/gnu/h-i686-mingw32/bin/../lib/gcc/nios2-elf/4.1.2\libgcc.a(_fixunssfsi.o)
                              obj/default/syslib/timer/timer.o (__fixunssfsi)
c:/altera/13.0sp1/nios2eds/bin/gnu/h-i686-mingw32/bin/../lib/gcc/nios2-elf/4.1.2\libgcc.a(_addsub_sf.o)
                              c:/altera/13.0sp1/nios2eds/bin/gnu/h-i686-mingw32/bin/../lib/gcc/nios2-elf/4.1.2\libgcc.a(_fixunssfsi.o) (__subsf3)
c:/altera/13.0sp1/nios2eds/bin/gnu/h-i686-mingw32/bin/../lib/gcc/nios2-elf/4.1.2\libgcc.a(_eq_sf.o)
                              obj/default/syslib/controller/pid.o (__eqsf2)
c:/altera/13.0sp1/nios2eds/bin/gnu/h-i686-mingw32/bin/../lib/gcc/nios2-elf/4.1.2\libgcc.a(_gt_sf.o)
                              obj/default/NiosProcess.o (__gtsf2)
c:/altera/13.0sp1/nios2eds/bin/gnu/h-i686-mingw32/bin/../lib/gcc/nios2-elf/4.1.2\libgcc.a(_ge_sf.o)
                              c:/altera/13.0sp1/nios2eds/bin/gnu/h-i686-mingw32/bin/../lib/gcc/nios2-elf/4.1.2\libgcc.a(_fixunssfsi.o) (__gesf2)
c:/altera/13.0sp1/nios2eds/bin/gnu/h-i686-mingw32/bin/../lib/gcc/nios2-elf/4.1.2\libgcc.a(_lt_sf.o)
                              obj/default/syslib/controller/pid.o (__ltsf2)
c:/altera/13.0sp1/nios2eds/bin/gnu/h-i686-mingw32/bin/../lib/gcc/nios2-elf/4.1.2\libgcc.a(_sf_to_si.o)
                              obj/default/syslib/controller/pid.o (__fixsfsi)
c:/altera/13.0sp1/nios2eds/bin/gnu/h-i686-mingw32/bin/../lib/gcc/nios2-elf/4.1.2\libgcc.a(_thenan_sf.o)
                              c:/altera/13.0sp1/nios2eds/bin/gnu/h-i686-mingw32/bin/../lib/gcc/nios2-elf/4.1.2\libgcc.a(_addsub_sf.o) (__thenan_sf)
c:/altera/13.0sp1/nios2eds/bin/gnu/h-i686-mingw32/bin/../lib/gcc/nios2-elf/4.1.2\libgcc.a(_usi_to_sf.o)
                              obj/default/NiosProcess.o (__floatunsisf)
c:/altera/13.0sp1/nios2eds/bin/gnu/h-i686-mingw32/bin/../lib/gcc/nios2-elf/4.1.2\libgcc.a(lib2-divmod.o)
                              obj/default/NiosProcess.o (__udivsi3)
c:/altera/13.0sp1/nios2eds/bin/gnu/h-i686-mingw32/bin/../lib/gcc/nios2-elf/4.1.2\libgcc.a(_clzsi2.o)
                              c:/altera/13.0sp1/nios2eds/bin/gnu/h-i686-mingw32/bin/../lib/gcc/nios2-elf/4.1.2\libgcc.a(_usi_to_sf.o) (__clzsi2)
c:/altera/13.0sp1/nios2eds/bin/gnu/h-i686-mingw32/bin/../lib/gcc/nios2-elf/4.1.2\libgcc.a(_pack_sf.o)
                              c:/altera/13.0sp1/nios2eds/bin/gnu/h-i686-mingw32/bin/../lib/gcc/nios2-elf/4.1.2\libgcc.a(_addsub_sf.o) (__pack_f)
c:/altera/13.0sp1/nios2eds/bin/gnu/h-i686-mingw32/bin/../lib/gcc/nios2-elf/4.1.2\libgcc.a(_unpack_sf.o)
                              c:/altera/13.0sp1/nios2eds/bin/gnu/h-i686-mingw32/bin/../lib/gcc/nios2-elf/4.1.2\libgcc.a(_addsub_sf.o) (__unpack_f)
c:/altera/13.0sp1/nios2eds/bin/gnu/h-i686-mingw32/bin/../lib/gcc/nios2-elf/4.1.2\libgcc.a(_fpcmp_parts_sf.o)
                              c:/altera/13.0sp1/nios2eds/bin/gnu/h-i686-mingw32/bin/../lib/gcc/nios2-elf/4.1.2\libgcc.a(_eq_sf.o) (__fpcmp_parts_f)
c:/altera/13.0sp1/nios2eds/bin/gnu/h-i686-mingw32/bin/../lib/gcc/nios2-elf/4.1.2\libgcc.a(_clz.o)
                              c:/altera/13.0sp1/nios2eds/bin/gnu/h-i686-mingw32/bin/../lib/gcc/nios2-elf/4.1.2\libgcc.a(_clzsi2.o) (__clz_tab)
c:/altera/13.0sp1/nios2eds/bin/gnu/h-i686-mingw32/bin/../lib/gcc/nios2-elf/4.1.2/../../../../nios2-elf/lib\libc.a(lib_a-fclose.o)
                              obj/default/syslib/log/log.o (fclose)
c:/altera/13.0sp1/nios2eds/bin/gnu/h-i686-mingw32/bin/../lib/gcc/nios2-elf/4.1.2/../../../../nios2-elf/lib\libc.a(lib_a-fflush.o)
                              c:/altera/13.0sp1/nios2eds/bin/gnu/h-i686-mingw32/bin/../lib/gcc/nios2-elf/4.1.2/../../../../nios2-elf/lib\libc.a(lib_a-fclose.o) (_fflush_r)
c:/altera/13.0sp1/nios2eds/bin/gnu/h-i686-mingw32/bin/../lib/gcc/nios2-elf/4.1.2/../../../../nios2-elf/lib\libc.a(lib_a-findfp.o)
                              c:/altera/13.0sp1/nios2eds/bin/gnu/h-i686-mingw32/bin/../lib/gcc/nios2-elf/4.1.2/../../../../nios2-elf/lib\libc.a(lib_a-fclose.o) (__sfp_lock_acquire)
c:/altera/13.0sp1/nios2eds/bin/gnu/h-i686-mingw32/bin/../lib/gcc/nios2-elf/4.1.2/../../../../nios2-elf/lib\libc.a(lib_a-fopen.o)
                              obj/default/syslib/log/log.o (fopen)
c:/altera/13.0sp1/nios2eds/bin/gnu/h-i686-mingw32/bin/../lib/gcc/nios2-elf/4.1.2/../../../../nios2-elf/lib\libc.a(lib_a-fprintf.o)
                              obj/default/syslib/log/log.o (fprintf)
c:/altera/13.0sp1/nios2eds/bin/gnu/h-i686-mingw32/bin/../lib/gcc/nios2-elf/4.1.2/../../../../nios2-elf/lib\libc.a(lib_a-freer.o)
                              c:/altera/13.0sp1/nios2eds/bin/gnu/h-i686-mingw32/bin/../lib/gcc/nios2-elf/4.1.2/../../../../nios2-elf/lib\libc.a(lib_a-fclose.o) (_free_r)
c:/altera/13.0sp1/nios2eds/bin/gnu/h-i686-mingw32/bin/../lib/gcc/nios2-elf/4.1.2/../../../../nios2-elf/lib\libc.a(lib_a-fseek.o)
[...]
Memory Configuration

Name             Origin             Length             Attributes
reset            0x00000000         0x00000020
epcs_controlle   0x00000020         0x000007e0
sdram_0          0x04000000         0x02000000
*default*        0x00000000         0xffffffff

Linker script and memory map

LOAD ../motor_surface0629_bsp//obj/HAL/src/crt0.o
LOAD obj/default/NiosProcess.o
LOAD obj/default/main.o
LOAD obj/default/syslib/IMU/imu.o
LOAD obj/default/syslib/controller/pid.o
LOAD obj/default/syslib/debug.o
LOAD obj/default/syslib/log/log.o
LOAD obj/default/syslib/motor/motordriver.o
LOAD obj/default/syslib/timer/timer.o
LOAD obj/default/syslib/uart/uart.o
LOAD c:/altera/13.0sp1/nios2eds/bin/gnu/h-i686-mingw32/bin/../lib/gcc/nios2-elf/4.1.2/../../../../nios2-elf/lib\libstdc++.a
LOAD c:/altera/13.0sp1/nios2eds/bin/gnu/h-i686-mingw32/bin/../lib/gcc/nios2-elf/4.1.2/../../../../nios2-elf/lib\libm.a
LOAD c:/altera/13.0sp1/nios2eds/bin/gnu/h-i686-mingw32/bin/../lib/gcc/nios2-elf/4.1.2\libgcc.a
START GROUP
LOAD c:/altera/13.0sp1/nios2eds/bin/gnu/h-i686-mingw32/bin/../lib/gcc/nios2-elf/4.1.2/../../../../nios2-elf/lib\libc.a
LOAD c:/altera/13.0sp1/nios2eds/bin/gnu/h-i686-mingw32/bin/../lib/gcc/nios2-elf/4.1.2\libgcc.a
LOAD ../motor_surface0629_bsp/\libhal_bsp.a
END GROUP
LOAD c:/altera/13.0sp1/nios2eds/bin/gnu/h-i686-mingw32/bin/../lib/gcc/nios2-elf/4.1.2\libgcc.a
                0x00000000                __alt_mem_epcs_controlle = 0x0
                0x04000000                __alt_mem_sdram_0 = 0x4000000

.entry          0x00000000        0x0
 *(.entry)
 .entry         0x00000000        0x0 ../motor_surface0629_bsp//obj/HAL/src/crt0.o
                0x00000000                __reset

.exceptions     0x04000000      0x194
                0x04000000                PROVIDE (__ram_exceptions_start, ABSOLUTE (.))
                0x04000000                . = ALIGN (0x20)
 *(.irq)
 *(.exceptions.entry.label)
 .exceptions.entry.label
                0x04000000        0x0 ../motor_surface0629_bsp/\libhal_bsp.a(alt_irq_entry.o)
                0x04000000                alt_irq_entry
 .exceptions.entry.label
                0x04000000        0x0 ../motor_surface0629_bsp/\libhal_bsp.a(alt_exception_entry.o)
                0x04000000                alt_exception
 *(.exceptions.entry.user)
 *(.exceptions.entry)
 .exceptions.entry
                0x04000000       0x54 ../motor_surface0629_bsp/\libhal_bsp.a(alt_exception_entry.o)
 *(.exceptions.irqtest.user)
 *(.exceptions.irqtest)
 .exceptions.irqtest
                0x04000054       0x10 ../motor_surface0629_bsp/\libhal_bsp.a(alt_irq_entry.o)
 *(.exceptions.irqhandler.user)
 *(.exceptions.irqhandler)
 .exceptions.irqhandler
                0x04000064        0x4 ../motor_surface0629_bsp/\libhal_bsp.a(alt_irq_entry.o)
 *(.exceptions.irqreturn.user)
 *(.exceptions.irqreturn)
 .exceptions.irqreturn
                0x04000068        0x4 ../motor_surface0629_bsp/\libhal_bsp.a(alt_irq_entry.o)
 *(.exceptions.notirq.label)
 .exceptions.notirq.label
                0x0400006c        0x0 ../motor_surface0629_bsp/\libhal_bsp.a(alt_irq_entry.o)
 *(.exceptions.notirq.user)
 *(.exceptions.notirq)
 .exceptions.notirq
                0x0400006c        0x8 ../motor_surface0629_bsp/\libhal_bsp.a(alt_exception_entry.o)
 *(.exceptions.soft.user)
 *(.exceptions.soft)
 *(.exceptions.unknown.user)
 *(.exceptions.unknown)
 .exceptions.unknown
                0x04000074        0x4 ../motor_surface0629_bsp/\libhal_bsp.a(alt_exception_entry.o)
 *(.exceptions.exit.label)
 .exceptions.exit.label
                0x04000078        0x0 ../motor_surface0629_bsp/\libhal_bsp.a(alt_irq_entry.o)
 .exceptions.exit.label
                0x04000078        0x0 ../motor_surface0629_bsp/\libhal_bsp.a(alt_exception_entry.o)
 *(.exceptions.exit.user)
 *(.exceptions.exit)
 .exceptions.exit
                0x04000078       0x54 ../motor_surface0629_bsp/\libhal_bsp.a(alt_exception_entry.o)
 *(.exceptions)
 .exceptions    0x040000cc       0xc8 ../motor_surface0629_bsp/\libhal_bsp.a(alt_irq_handler.o)
                0x040000cc                alt_irq_handler
                0x04000194                PROVIDE (__ram_exceptions_end, ABSOLUTE (.))
                0x04000000                PROVIDE (__flash_exceptions_start, LOADADDR (.exceptions))

.text           0x04000194    0x15b54
                0x04000194                PROVIDE (stext, ABSOLUTE (.))
 *(.interp)
 *(.hash)
 *(.dynsym)
 *(.dynstr)
 *(.gnu.version)
 *(.gnu.version_d)
 *(.gnu.version_r)
 *(.rel.init)
 *(.rela.init)
 *(.rel.text .rel.text.* .rel.gnu.linkonce.t.*)
 *(.rela.text .rela.text.* .rela.gnu.linkonce.t.*)
 *(.rel.fini)
 *(.rela.fini)
 *(.rel.rodata .rel.rodata.* .rel.gnu.linkonce.r.*)
 *(.rela.rodata .rela.rodata.* .rela.gnu.linkonce.r.*)
 *(.rel.data .rel.data.* .rel.gnu.linkonce.d.*)
 *(.rela.data .rela.data.* .rela.gnu.linkonce.d.*)
 *(.rel.tdata .rel.tdata.* .rel.gnu.linkonce.td.*)
 *(.rela.tdata .rela.tdata.* .rela.gnu.linkonce.td.*)
 *(.rel.tbss .rel.tbss.* .rel.gnu.linkonce.tb.*)
 *(.rela.tbss .rela.tbss.* .rela.gnu.linkonce.tb.*)
 *(.rel.ctors)
 *(.rela.ctors)
 *(.rel.dtors)
 *(.rela.dtors)
 *(.rel.got)
 *(.rela.got)
 *(.rel.sdata .rel.sdata.* .rel.gnu.linkonce.s.*)
 *(.rela.sdata .rela.sdata.* .rela.gnu.linkonce.s.*)
 *(.rel.sbss .rel.sbss.* .rel.gnu.linkonce.sb.*)
 *(.rela.sbss .rela.sbss.* .rela.gnu.linkonce.sb.*)
 *(.rel.sdata2 .rel.sdata2.* .rel.gnu.linkonce.s2.*)
 *(.rela.sdata2 .rela.sdata2.* .rela.gnu.linkonce.s2.*)
 *(.rel.sbss2 .rel.sbss2.* .rel.gnu.linkonce.sb2.*)
 *(.rela.sbss2 .rela.sbss2.* .rela.gnu.linkonce.sb2.*)
 *(.rel.bss .rel.bss.* .rel.gnu.linkonce.b.*)
 *(.rela.bss .rela.bss.* .rela.gnu.linkonce.b.*)
 *(.rel.plt)
 *(.rela.plt)
 *(.rel.dyn)
 *(.init)
 *(.plt)
 *(.text .stub .text.* .gnu.linkonce.t.*)
 .text          0x04000194       0x4c ../motor_surface0629_bsp//obj/HAL/src/crt0.o
                0x04000194                _start
 .text          0x040001e0     0x2148 obj/default/NiosProcess.o
                0x040001e0                NiosProcessMain
                0x0400027c                Thread_ReadSensor
                0x040002e0                Thread_UpdataHostCmd
                0x040003d4                Thread_Controller
                0x04000978                Thread1
                0x040009b0                Thread2
                0x040009f8                status_report
                0x04000a44                UnpackHostPackage
                0x04000c84                UnPackUartDataFromHost
                0x04000ddc                UarTxCrcCal
                0x04000e5c                UarRxCrcCal
                0x04000edc                UartTxbufProcess
                0x04000fc0                UartRxbufProcess
                0x0400116c                PackUartDataToHost
                0x0400211c                ShowStatusLed
                0x040021b0                SelfCircleRunTest
                0x040022e0                TimeDely
 .text          0x04002328      0x204 obj/default/main.o
                0x04002328                InitSystem
                0x04002408                testtest
                0x040024dc                main
 .text          0x0400252c      0x284 obj/default/syslib/IMU/imu.o
                0x0400252c                ReadIMU
 .text          0x040027b0      0x398 obj/default/syslib/controller/pid.o
                0x040027b0                PIDinit
                0x04002850                PIDctrl
 .text          0x04002b48       0xc0 obj/default/syslib/debug.o
                0x04002b48                DebugPrintf
                0x04002bb4                ShowDebugMesspage
 .text          0x04002c08      0x7d0 obj/default/syslib/log/log.o
                0x04002c08                log_set_level
                0x04002c4c                log_p
                0x04002f64                file_write
                0x04003038                log_write_file
                0x04003080                log_to_file
                0x040033bc                log_init
 .text          0x040033d8      0xdfc obj/default/syslib/motor/motordriver.o
                0x040033d8                InitMotorValue
                0x040035b8                MotorDriverInit
                0x04003654                MotorTestFun
                0x040036e8                Send4XwheelPwm
                0x040037a4                Send4XwheelDir
                0x0400381c                Send2XMotorDriverEnable
                0x040038c0                Send4XClrMotorEncoder
                0x040039e4                ClearMotorSensorFifo
                0x04003a34                Read4XMotorDir
                0x04003ab8                Read4XMotorEncoder
                0x04003b18                Read4XMotorSpeed
                0x04003d68                Read4XMotorSensor
 .text          0x040041d4      0x2a4 obj/default/syslib/timer/timer.o
                0x040041d4                DoEnableTimerInterrupt
                0x040042b4                DoDisableTimerInterrupt
                0x04004300                TimerISRInitial
                0x04004390                SetLed
                0x0400440c                TimerISR
 .text          0x04004478      0x270 obj/default/syslib/uart/uart.o
                0x04004478                SendUart
                0x04004514                DoEnableUartInterrupt
                0x0400458c                DoDisableUartInterrupt
                0x040045d8                UartISRInitial
                0x04004674                UartISR
 .text          0x040046e8       0x70 c:/altera/13.0sp1/nios2eds/bin/gnu/h-i686-mingw32/bin/../lib/gcc/nios2-elf/4.1.2\libgcc.a(_fixunssfsi.o)
                0x040046e8                __fixunssfsi
 .text          0x04004758      0x2b8 c:/altera/13.0sp1/nios2eds/bin/gnu/h-i686-mingw32/bin/../lib/gcc/nios2-elf/4.1.2\libgcc.a(_addsub_sf.o)
                0x0400493c                __subsf3
                0x040049ac                __addsf3
 .text          0x04004a10       0x78 c:/altera/13.0sp1/nios2eds/bin/gnu/h-i686-mingw32/bin/../lib/gcc/nios2-elf/4.1.2\libgcc.a(_eq_sf.o)
                0x04004a10                __eqsf2
 .text          0x04004a88       0x78 c:/altera/13.0sp1/nios2eds/bin/gnu/h-i686-mingw32/bin/../lib/gcc/nios2-elf/4.1.2\libgcc.a(_gt_sf.o)
                0x04004a88                __gtsf2
 .text          0x04004b00       0x78 c:/altera/13.0sp1/nios2eds/bin/gnu/h-i686-mingw32/bin/../lib/gcc/nios2-elf/4.1.2\libgcc.a(_ge_sf.o)
                0x04004b00                __gesf2
 .text          0x04004b78       0x78 c:/altera/13.0sp1/nios2eds/bin/gnu/h-i686-mingw32/bin/../lib/gcc/nios2-elf/4.1.2\libgcc.a(_lt_sf.o)
                0x04004b78                __ltsf2
 .text          0x04004bf0       0x94 c:/altera/13.0sp1/nios2eds/bin/gnu/h-i686-mingw32/bin/../lib/gcc/nios2-elf/4.1.2\libgcc.a(_sf_to_si.o)
                0x04004bf0                __fixsfsi
 .text          0x04004c84        0x0 c:/altera/13.0sp1/nios2eds/bin/gnu/h-i686-mingw32/bin/../lib/gcc/nios2-elf/4.1.2\libgcc.a(_thenan_sf.o)
 .text          0x04004c84       0xc0 c:/altera/13.0sp1/nios2eds/bin/gnu/h-i686-mingw32/bin/../lib/gcc/nios2-elf/4.1.2\libgcc.a(_usi_to_sf.o)
                0x04004c84                __floatunsisf
 .text          0x04004d44      0x14c c:/altera/13.0sp1/nios2eds/bin/gnu/h-i686-mingw32/bin/../lib/gcc/nios2-elf/4.1.2\libgcc.a(lib2-divmod.o)
                0x04004dc0                __divsi3
                0x04004e20                __modsi3
                0x04004e80                __udivsi3
                0x04004e88                __umodsi3
 .text          0x04004e90       0x80 c:/altera/13.0sp1/nios2eds/bin/gnu/h-i686-mingw32/bin/../lib/gcc/nios2-elf/4.1.2\libgcc.a(_clzsi2.o)
                0x04004e90                __clzsi2
 .text          0x04004f10      0x160 c:/altera/13.0sp1/nios2eds/bin/gnu/h-i686-mingw32/bin/../lib/gcc/nios2-elf/4.1.2\libgcc.a(_pack_sf.o)
                0x04004f10                __pack_f
 .text          0x04005070       0xc8 c:/altera/13.0sp1/nios2eds/bin/gnu/h-i686-mingw32/bin/../lib/gcc/nios2-elf/4.1.2\libgcc.a(_unpack_sf.o)
                0x04005070                __unpack_f
 .text          0x04005138       0xa8 c:/altera/13.0sp1/nios2eds/bin/gnu/h-i686-mingw32/bin/../lib/gcc/nios2-elf/4.1.2\libgcc.a(_fpcmp_parts_sf.o)
                0x04005138                __fpcmp_parts_f
 .text          0x040051e0        0x0 c:/altera/13.0sp1/nios2eds/bin/gnu/h-i686-mingw32/bin/../lib/gcc/nios2-elf/4.1.2\libgcc.a(_clz.o)
 .text          0x040051e0      0x124 c:/altera/13.0sp1/nios2eds/bin/gnu/h-i686-mingw32/bin/../lib/gcc/nios2-elf/4.1.2/../../../../nios2-elf/lib\libc.a(lib_a-fclose.o)
                0x040051e0                _fclose_r
                0x040052f0                fclose
 .text          0x04005304      0x230 c:/altera/13.0sp1/nios2eds/bin/gnu/h-i686-mingw32/bin/../lib/gcc/nios2-elf/4.1.2/../../../../nios2-elf/lib\libc.a(lib_a-fflush.o)
                0x04005304                _fflush_r
                0x04005500                fflush
 .text          0x04005534      0x2c0 c:/altera/13.0sp1/nios2eds/bin/gnu/h-i686-mingw32/bin/../lib/gcc/nios2-elf/4.1.2/../../../../nios2-elf/lib\libc.a(lib_a-findfp.o)
                0x0400558c                __sfp_lock_acquire
                0x04005590                __sfp_lock_release
                0x04005594                __sinit_lock_acquire
                0x04005598                __sinit_lock_release
                0x0400559c                __sinit
                0x04005650                __fp_unlock_all
                0x04005668                __fp_lock_all
                0x04005680                _cleanup_r
                0x0400568c                _cleanup
                0x0400569c                __sfmoreglue
                0x04005704                __sfp
 .text          0x040057f4      0x110 c:/altera/13.0sp1/nios2eds/bin/gnu/h-i686-mingw32/bin/../lib/gcc/nios2-elf/4.1.2/../../../../nios2-elf/lib\libc.a(lib_a-fopen.o)
                0x040057f4                _fopen_r
                0x040058e8                fopen
 .text          0x04005904       0x60 c:/altera/13.0sp1/nios2eds/bin/gnu/h-i686-mingw32/bin/../lib/gcc/nios2-elf/4.1.2/../../../../nios2-elf/lib\libc.a(lib_a-fprintf.o)
                0x04005904                fprintf
                0x04005930                _fprintf_r
 .text          0x04005964      0x440 c:/altera/13.0sp1/nios2eds/bin/gnu/h-i686-mingw32/bin/../lib/gcc/nios2-elf/4.1.2/../../../../nios2-elf/lib\libc.a(lib_a-freer.o)
                0x04005964                _malloc_trim_r
                0x04005a90                _free_r
 .text          0x04005da4      0x460 c:/altera/13.0sp1/nios2eds/bin/gnu/h-i686-mingw32/bin/../lib/gcc/nios2-elf/4.1.2/../../../../nios2-elf/lib\libc.a(lib_a-fseek.o)
                0x04005da4                _fseek_r
                0x040061e0                fseek
 .text          0x04006204       0x74 c:/altera/13.0sp1/nios2eds/bin/gnu/h-i686-mingw32/bin/../lib/gcc/nios2-elf/4.1.2/../../../../nios2-elf/lib\libc.a(lib_a-fstatr.o)
                0x04006204                _fstat_r
 .text          0x04006278      0x180 c:/altera/13.0sp1/nios2eds/bin/gnu/h-i686-mingw32/bin/../lib/gcc/nios2-elf/4.1.2/../../../../nios2-elf/lib\libc.a(lib_a-fwalk.o)
                0x04006278                _fwalk_reent
                0x04006340                _fwalk
 .text          0x040063f8       0xdc c:/altera/13.0sp1/nios2eds/bin/gnu/h-i686-mingw32/bin/../lib/gcc/nios2-elf/4.1.2/../../../../nios2-elf/lib\libc.a(lib_a-fwrite.o)
                0x040063f8                _fwrite_r
                0x04006494                fwrite
 .text          0x040064d4        0x0 c:/altera/13.0sp1/nios2eds/bin/gnu/h-i686-mingw32/bin/../lib/gcc/nios2-elf/4.1.2/../../../../nios2-elf/lib\libc.a(lib_a-impure.o)
 .text          0x040064d4        0x0 c:/altera/13.0sp1/nios2eds/bin/gnu/h-i686-mingw32/bin/../lib/gcc/nios2-elf/4.1.2/../../../../nios2-elf/lib\libc.a(lib_a-int_errno.o)
 .text          0x040064d4      0x194 c:/altera/13.0sp1/nios2eds/bin/gnu/h-i686-mingw32/bin/../lib/gcc/nios2-elf/4.1.2/../../../../nios2-elf/lib\libc.a(lib_a-makebuf.o)
                0x040064d4                __smakebuf_r
 .text          0x04006668      0x740 c:/altera/13.0sp1/nios2eds/bin/gnu/h-i686-mingw32/bin/../lib/gcc/nios2-elf/4.1.2/../../../../nios2-elf/lib\libc.a(lib_a-mallocr.o)
                0x04006668                _malloc_r
 .text          0x04006da8       0x98 c:/altera/13.0sp1/nios2eds/bin/gnu/h-i686-mingw32/bin/../lib/gcc/nios2-elf/4.1.2/../../../../nios2-elf/lib\libc.a(lib_a-memset.o)
                0x04006da8                memset
 .text          0x04006e40       0x78 c:/altera/13.0sp1/nios2eds/bin/gnu/h-i686-mingw32/bin/../lib/gcc/nios2-elf/4.1.2/../../../../nios2-elf/lib\libc.a(lib_a-openr.o)
                0x04006e40                _open_r
 .text          0x04006eb8       0x80 c:/altera/13.0sp1/nios2eds/bin/gnu/h-i686-mingw32/bin/../lib/gcc/nios2-elf/4.1.2/../../../../nios2-elf/lib\libc.a(lib_a-perror.o)
                0x04006eb8                _perror_r
                0x04006f24                perror
 .text          0x04006f38       0x78 c:/altera/13.0sp1/nios2eds/bin/gnu/h-i686-mingw32/bin/../lib/gcc/nios2-elf/4.1.2/../../../../nios2-elf/lib\libc.a(lib_a-printf.o)
                0x04006f38                printf
                0x04006f7c                _printf_r
 .text          0x04006fb0       0xb4 c:/altera/13.0sp1/nios2eds/bin/gnu/h-i686-mingw32/bin/../lib/gcc/nios2-elf/4.1.2/../../../../nios2-elf/lib\libc.a(lib_a-puts.o)
                0x04006fb0                _puts_r
                0x04007050                puts
 .text          0x04007064      0x1e0 c:/altera/13.0sp1/nios2eds/bin/gnu/h-i686-mingw32/bin/../lib/gcc/nios2-elf/4.1.2/../../../../nios2-elf/lib\libc.a(lib_a-refill.o)
                0x04007064                __srefill_r
 .text          0x04007244       0x70 c:/altera/13.0sp1/nios2eds/bin/gnu/h-i686-mingw32/bin/../lib/gcc/nios2-elf/4.1.2/../../../../nios2-elf/lib\libc.a(lib_a-sbrkr.o)
                0x04007244                _sbrk_r
 .text          0x040072b4      0x170 c:/altera/13.0sp1/nios2eds/bin/gnu/h-i686-mingw32/bin/../lib/gcc/nios2-elf/4.1.2/../../../../nios2-elf/lib\libc.a(lib_a-snprintf.o)
                0x040072b4                snprintf
                0x04007370                _snprintf_r
 .text          0x04007424       0xd4 c:/altera/13.0sp1/nios2eds/bin/gnu/h-i686-mingw32/bin/../lib/gcc/nios2-elf/4.1.2/../../../../nios2-elf/lib\libc.a(lib_a-sprintf.o)
                0x04007424                sprintf
                0x04007498                _sprintf_r
 .text          0x040074f8      0x14c c:/altera/13.0sp1/nios2eds/bin/gnu/h-i686-mingw32/bin/../lib/gcc/nios2-elf/4.1.2/../../../../nios2-elf/lib\libc.a(lib_a-stdio.o)
                0x040074f8                __sclose
                0x04007500                __sseek
                0x04007568                __swrite
                0x040075e4                __sread
 .text          0x04007644      0x674 c:/altera/13.0sp1/nios2eds/bin/gnu/h-i686-mingw32/bin/../lib/gcc/nios2-elf/4.1.2/../../../../nios2-elf/lib\libc.a(lib_a-strerror.o)
                0x04007644                strerror
 .text          0x04007cb8       0x74 c:/altera/13.0sp1/nios2eds/bin/gnu/h-i686-mingw32/bin/../lib/gcc/nios2-elf/4.1.2/../../../../nios2-elf/lib\libc.a(lib_a-strlen.o)
                0x04007cb8                strlen
 .text          0x04007d2c        0x8 c:/altera/13.0sp1/nios2eds/bin/gnu/h-i686-mingw32/bin/../lib/gcc/nios2-elf/4.1.2/../../../../nios2-elf/lib\libc.a(lib_a-u_strerr.o)
                0x04007d2c                _user_strerror
 .text          0x04007d34     0x1f28 c:/altera/13.0sp1/nios2eds/bin/gnu/h-i686-mingw32/bin/../lib/gcc/nios2-elf/4.1.2/../../../../nios2-elf/lib\libc.a(lib_a-vfprintf.o)
                0x04007d8c                ___vfprintf_internal_r
                0x04009c38                __vfprintf_internal
 .text          0x04009c5c        0x4 c:/altera/13.0sp1/nios2eds/bin/gnu/h-i686-mingw32/bin/../lib/gcc/nios2-elf/4.1.2/../../../../nios2-elf/lib\libc.a(lib_a-vfprintf_1.o)
                0x04009c5c                vfprintf
 .text          0x04009c60       0xf4 c:/altera/13.0sp1/nios2eds/bin/gnu/h-i686-mingw32/bin/../lib/gcc/nios2-elf/4.1.2/../../../../nios2-elf/lib\libc.a(lib_a-vsnprintf.o)
                0x04009c60                _vsnprintf_r
                0x04009d14                vsnprintf
 .text          0x04009d54       0x78 c:/altera/13.0sp1/nios2eds/bin/gnu/h-i686-mingw32/bin/../lib/gcc/nios2-elf/4.1.2/../../../../nios2-elf/lib\libc.a(lib_a-writer.o)
                0x04009d54                _write_r
 .text          0x04009dcc      0x13c c:/altera/13.0sp1/nios2eds/bin/gnu/h-i686-mingw32/bin/../lib/gcc/nios2-elf/4.1.2/../../../../nios2-elf/lib\libc.a(lib_a-wsetup.o)
                0x04009dcc                __swsetup_r
 .text          0x04009f08       0x70 c:/altera/13.0sp1/nios2eds/bin/gnu/h-i686-mingw32/bin/../lib/gcc/nios2-elf/4.1.2/../../../../nios2-elf/lib\libc.a(lib_a-closer.o)
                0x04009f08                _close_r
 .text          0x04009f78     0x17cc c:/altera/13.0sp1/nios2eds/bin/gnu/h-i686-mingw32/bin/../lib/gcc/nios2-elf/4.1.2/../../../../nios2-elf/lib\libc.a(lib_a-dtoa.o)
                0x0400a190                _dtoa_r
 .text          0x0400b744       0xa0 c:/altera/13.0sp1/nios2eds/bin/gnu/h-i686-mingw32/bin/../lib/gcc/nios2-elf/4.1.2/../../../../nios2-elf/lib\libc.a(lib_a-flags.o)
                0x0400b744                __sflags
 .text          0x0400b7e4       0xbc c:/altera/13.0sp1/nios2eds/bin/gnu/h-i686-mingw32/bin/../lib/gcc/nios2-elf/4.1.2/../../../../nios2-elf/lib\libc.a(lib_a-fputc.o)
                0x0400b7e4                fputc
                0x0400b848                _fputc_r
 .text          0x0400b8a0       0x90 c:/altera/13.0sp1/nios2eds/bin/gnu/h-i686-mingw32/bin/../lib/gcc/nios2-elf/4.1.2/../../../../nios2-elf/lib\libc.a(lib_a-fputs.o)
                0x0400b8a0                _fputs_r
                0x0400b914                fputs
 .text          0x0400b930      0x49c c:/altera/13.0sp1/nios2eds/bin/gnu/h-i686-mingw32/bin/../lib/gcc/nios2-elf/4.1.2/../../../../nios2-elf/lib\libc.a(lib_a-fvwrite.o)
                0x0400b930                __sfvwrite_r
 .text          0x0400bdcc       0x70 c:/altera/13.0sp1/nios2eds/bin/gnu/h-i686-mingw32/bin/../lib/gcc/nios2-elf/4.1.2/../../../../nios2-elf/lib\libc.a(lib_a-isattyr.o)
                0x0400bdcc                _isatty_r
 .text          0x0400be3c       0xc4 c:/altera/13.0sp1/nios2eds/bin/gnu/h-i686-mingw32/bin/../lib/gcc/nios2-elf/4.1.2/../../../../nios2-elf/lib\libc.a(lib_a-locale.o)
                0x0400be3c                __locale_charset
                0x0400be44                _localeconv_r
                0x0400be50                localeconv
                0x0400be60                _setlocale_r
                0x0400bee4                setlocale
 .text          0x0400bf00       0x78 c:/altera/13.0sp1/nios2eds/bin/gnu/h-i686-mingw32/bin/../lib/gcc/nios2-elf/4.1.2/../../../../nios2-elf/lib\libc.a(lib_a-lseekr.o)
                0x0400bf00                _lseek_r
 .text          0x0400bf78       0xe4 c:/altera/13.0sp1/nios2eds/bin/gnu/h-i686-mingw32/bin/../lib/gcc/nios2-elf/4.1.2/../../../../nios2-elf/lib\libc.a(lib_a-memchr.o)
                0x0400bf78                memchr
 .text          0x0400c05c       0xa0 c:/altera/13.0sp1/nios2eds/bin/gnu/h-i686-mingw32/bin/../lib/gcc/nios2-elf/4.1.2/../../../../nios2-elf/lib\libc.a(lib_a-memcpy.o)
                0x0400c05c                memcpy
 .text          0x0400c0fc       0xe0 c:/altera/13.0sp1/nios2eds/bin/gnu/h-i686-mingw32/bin/../lib/gcc/nios2-elf/4.1.2/../../../../nios2-elf/lib\libc.a(lib_a-memmove.o)
                0x0400c0fc                memmove
 .text          0x0400c1dc      0xff4 c:/altera/13.0sp1/nios2eds/bin/gnu/h-i686-mingw32/bin/../lib/gcc/nios2-elf/4.1.2/../../../../nios2-elf/lib\libc.a(lib_a-mprec.o)
                0x0400c1dc                _Bfree
                0x0400c204                __hi0bits
                0x0400c274                __lo0bits
                0x0400c338                __mcmp
                0x0400c398                __ulp
                0x0400c418                __b2d
                0x0400c538                __ratio
                0x0400c5e8                _mprec_log10
                0x0400c67c                __copybits
                0x0400c6d4                __any_on
                0x0400c75c                _Balloc
                0x0400c818                __d2b
                0x0400c994                __mdiff
                0x0400cb20                __lshift
                0x0400cc6c                __multiply
                0x0400ce54                __i2b
                0x0400ce90                __multadd
                0x0400cf90                __pow5mult
                0x0400d0b0                __s2b
 .text          0x0400d1d0      0x1ec c:/altera/13.0sp1/nios2eds/bin/gnu/h-i686-mingw32/bin/../lib/gcc/nios2-elf/4.1.2/../../../../nios2-elf/lib\libc.a(lib_a-putc.o)
                0x0400d1d0                putc
                0x0400d2d4                _putc_r
 .text          0x0400d3bc       0x78 c:/altera/13.0sp1/nios2eds/bin/gnu/h-i686-mingw32/bin/../lib/gcc/nios2-elf/4.1.2/../../../../nios2-elf/lib\libc.a(lib_a-readr.o)
                0x0400d3bc                _read_r
 .text          0x0400d434      0x5f4 c:/altera/13.0sp1/nios2eds/bin/gnu/h-i686-mingw32/bin/../lib/gcc/nios2-elf/4.1.2/../../../../nios2-elf/lib\libc.a(lib_a-reallocr.o)
                0x0400d434                _realloc_r
 .text          0x0400da28       0x40 c:/altera/13.0sp1/nios2eds/bin/gnu/h-i686-mingw32/bin/../lib/gcc/nios2-elf/4.1.2/../../../../nios2-elf/lib\libc.a(lib_a-s_isinfd.o)
                0x0400da28                __isinfd
 .text          0x0400da68       0x30 c:/altera/13.0sp1/nios2eds/bin/gnu/h-i686-mingw32/bin/../lib/gcc/nios2-elf/4.1.2/../../../../nios2-elf/lib\libc.a(lib_a-s_isnand.o)
                0x0400da68                __isnand
 .text          0x0400da98       0xbc c:/altera/13.0sp1/nios2eds/bin/gnu/h-i686-mingw32/bin/../lib/gcc/nios2-elf/4.1.2/../../../../nios2-elf/lib\libc.a(lib_a-strcmp.o)
                0x0400da98                strcmp
 .text          0x0400db54      0x14c c:/altera/13.0sp1/nios2eds/bin/gnu/h-i686-mingw32/bin/../lib/gcc/nios2-elf/4.1.2/../../../../nios2-elf/lib\libc.a(lib_a-wbuf.o)
                0x0400db54                __swbuf_r
                0x0400dc84                __swbuf
 .text          0x0400dca0       0xb4 c:/altera/13.0sp1/nios2eds/bin/gnu/h-i686-mingw32/bin/../lib/gcc/nios2-elf/4.1.2/../../../../nios2-elf/lib\libc.a(lib_a-callocr.o)
                0x0400dca0                _calloc_r
 .text          0x0400dd54      0x5dc c:/altera/13.0sp1/nios2eds/bin/gnu/h-i686-mingw32/bin/../lib/gcc/nios2-elf/4.1.2\libgcc.a(_udivdi3.o)
                0x0400dd54                __udivdi3
 .text          0x0400e330      0x5b0 c:/altera/13.0sp1/nios2eds/bin/gnu/h-i686-mingw32/bin/../lib/gcc/nios2-elf/4.1.2\libgcc.a(_umoddi3.o)
                0x0400e330                __umoddi3
 .text          0x0400e8e0      0x504 c:/altera/13.0sp1/nios2eds/bin/gnu/h-i686-mingw32/bin/../lib/gcc/nios2-elf/4.1.2\libgcc.a(_addsub_df.o)
                0x0400ecf0                __subdf3
                0x0400ed70                __adddf3
 .text          0x0400ede4      0x3c4 c:/altera/13.0sp1/nios2eds/bin/gnu/h-i686-mingw32/bin/../lib/gcc/nios2-elf/4.1.2\libgcc.a(_mul_df.o)
                0x0400ede4                __muldf3
 .text          0x0400f1a8      0x258 c:/altera/13.0sp1/nios2eds/bin/gnu/h-i686-mingw32/bin/../lib/gcc/nios2-elf/4.1.2\libgcc.a(_div_df.o)
                0x0400f1a8                __divdf3
 .text          0x0400f400       0x88 c:/altera/13.0sp1/nios2eds/bin/gnu/h-i686-mingw32/bin/../lib/gcc/nios2-elf/4.1.2\libgcc.a(_eq_df.o)
                0x0400f400                __eqdf2
 .text          0x0400f488       0x88 c:/altera/13.0sp1/nios2eds/bin/gnu/h-i686-mingw32/bin/../lib/gcc/nios2-elf/4.1.2\libgcc.a(_ne_df.o)
                0x0400f488                __nedf2
 .text          0x0400f510       0x88 c:/altera/13.0sp1/nios2eds/bin/gnu/h-i686-mingw32/bin/../lib/gcc/nios2-elf/4.1.2\libgcc.a(_gt_df.o)
                0x0400f510                __gtdf2
 .text          0x0400f598       0x88 c:/altera/13.0sp1/nios2eds/bin/gnu/h-i686-mingw32/bin/../lib/gcc/nios2-elf/4.1.2\libgcc.a(_ge_df.o)
                0x0400f598                __gedf2
 .text          0x0400f620       0x88 c:/altera/13.0sp1/nios2eds/bin/gnu/h-i686-mingw32/bin/../lib/gcc/nios2-elf/4.1.2\libgcc.a(_lt_df.o)
                0x0400f620                __ltdf2
 .text          0x0400f6a8       0xf8 c:/altera/13.0sp1/nios2eds/bin/gnu/h-i686-mingw32/bin/../lib/gcc/nios2-elf/4.1.2\libgcc.a(_si_to_df.o)
                0x0400f6a8                __floatsidf
 .text          0x0400f7a0       0xd8 c:/altera/13.0sp1/nios2eds/bin/gnu/h-i686-mingw32/bin/../lib/gcc/nios2-elf/4.1.2\libgcc.a(_df_to_si.o)
                0x0400f7a0                __fixdfsi
 .text          0x0400f878        0x0 c:/altera/13.0sp1/nios2eds/bin/gnu/h-i686-mingw32/bin/../lib/gcc/nios2-elf/4.1.2\libgcc.a(_thenan_df.o)
 .text          0x0400f878      0x194 c:/altera/13.0sp1/nios2eds/bin/gnu/h-i686-mingw32/bin/../lib/gcc/nios2-elf/4.1.2\libgcc.a(_usi_to_df.o)
                0x0400f878                __floatunsidf
 .text          0x0400fa0c       0x98 c:/altera/13.0sp1/nios2eds/bin/gnu/h-i686-mingw32/bin/../lib/gcc/nios2-elf/4.1.2\libgcc.a(_muldi3.o)
                0x0400fa0c                __muldi3
 .text          0x0400faa4      0x314 c:/altera/13.0sp1/nios2eds/bin/gnu/h-i686-mingw32/bin/../lib/gcc/nios2-elf/4.1.2\libgcc.a(_pack_df.o)
                0x0400faa4                __pack_d
 .text          0x0400fdb8      0x138 c:/altera/13.0sp1/nios2eds/bin/gnu/h-i686-mingw32/bin/../lib/gcc/nios2-elf/4.1.2\libgcc.a(_unpack_df.o)
                0x0400fdb8                __unpack_d
 .text          0x0400fef0       0xc8 c:/altera/13.0sp1/nios2eds/bin/gnu/h-i686-mingw32/bin/../lib/gcc/nios2-elf/4.1.2\libgcc.a(_fpcmp_parts_df.o)
                0x0400fef0                __fpcmp_parts_d
 .text          0x0400ffb8      0x15c ../motor_surface0629_bsp/\libhal_bsp.a(alt_close.o)
                0x0400ffb8                close
 .text          0x04010114       0x2c ../motor_surface0629_bsp/\libhal_bsp.a(alt_dev.o)
 .text          0x04010140        0x0 ../motor_surface0629_bsp/\libhal_bsp.a(alt_errno.o)
 .text          0x04010140      0x134 ../motor_surface0629_bsp/\libhal_bsp.a(alt_fstat.o)
                0x04010140                fstat
 .text          0x04010274      0x1c0 ../motor_surface0629_bsp/\libhal_bsp.a(alt_irq_register.o)
                0x04010274                alt_irq_register
 .text          0x04010434        0x0 ../motor_surface0629_bsp/\libhal_bsp.a(alt_irq_vars.o)
 .text          0x04010434      0x120 ../motor_surface0629_bsp/\libhal_bsp.a(alt_isatty.o)
                0x04010434                isatty
 .text          0x04010554       0xec ../motor_surface0629_bsp/\libhal_bsp.a(alt_load.o)
                0x04010554                alt_load
 .text          0x04010640      0x150 ../motor_surface0629_bsp/\libhal_bsp.a(alt_lseek.o)
                0x04010640                lseek
 .text          0x04010790       0x6c ../motor_surface0629_bsp/\libhal_bsp.a(alt_main.o)
                0x04010790                alt_main
 .text          0x040107fc       0x40 ../motor_surface0629_bsp/\libhal_bsp.a(alt_malloc_lock.o)
                0x040107fc                __malloc_lock
                0x0401081c                __malloc_unlock
 .text          0x0401083c      0x2c4 ../motor_surface0629_bsp/\libhal_bsp.a(alt_open.o)
                0x04010918                open
 .text          0x04010b00      0x180 ../motor_surface0629_bsp/\libhal_bsp.a(alt_read.o)
                0x04010b00                read
 .text          0x04010c80       0x60 ../motor_surface0629_bsp/\libhal_bsp.a(alt_release_fd.o)
                0x04010c80                alt_release_fd
 .text          0x04010ce0       0xbc ../motor_surface0629_bsp/\libhal_bsp.a(alt_sbrk.o)
                0x04010ce0                sbrk
 .text          0x04010d9c       0x30 ../motor_surface0629_bsp/\libhal_bsp.a(alt_usleep.o)
                0x04010d9c                usleep
 .text          0x04010dcc      0x180 ../motor_surface0629_bsp/\libhal_bsp.a(alt_write.o)
                0x04010dcc                write
 .text          0x04010f4c      0x12c ../motor_surface0629_bsp/\libhal_bsp.a(alt_sys_init.o)
                0x04010f4c                alt_irq_init
                0x04010f80                alt_sys_init
 .text          0x04011078      0x9e4 ../motor_surface0629_bsp/\libhal_bsp.a(altera_avalon_epcs_flash_controller.o)
                0x04011078                alt_epcs_flash_init
                0x04011494                alt_epcs_flash_write
                0x04011714                alt_epcs_flash_get_info
                0x040117a4                alt_epcs_flash_erase_block
                0x040118a8                alt_epcs_flash_write_block
                0x040119c4                alt_epcs_flash_read
 .text          0x04011a5c      0x148 ../motor_surface0629_bsp/\libhal_bsp.a(altera_avalon_jtag_uart_fd.o)
                0x04011a5c                altera_avalon_jtag_uart_read_fd
                0x04011ab4                altera_avalon_jtag_uart_write_fd
                0x04011b0c                altera_avalon_jtag_uart_close_fd
                0x04011b54                altera_avalon_jtag_uart_ioctl_fd
 .text          0x04011ba4      0x40c ../motor_surface0629_bsp/\libhal_bsp.a(altera_avalon_jtag_uart_init.o)
                0x04011ba4                altera_avalon_jtag_uart_init
                0x04011f3c                altera_avalon_jtag_uart_close
 .text          0x04011fb0       0xf4 ../motor_surface0629_bsp/\libhal_bsp.a(altera_avalon_jtag_uart_ioctl.o)
                0x04011fb0                altera_avalon_jtag_uart_ioctl
 .text          0x040120a4      0x224 ../motor_surface0629_bsp/\libhal_bsp.a(altera_avalon_jtag_uart_read.o)
                0x040120a4                altera_avalon_jtag_uart_read
 .text          0x040122c8      0x240 ../motor_surface0629_bsp/\libhal_bsp.a(altera_avalon_jtag_uart_write.o)
                0x040122c8                altera_avalon_jtag_uart_write
 .text          0x04012508        0x0 ../motor_surface0629_bsp/\libhal_bsp.a(altera_avalon_timer_vars.o)
 .text          0x04012508       0xf8 ../motor_surface0629_bsp/\libhal_bsp.a(altera_avalon_uart_fd.o)
                0x04012508                altera_avalon_uart_read_fd
                0x04012560                altera_avalon_uart_write_fd
                0x040125b8                altera_avalon_uart_close_fd
 .text          0x04012600      0x400 ../motor_surface0629_bsp/\libhal_bsp.a(altera_avalon_uart_init.o)
                0x04012600                altera_avalon_uart_init
                0x040129a0                altera_avalon_uart_close
 .text          0x04012a00      0x290 ../motor_surface0629_bsp/\libhal_bsp.a(altera_avalon_uart_read.o)
                0x04012a00                altera_avalon_uart_read
 .text          0x04012c90      0x228 ../motor_surface0629_bsp/\libhal_bsp.a(altera_avalon_uart_write.o)
                0x04012c90                altera_avalon_uart_write
 .text          0x04012eb8      0x5a0 ../motor_surface0629_bsp/\libhal_bsp.a(altera_hostfs.o)
                0x04012eb8                alt_hostfs_open
                0x0401300c                alt_hostfs_close
                0x04013060                alt_hostfs_read
                0x04013100                alt_hostfs_write
                0x040131a0                alt_hostfs_seek
                0x04013240                alt_hostfs_fstat
 .text          0x04013458      0xb70 ../motor_surface0629_bsp/\libhal_bsp.a(altera_ro_zipfs.o)
                0x040136cc                check_directory_header
                0x04013c24                alt_ro_zipfs_open
                0x04013cbc                alt_ro_zipfs_read
                0x04013db8                alt_ro_zipfs_seek
                0x04013f00                alt_ro_zipfs_fstat
                0x04013f70                alt_ro_zipfs_check_valid
 .text          0x04013fc8      0x6d4 ../motor_surface0629_bsp/\libhal_bsp.a(epcs_commands.o)
                0x04013fc8                epcs_read_status_register
                0x04014028                epcs_sector_erase
                0x04014190                epcs_read_buffer
                0x040142dc                epcs_write_enable
                0x0401432c                epcs_write_status_register
                0x04014390                epcs_write_buffer
                0x04014500                epcs_read_electronic_signature
                0x0401456c                epcs_read_device_id
                0x040145ec                epcs_enter_4_bytes_mode
                0x04014644                epcs_exit_4_bytes_mode
 .text          0x0401469c      0x154 ../motor_surface0629_bsp/\libhal_bsp.a(alt_alarm_start.o)
                0x0401469c                alt_alarm_start
 .text          0x040147f0      0x14c ../motor_surface0629_bsp/\libhal_bsp.a(alt_busy_sleep.o)
                0x040147f0                alt_busy_sleep
 .text          0x0401493c       0x44 ../motor_surface0629_bsp/\libhal_bsp.a(alt_dcache_flush_all.o)
                0x0401493c                alt_dcache_flush_all
 .text          0x04014980      0x114 ../motor_surface0629_bsp/\libhal_bsp.a(alt_dev_llist_insert.o)
                0x04014980                alt_dev_llist_insert
 .text          0x04014a94       0x64 ../motor_surface0629_bsp/\libhal_bsp.a(alt_do_ctors.o)
                0x04014a94                _do_ctors
 .text          0x04014af8       0x64 ../motor_surface0629_bsp/\libhal_bsp.a(alt_do_dtors.o)
                0x04014af8                _do_dtors
 .text          0x04014b5c       0x94 ../motor_surface0629_bsp/\libhal_bsp.a(alt_find_dev.o)
                0x04014b5c                alt_find_dev
 .text          0x04014bf0      0x120 ../motor_surface0629_bsp/\libhal_bsp.a(alt_find_file.o)
                0x04014bf0                alt_find_file
 .text          0x04014d10       0xd0 ../motor_surface0629_bsp/\libhal_bsp.a(alt_flash_dev.o)
                0x04014d10                alt_flash_open_dev
                0x04014d8c                alt_flash_close_dev
 .text          0x04014de0       0x90 ../motor_surface0629_bsp/\libhal_bsp.a(alt_fs_reg.o)
                0x04014de0                alt_fs_reg
 .text          0x04014e70       0xb8 ../motor_surface0629_bsp/\libhal_bsp.a(alt_get_fd.o)
                0x04014e70                alt_get_fd
 .text          0x04014f28       0x30 ../motor_surface0629_bsp/\libhal_bsp.a(alt_icache_flush_all.o)
                0x04014f28                alt_icache_flush_all
 .text          0x04014f58      0x1d4 ../motor_surface0629_bsp/\libhal_bsp.a(alt_iic.o)
                0x04014f58                alt_ic_isr_register
                0x04014fa8                alt_ic_irq_enable
                0x04015044                alt_ic_irq_disable
                0x040150e4                alt_ic_irq_enabled
 .text          0x0401512c       0xf8 ../motor_surface0629_bsp/\libhal_bsp.a(alt_iic_isr_register.o)
                0x0401512c                alt_iic_isr_register
 .text          0x04015224      0x13c ../motor_surface0629_bsp/\libhal_bsp.a(alt_io_redirect.o)
                0x040152e8                alt_io_redirect
 .text          0x04015360        0x0 ../motor_surface0629_bsp/\libhal_bsp.a(alt_irq_entry.o)
 .text          0x04015360        0x0 ../motor_surface0629_bsp/\libhal_bsp.a(alt_irq_handler.o)
 .text          0x04015360      0x1a4 ../motor_surface0629_bsp/\libhal_bsp.a(alt_tick.o)
                0x04015360                alt_alarm_stop
                0x040153f8                alt_tick
 .text          0x04015504       0x20 ../motor_surface0629_bsp/\libhal_bsp.a(altera_nios2_qsys_irq.o)
                0x04015504                altera_nios2_qsys_irq_init
 .text          0x04015524      0x238 ../motor_surface0629_bsp/\libhal_bsp.a(altera_avalon_spi.o)
                0x04015524                alt_avalon_spi_command
 .text          0x0401575c        0x0 ../motor_surface0629_bsp/\libhal_bsp.a(alt_exception_entry.o)
 .text          0x0401575c       0x90 ../motor_surface0629_bsp/\libhal_bsp.a(alt_icache_flush.o)
                0x0401575c                alt_icache_flush
 .text          0x040157ec       0x14 c:/altera/13.0sp1/nios2eds/bin/gnu/h-i686-mingw32/bin/../lib/gcc/nios2-elf/4.1.2/../../../../nios2-elf/lib\libc.a(lib_a-atexit.o)
                0x040157ec                atexit
 .text          0x04015800       0x38 c:/altera/13.0sp1/nios2eds/bin/gnu/h-i686-mingw32/bin/../lib/gcc/nios2-elf/4.1.2/../../../../nios2-elf/lib\libc.a(lib_a-exit.o)
                0x04015800                exit
 .text          0x04015838       0x74 c:/altera/13.0sp1/nios2eds/bin/gnu/h-i686-mingw32/bin/../lib/gcc/nios2-elf/4.1.2/../../../../nios2-elf/lib\libc.a(lib_a-memcmp.o)
                0x04015838                memcmp
 .text          0x040158ac       0xf0 c:/altera/13.0sp1/nios2eds/bin/gnu/h-i686-mingw32/bin/../lib/gcc/nios2-elf/4.1.2/../../../../nios2-elf/lib\libc.a(lib_a-strncmp.o)
                0x040158ac                strncmp
 .text          0x0401599c      0x134 c:/altera/13.0sp1/nios2eds/bin/gnu/h-i686-mingw32/bin/../lib/gcc/nios2-elf/4.1.2/../../../../nios2-elf/lib\libc.a(lib_a-__atexit.o)
                0x0401599c                __register_exitproc
 .text          0x04015ad0      0x1b4 c:/altera/13.0sp1/nios2eds/bin/gnu/h-i686-mingw32/bin/../lib/gcc/nios2-elf/4.1.2/../../../../nios2-elf/lib\libc.a(lib_a-__call_atexit.o)
                0x04015ad4                __call_exitprocs
 .text          0x04015c84       0x60 ../motor_surface0629_bsp/\libhal_bsp.a(alt_exit.o)
                0x04015cc4                _exit
 *(.gnu.warning.*)
 *(.fini)
                0x04015ce4                PROVIDE (__etext, ABSOLUTE (.))
                0x04015ce4                PROVIDE (_etext, ABSOLUTE (.))
                0x04015ce4                PROVIDE (etext, ABSOLUTE (.))
 *(.eh_frame_hdr)
                0x04015ce4                . = ALIGN (0x4)
                0x04015ce4                PROVIDE (__preinit_array_start, ABSOLUTE (.))
 *(.preinit_array)
                0x04015ce4                PROVIDE (__preinit_array_end, ABSOLUTE (.))
                0x04015ce4                PROVIDE (__init_array_start, ABSOLUTE (.))
 *(.init_array)
                0x04015ce4                PROVIDE (__init_array_end, ABSOLUTE (.))
                0x04015ce4                PROVIDE (__fini_array_start, ABSOLUTE (.))
 *(.fini_array)
                0x04015ce4                PROVIDE (__fini_array_end, ABSOLUTE (.))
 *(.eh_frame)
 *(.gcc_except_table)
 *(.dynamic)
                0x04015ce4                PROVIDE (__CTOR_LIST__, ABSOLUTE (.))
 *(.ctors)
 *(SORT(.ctors.*))
 .ctors.65535   0x04015ce4        0x4 c:/altera/13.0sp1/nios2eds/bin/gnu/h-i686-mingw32/bin/../lib/gcc/nios2-elf/4.1.2/../../../../nios2-elf/lib\libc.a(lib_a-__call_atexit.o)
                0x04015ce8                PROVIDE (__CTOR_END__, ABSOLUTE (.))
                0x04015ce8                PROVIDE (__DTOR_LIST__, ABSOLUTE (.))
 *(.dtors)
 *(SORT(.dtors.*))
                0x04015ce8                PROVIDE (__DTOR_END__, ABSOLUTE (.))
 *(.jcr)
                0x04015ce8                . = ALIGN (0x4)

.rodata         0x04015ce8      0xb84
                0x04015ce8                PROVIDE (__ram_rodata_start, ABSOLUTE (.))
                0x04015ce8                . = ALIGN (0x4)
 *(.rodata .rodata.* .gnu.linkonce.r.*)
 .rodata        0x04015ce8       0x1c obj/default/main.o
 .rodata        0x04015d04        0x4 obj/default/syslib/debug.o
 .rodata        0x04015d08       0x2c obj/default/syslib/log/log.o
 .rodata        0x04015d34       0x10 c:/altera/13.0sp1/nios2eds/bin/gnu/h-i686-mingw32/bin/../lib/gcc/nios2-elf/4.1.2\libgcc.a(_thenan_sf.o)
                0x04015d34                __thenan_sf
 .rodata        0x04015d44      0x100 c:/altera/13.0sp1/nios2eds/bin/gnu/h-i686-mingw32/bin/../lib/gcc/nios2-elf/4.1.2\libgcc.a(_clz.o)
                0x04015d44                __clz_tab
 .rodata.str1.4
                0x04015e44        0x2 c:/altera/13.0sp1/nios2eds/bin/gnu/h-i686-mingw32/bin/../lib/gcc/nios2-elf/4.1.2/../../../../nios2-elf/lib\libc.a(lib_a-impure.o)
                                  0x4 (size before relaxing)
 *fill*         0x04015e46        0x2 00
 .rodata.str1.4
                0x04015e48        0x3 c:/altera/13.0sp1/nios2eds/bin/gnu/h-i686-mingw32/bin/../lib/gcc/nios2-elf/4.1.2/../../../../nios2-elf/lib\libc.a(lib_a-perror.o)
                                  0x4 (size before relaxing)
 *fill*         0x04015e4b        0x1 00
 .rodata.str1.4
                0x04015e4c        0x2 c:/altera/13.0sp1/nios2eds/bin/gnu/h-i686-mingw32/bin/../lib/gcc/nios2-elf/4.1.2/../../../../nios2-elf/lib\libc.a(lib_a-puts.o)
                                  0x4 (size before relaxing)
 *fill*         0x04015e4e        0x2 00
 .rodata.str1.4
                0x04015e50      0x7a2 c:/altera/13.0sp1/nios2eds/bin/gnu/h-i686-mingw32/bin/../lib/gcc/nios2-elf/4.1.2/../../../../nios2-elf/lib\libc.a(lib_a-strerror.o)
                                0x7a8 (size before relaxing)
 *fill*         0x040165f2        0x2 00
 .rodata.str1.4
                0x040165f4       0x5e c:/altera/13.0sp1/nios2eds/bin/gnu/h-i686-mingw32/bin/../lib/gcc/nios2-elf/4.1.2/../../../../nios2-elf/lib\libc.a(lib_a-vfprintf.o)
                                 0x60 (size before relaxing)
 .rodata        0x04016652       0x20 c:/altera/13.0sp1/nios2eds/bin/gnu/h-i686-mingw32/bin/../lib/gcc/nios2-elf/4.1.2/../../../../nios2-elf/lib\libc.a(lib_a-vfprintf.o)
 *fill*         0x04016672        0x2 00
 .rodata.str1.4
                0x04016674       0x10 c:/altera/13.0sp1/nios2eds/bin/gnu/h-i686-mingw32/bin/../lib/gcc/nios2-elf/4.1.2/../../../../nios2-elf/lib\libc.a(lib_a-dtoa.o)
                                 0x14 (size before relaxing)
 .rodata.str1.4
                0x04016684       0x10 c:/altera/13.0sp1/nios2eds/bin/gnu/h-i686-mingw32/bin/../lib/gcc/nios2-elf/4.1.2/../../../../nios2-elf/lib\libc.a(lib_a-locale.o)
                                 0x18 (size before relaxing)
 .rodata        0x04016694       0x30 c:/altera/13.0sp1/nios2eds/bin/gnu/h-i686-mingw32/bin/../lib/gcc/nios2-elf/4.1.2/../../../../nios2-elf/lib\libc.a(lib_a-locale.o)
 .rodata        0x040166c4      0x124 c:/altera/13.0sp1/nios2eds/bin/gnu/h-i686-mingw32/bin/../lib/gcc/nios2-elf/4.1.2/../../../../nios2-elf/lib\libc.a(lib_a-mprec.o)
                0x040166c4                __mprec_tens
                0x0401678c                __mprec_bigtens
                0x040167b4                __mprec_tinytens
 .rodata        0x040167e8       0x14 c:/altera/13.0sp1/nios2eds/bin/gnu/h-i686-mingw32/bin/../lib/gcc/nios2-elf/4.1.2\libgcc.a(_thenan_df.o)
                0x040167e8                __thenan_df
 .rodata        0x040167fc        0xc ../motor_surface0629_bsp/\libhal_bsp.a(alt_dev.o)
 .rodata        0x04016808       0x14 ../motor_surface0629_bsp/\libhal_bsp.a(alt_main.o)
 .rodata        0x0401681c       0x50 ../motor_surface0629_bsp/\libhal_bsp.a(alt_sys_init.o)
 *(.rodata1)
                0x0401686c                . = ALIGN (0x4)
                0x0401686c                PROVIDE (__ram_rodata_end, ABSOLUTE (.))
                0x04015ce8                PROVIDE (__flash_rodata_start, LOADADDR (.rodata))

.rwdata         0x0401686c     0x1d30 load address 0x0401859c
                0x0401686c                PROVIDE (__ram_rwdata_start, ABSOLUTE (.))
                0x0401686c                . = ALIGN (0x4)
 *(.got.plt)
 *(.got)
 *(.data1)
 *(.data .data.* .gnu.linkonce.d.*)
 .data          0x0401686c        0x0 ../motor_surface0629_bsp//obj/HAL/src/crt0.o
 .data          0x0401686c        0x0 obj/default/NiosProcess.o
 .data          0x0401686c        0x0 obj/default/main.o
 .data          0x0401686c        0x0 obj/default/syslib/IMU/imu.o
 .data          0x0401686c        0x0 obj/default/syslib/controller/pid.o
 .data          0x0401686c        0x0 obj/default/syslib/debug.o
 .data          0x0401686c       0xa0 obj/default/syslib/log/log.o
 .data          0x0401690c        0x0 obj/default/syslib/motor/motordriver.o
 .data          0x0401690c        0x0 obj/default/syslib/timer/timer.o
 .data          0x0401690c        0x0 obj/default/syslib/uart/uart.o
 .data          0x0401690c        0x0 c:/altera/13.0sp1/nios2eds/bin/gnu/h-i686-mingw32/bin/../lib/gcc/nios2-elf/4.1.2\libgcc.a(_fixunssfsi.o)
 .data          0x0401690c        0x0 c:/altera/13.0sp1/nios2eds/bin/gnu/h-i686-mingw32/bin/../lib/gcc/nios2-elf/4.1.2\libgcc.a(_addsub_sf.o)
 .data          0x0401690c        0x0 c:/altera/13.0sp1/nios2eds/bin/gnu/h-i686-mingw32/bin/../lib/gcc/nios2-elf/4.1.2\libgcc.a(_eq_sf.o)
 .data          0x0401690c        0x0 c:/altera/13.0sp1/nios2eds/bin/gnu/h-i686-mingw32/bin/../lib/gcc/nios2-elf/4.1.2\libgcc.a(_gt_sf.o)
 .data          0x0401690c        0x0 c:/altera/13.0sp1/nios2eds/bin/gnu/h-i686-mingw32/bin/../lib/gcc/nios2-elf/4.1.2\libgcc.a(_ge_sf.o)
 .data          0x0401690c        0x0 c:/altera/13.0sp1/nios2eds/bin/gnu/h-i686-mingw32/bin/../lib/gcc/nios2-elf/4.1.2\libgcc.a(_lt_sf.o)
 .data          0x0401690c        0x0 c:/altera/13.0sp1/nios2eds/bin/gnu/h-i686-mingw32/bin/../lib/gcc/nios2-elf/4.1.2\libgcc.a(_sf_to_si.o)
 .data          0x0401690c        0x0 c:/altera/13.0sp1/nios2eds/bin/gnu/h-i686-mingw32/bin/../lib/gcc/nios2-elf/4.1.2\libgcc.a(_thenan_sf.o)
 .data          0x0401690c        0x0 c:/altera/13.0sp1/nios2eds/bin/gnu/h-i686-mingw32/bin/../lib/gcc/nios2-elf/4.1.2\libgcc.a(_usi_to_sf.o)
 .data          0x0401690c        0x0 c:/altera/13.0sp1/nios2eds/bin/gnu/h-i686-mingw32/bin/../lib/gcc/nios2-elf/4.1.2\libgcc.a(lib2-divmod.o)
 .data          0x0401690c        0x0 c:/altera/13.0sp1/nios2eds/bin/gnu/h-i686-mingw32/bin/../lib/gcc/nios2-elf/4.1.2\libgcc.a(_clzsi2.o)
 .data          0x0401690c        0x0 c:/altera/13.0sp1/nios2eds/bin/gnu/h-i686-mingw32/bin/../lib/gcc/nios2-elf/4.1.2\libgcc.a(_pack_sf.o)
 .data          0x0401690c        0x0 c:/altera/13.0sp1/nios2eds/bin/gnu/h-i686-mingw32/bin/../lib/gcc/nios2-elf/4.1.2\libgcc.a(_unpack_sf.o)
 .data          0x0401690c        0x0 c:/altera/13.0sp1/nios2eds/bin/gnu/h-i686-mingw32/bin/../lib/gcc/nios2-elf/4.1.2\libgcc.a(_fpcmp_parts_sf.o)
 .data          0x0401690c        0x0 c:/altera/13.0sp1/nios2eds/bin/gnu/h-i686-mingw32/bin/../lib/gcc/nios2-elf/4.1.2\libgcc.a(_clz.o)
 .data          0x0401690c        0x0 c:/altera/13.0sp1/nios2eds/bin/gnu/h-i686-mingw32/bin/../lib/gcc/nios2-elf/4.1.2/../../../../nios2-elf/lib\libc.a(lib_a-fclose.o)
 .data          0x0401690c        0x0 c:/altera/13.0sp1/nios2eds/bin/gnu/h-i686-mingw32/bin/../lib/gcc/nios2-elf/4.1.2/../../../../nios2-elf/lib\libc.a(lib_a-fflush.o)
 .data          0x0401690c        0x0 c:/altera/13.0sp1/nios2eds/bin/gnu/h-i686-mingw32/bin/../lib/gcc/nios2-elf/4.1.2/../../../../nios2-elf/lib\libc.a(lib_a-findfp.o)
 .data          0x0401690c        0x0 c:/altera/13.0sp1/nios2eds/bin/gnu/h-i686-mingw32/bin/../lib/gcc/nios2-elf/4.1.2/../../../../nios2-elf/lib\libc.a(lib_a-fopen.o)
 .data          0x0401690c        0x0 c:/altera/13.0sp1/nios2eds/bin/gnu/h-i686-mingw32/bin/../lib/gcc/nios2-elf/4.1.2/../../../../nios2-elf/lib\libc.a(lib_a-fprintf.o)
 .data          0x0401690c        0x0 c:/altera/13.0sp1/nios2eds/bin/gnu/h-i686-mingw32/bin/../lib/gcc/nios2-elf/4.1.2/../../../../nios2-elf/lib\libc.a(lib_a-freer.o)
 .data          0x0401690c        0x0 c:/altera/13.0sp1/nios2eds/bin/gnu/h-i686-mingw32/bin/../lib/gcc/nios2-elf/4.1.2/../../../../nios2-elf/lib\libc.a(lib_a-fseek.o)
 .data          0x0401690c        0x0 c:/altera/13.0sp1/nios2eds/bin/gnu/h-i686-mingw32/bin/../lib/gcc/nios2-elf/4.1.2/../../../../nios2-elf/lib\libc.a(lib_a-fstatr.o)
 .data          0x0401690c        0x0 c:/altera/13.0sp1/nios2eds/bin/gnu/h-i686-mingw32/bin/../lib/gcc/nios2-elf/4.1.2/../../../../nios2-elf/lib\libc.a(lib_a-fwalk.o)
 .data          0x0401690c        0x0 c:/altera/13.0sp1/nios2eds/bin/gnu/h-i686-mingw32/bin/../lib/gcc/nios2-elf/4.1.2/../../../../nios2-elf/lib\libc.a(lib_a-fwrite.o)
 .data          0x0401690c      0x400 c:/altera/13.0sp1/nios2eds/bin/gnu/h-i686-mingw32/bin/../lib/gcc/nios2-elf/4.1.2/../../../../nios2-elf/lib\libc.a(lib_a-impure.o)
 .data          0x04016d0c        0x0 c:/altera/13.0sp1/nios2eds/bin/gnu/h-i686-mingw32/bin/../lib/gcc/nios2-elf/4.1.2/../../../../nios2-elf/lib\libc.a(lib_a-int_errno.o)
 .data          0x04016d0c        0x0 c:/altera/13.0sp1/nios2eds/bin/gnu/h-i686-mingw32/bin/../lib/gcc/nios2-elf/4.1.2/../../../../nios2-elf/lib\libc.a(lib_a-makebuf.o)
 .data          0x04016d0c      0x408 c:/altera/13.0sp1/nios2eds/bin/gnu/h-i686-mingw32/bin/../lib/gcc/nios2-elf/4.1.2/../../../../nios2-elf/lib\libc.a(lib_a-mallocr.o)
                0x04016d0c                __malloc_av_
 .data          0x04017114        0x0 c:/altera/13.0sp1/nios2eds/bin/gnu/h-i686-mingw32/bin/../lib/gcc/nios2-elf/4.1.2/../../../../nios2-elf/lib\libc.a(lib_a-memset.o)
 .data          0x04017114        0x0 c:/altera/13.0sp1/nios2eds/bin/gnu/h-i686-mingw32/bin/../lib/gcc/nios2-elf/4.1.2/../../../../nios2-elf/lib\libc.a(lib_a-openr.o)
 .data          0x04017114        0x0 c:/altera/13.0sp1/nios2eds/bin/gnu/h-i686-mingw32/bin/../lib/gcc/nios2-elf/4.1.2/../../../../nios2-elf/lib\libc.a(lib_a-perror.o)
 .data          0x04017114        0x0 c:/altera/13.0sp1/nios2eds/bin/gnu/h-i686-mingw32/bin/../lib/gcc/nios2-elf/4.1.2/../../../../nios2-elf/lib\libc.a(lib_a-printf.o)
 .data          0x04017114        0x0 c:/altera/13.0sp1/nios2eds/bin/gnu/h-i686-mingw32/bin/../lib/gcc/nios2-elf/4.1.2/../../../../nios2-elf/lib\libc.a(lib_a-puts.o)
 .data          0x04017114        0x0 c:/altera/13.0sp1/nios2eds/bin/gnu/h-i686-mingw32/bin/../lib/gcc/nios2-elf/4.1.2/../../../../nios2-elf/lib\libc.a(lib_a-refill.o)
 .data          0x04017114        0x0 c:/altera/13.0sp1/nios2eds/bin/gnu/h-i686-mingw32/bin/../lib/gcc/nios2-elf/4.1.2/../../../../nios2-elf/lib\libc.a(lib_a-sbrkr.o)
 .data          0x04017114        0x0 c:/altera/13.0sp1/nios2eds/bin/gnu/h-i686-mingw32/bin/../lib/gcc/nios2-elf/4.1.2/../../../../nios2-elf/lib\libc.a(lib_a-snprintf.o)
 .data          0x04017114        0x0 c:/altera/13.0sp1/nios2eds/bin/gnu/h-i686-mingw32/bin/../lib/gcc/nios2-elf/4.1.2/../../../../nios2-elf/lib\libc.a(lib_a-sprintf.o)
 .data          0x04017114        0x0 c:/altera/13.0sp1/nios2eds/bin/gnu/h-i686-mingw32/bin/../lib/gcc/nios2-elf/4.1.2/../../../../nios2-elf/lib\libc.a(lib_a-stdio.o)
 .data          0x04017114        0x0 c:/altera/13.0sp1/nios2eds/bin/gnu/h-i686-mingw32/bin/../lib/gcc/nios2-elf/4.1.2/../../../../nios2-elf/lib\libc.a(lib_a-strerror.o)
 .data          0x04017114        0x0 c:/altera/13.0sp1/nios2eds/bin/gnu/h-i686-mingw32/bin/../lib/gcc/nios2-elf/4.1.2/../../../../nios2-elf/lib\libc.a(lib_a-strlen.o)
 .data          0x04017114        0x0 c:/altera/13.0sp1/nios2eds/bin/gnu/h-i686-mingw32/bin/../lib/gcc/nios2-elf/4.1.2/../../../../nios2-elf/lib\libc.a(lib_a-u_strerr.o)
 .data          0x04017114        0x0 c:/altera/13.0sp1/nios2eds/bin/gnu/h-i686-mingw32/bin/../lib/gcc/nios2-elf/4.1.2/../../../../nios2-elf/lib\libc.a(lib_a-vfprintf.o)
 .data          0x04017114        0x0 c:/altera/13.0sp1/nios2eds/bin/gnu/h-i686-mingw32/bin/../lib/gcc/nios2-elf/4.1.2/../../../../nios2-elf/lib\libc.a(lib_a-vfprintf_1.o)
 .data          0x04017114        0x0 c:/altera/13.0sp1/nios2eds/bin/gnu/h-i686-mingw32/bin/../lib/gcc/nios2-elf/4.1.2/../../../../nios2-elf/lib\libc.a(lib_a-vsnprintf.o)
 .data          0x04017114        0x0 c:/altera/13.0sp1/nios2eds/bin/gnu/h-i686-mingw32/bin/../lib/gcc/nios2-elf/4.1.2/../../../../nios2-elf/lib\libc.a(lib_a-writer.o)
 .data          0x04017114        0x0 c:/altera/13.0sp1/nios2eds/bin/gnu/h-i686-mingw32/bin/../lib/gcc/nios2-elf/4.1.2/../../../../nios2-elf/lib\libc.a(lib_a-wsetup.o)
 .data          0x04017114        0x0 c:/altera/13.0sp1/nios2eds/bin/gnu/h-i686-mingw32/bin/../lib/gcc/nios2-elf/4.1.2/../../../../nios2-elf/lib\libc.a(lib_a-closer.o)
 .data          0x04017114        0x0 c:/altera/13.0sp1/nios2eds/bin/gnu/h-i686-mingw32/bin/../lib/gcc/nios2-elf/4.1.2/../../../../nios2-elf/lib\libc.a(lib_a-dtoa.o)
 .data          0x04017114        0x0 c:/altera/13.0sp1/nios2eds/bin/gnu/h-i686-mingw32/bin/../lib/gcc/nios2-elf/4.1.2/../../../../nios2-elf/lib\libc.a(lib_a-flags.o)
 .data          0x04017114        0x0 c:/altera/13.0sp1/nios2eds/bin/gnu/h-i686-mingw32/bin/../lib/gcc/nios2-elf/4.1.2/../../../../nios2-elf/lib\libc.a(lib_a-fputc.o)
 .data          0x04017114        0x0 c:/altera/13.0sp1/nios2eds/bin/gnu/h-i686-mingw32/bin/../lib/gcc/nios2-elf/4.1.2/../../../../nios2-elf/lib\libc.a(lib_a-fputs.o)
 .data          0x04017114        0x0 c:/altera/13.0sp1/nios2eds/bin/gnu/h-i686-mingw32/bin/../lib/gcc/nios2-elf/4.1.2/../../../../nios2-elf/lib\libc.a(lib_a-fvwrite.o)
 .data          0x04017114        0x0 c:/altera/13.0sp1/nios2eds/bin/gnu/h-i686-mingw32/bin/../lib/gcc/nios2-elf/4.1.2/../../../../nios2-elf/lib\libc.a(lib_a-isattyr.o)
 .data          0x04017114        0xc c:/altera/13.0sp1/nios2eds/bin/gnu/h-i686-mingw32/bin/../lib/gcc/nios2-elf/4.1.2/../../../../nios2-elf/lib\libc.a(lib_a-locale.o)
                0x04017114                __lc_ctype
 .data          0x04017120        0x0 c:/altera/13.0sp1/nios2eds/bin/gnu/h-i686-mingw32/bin/../lib/gcc/nios2-elf/4.1.2/../../../../nios2-elf/lib\libc.a(lib_a-lseekr.o)
 .data          0x04017120        0x0 c:/altera/13.0sp1/nios2eds/bin/gnu/h-i686-mingw32/bin/../lib/gcc/nios2-elf/4.1.2/../../../../nios2-elf/lib\libc.a(lib_a-memchr.o)
 .data          0x04017120        0x0 c:/altera/13.0sp1/nios2eds/bin/gnu/h-i686-mingw32/bin/../lib/gcc/nios2-elf/4.1.2/../../../../nios2-elf/lib\libc.a(lib_a-memcpy.o)
 .data          0x04017120        0x0 c:/altera/13.0sp1/nios2eds/bin/gnu/h-i686-mingw32/bin/../lib/gcc/nios2-elf/4.1.2/../../../../nios2-elf/lib\libc.a(lib_a-memmove.o)
 .data          0x04017120        0x0 c:/altera/13.0sp1/nios2eds/bin/gnu/h-i686-mingw32/bin/../lib/gcc/nios2-elf/4.1.2/../../../../nios2-elf/lib\libc.a(lib_a-mprec.o)
 .data          0x04017120        0x0 c:/altera/13.0sp1/nios2eds/bin/gnu/h-i686-mingw32/bin/../lib/gcc/nios2-elf/4.1.2/../../../../nios2-elf/lib\libc.a(lib_a-putc.o)
 .data          0x04017120        0x0 c:/altera/13.0sp1/nios2eds/bin/gnu/h-i686-mingw32/bin/../lib/gcc/nios2-elf/4.1.2/../../../../nios2-elf/lib\libc.a(lib_a-readr.o)
 .data          0x04017120        0x0 c:/altera/13.0sp1/nios2eds/bin/gnu/h-i686-mingw32/bin/../lib/gcc/nios2-elf/4.1.2/../../../../nios2-elf/lib\libc.a(lib_a-reallocr.o)
 .data          0x04017120        0x0 c:/altera/13.0sp1/nios2eds/bin/gnu/h-i686-mingw32/bin/../lib/gcc/nios2-elf/4.1.2/../../../../nios2-elf/lib\libc.a(lib_a-s_isinfd.o)
 .data          0x04017120        0x0 c:/altera/13.0sp1/nios2eds/bin/gnu/h-i686-mingw32/bin/../lib/gcc/nios2-elf/4.1.2/../../../../nios2-elf/lib\libc.a(lib_a-s_isnand.o)
 .data          0x04017120        0x0 c:/altera/13.0sp1/nios2eds/bin/gnu/h-i686-mingw32/bin/../lib/gcc/nios2-elf/4.1.2/../../../../nios2-elf/lib\libc.a(lib_a-strcmp.o)
 .data          0x04017120        0x0 c:/altera/13.0sp1/nios2eds/bin/gnu/h-i686-mingw32/bin/../lib/gcc/nios2-elf/4.1.2/../../../../nios2-elf/lib\libc.a(lib_a-wbuf.o)
 .data          0x04017120        0x0 c:/altera/13.0sp1/nios2eds/bin/gnu/h-i686-mingw32/bin/../lib/gcc/nios2-elf/4.1.2/../../../../nios2-elf/lib\libc.a(lib_a-callocr.o)
 .data          0x04017120        0x0 c:/altera/13.0sp1/nios2eds/bin/gnu/h-i686-mingw32/bin/../lib/gcc/nios2-elf/4.1.2\libgcc.a(_udivdi3.o)
 .data          0x04017120        0x0 c:/altera/13.0sp1/nios2eds/bin/gnu/h-i686-mingw32/bin/../lib/gcc/nios2-elf/4.1.2\libgcc.a(_umoddi3.o)
 .data          0x04017120        0x0 c:/altera/13.0sp1/nios2eds/bin/gnu/h-i686-mingw32/bin/../lib/gcc/nios2-elf/4.1.2\libgcc.a(_addsub_df.o)
 .data          0x04017120        0x0 c:/altera/13.0sp1/nios2eds/bin/gnu/h-i686-mingw32/bin/../lib/gcc/nios2-elf/4.1.2\libgcc.a(_mul_df.o)
 .data          0x04017120        0x0 c:/altera/13.0sp1/nios2eds/bin/gnu/h-i686-mingw32/bin/../lib/gcc/nios2-elf/4.1.2\libgcc.a(_div_df.o)
 .data          0x04017120        0x0 c:/altera/13.0sp1/nios2eds/bin/gnu/h-i686-mingw32/bin/../lib/gcc/nios2-elf/4.1.2\libgcc.a(_eq_df.o)
 .data          0x04017120        0x0 c:/altera/13.0sp1/nios2eds/bin/gnu/h-i686-mingw32/bin/../lib/gcc/nios2-elf/4.1.2\libgcc.a(_ne_df.o)
 .data          0x04017120        0x0 c:/altera/13.0sp1/nios2eds/bin/gnu/h-i686-mingw32/bin/../lib/gcc/nios2-elf/4.1.2\libgcc.a(_gt_df.o)
 .data          0x04017120        0x0 c:/altera/13.0sp1/nios2eds/bin/gnu/h-i686-mingw32/bin/../lib/gcc/nios2-elf/4.1.2\libgcc.a(_ge_df.o)
 .data          0x04017120        0x0 c:/altera/13.0sp1/nios2eds/bin/gnu/h-i686-mingw32/bin/../lib/gcc/nios2-elf/4.1.2\libgcc.a(_lt_df.o)
 .data          0x04017120        0x0 c:/altera/13.0sp1/nios2eds/bin/gnu/h-i686-mingw32/bin/../lib/gcc/nios2-elf/4.1.2\libgcc.a(_si_to_df.o)
 .data          0x04017120        0x0 c:/altera/13.0sp1/nios2eds/bin/gnu/h-i686-mingw32/bin/../lib/gcc/nios2-elf/4.1.2\libgcc.a(_df_to_si.o)
 .data          0x04017120        0x0 c:/altera/13.0sp1/nios2eds/bin/gnu/h-i686-mingw32/bin/../lib/gcc/nios2-elf/4.1.2\libgcc.a(_thenan_df.o)
 .data          0x04017120        0x0 c:/altera/13.0sp1/nios2eds/bin/gnu/h-i686-mingw32/bin/../lib/gcc/nios2-elf/4.1.2\libgcc.a(_usi_to_df.o)
 .data          0x04017120        0x0 c:/altera/13.0sp1/nios2eds/bin/gnu/h-i686-mingw32/bin/../lib/gcc/nios2-elf/4.1.2\libgcc.a(_muldi3.o)
 .data          0x04017120        0x0 c:/altera/13.0sp1/nios2eds/bin/gnu/h-i686-mingw32/bin/../lib/gcc/nios2-elf/4.1.2\libgcc.a(_pack_df.o)
 .data          0x04017120        0x0 c:/altera/13.0sp1/nios2eds/bin/gnu/h-i686-mingw32/bin/../lib/gcc/nios2-elf/4.1.2\libgcc.a(_unpack_df.o)
 .data          0x04017120        0x0 c:/altera/13.0sp1/nios2eds/bin/gnu/h-i686-mingw32/bin/../lib/gcc/nios2-elf/4.1.2\libgcc.a(_fpcmp_parts_df.o)
 .data          0x04017120        0x0 ../motor_surface0629_bsp/\libhal_bsp.a(alt_close.o)
 .data          0x04017120      0x1a8 ../motor_surface0629_bsp/\libhal_bsp.a(alt_dev.o)
                0x04017120                alt_dev_null
                0x04017148                alt_fd_list
 .data          0x040172c8        0x0 ../motor_surface0629_bsp/\libhal_bsp.a(alt_errno.o)
 .data          0x040172c8        0x0 ../motor_surface0629_bsp/\libhal_bsp.a(alt_fstat.o)
 .data          0x040172c8        0x0 ../motor_surface0629_bsp/\libhal_bsp.a(alt_irq_register.o)
 .data          0x040172c8        0x0 ../motor_surface0629_bsp/\libhal_bsp.a(alt_irq_vars.o)
 .data          0x040172c8        0x0 ../motor_surface0629_bsp/\libhal_bsp.a(alt_isatty.o)
 .data          0x040172c8        0x0 ../motor_surface0629_bsp/\libhal_bsp.a(alt_load.o)
 .data          0x040172c8        0x0 ../motor_surface0629_bsp/\libhal_bsp.a(alt_lseek.o)
 .data          0x040172c8        0x0 ../motor_surface0629_bsp/\libhal_bsp.a(alt_main.o)
 .data          0x040172c8        0x0 ../motor_surface0629_bsp/\libhal_bsp.a(alt_malloc_lock.o)
 .data          0x040172c8        0x0 ../motor_surface0629_bsp/\libhal_bsp.a(alt_open.o)
 .data          0x040172c8        0x0 ../motor_surface0629_bsp/\libhal_bsp.a(alt_read.o)
 .data          0x040172c8        0x0 ../motor_surface0629_bsp/\libhal_bsp.a(alt_release_fd.o)
 .data          0x040172c8        0x0 ../motor_surface0629_bsp/\libhal_bsp.a(alt_sbrk.o)
 .data          0x040172c8        0x0 ../motor_surface0629_bsp/\libhal_bsp.a(alt_usleep.o)
 .data          0x040172c8        0x0 ../motor_surface0629_bsp/\libhal_bsp.a(alt_write.o)
 .data          0x040172c8     0x1244 ../motor_surface0629_bsp/\libhal_bsp.a(alt_sys_init.o)
 .data          0x0401850c        0x0 ../motor_surface0629_bsp/\libhal_bsp.a(altera_avalon_epcs_flash_controller.o)
 .data          0x0401850c        0x0 ../motor_surface0629_bsp/\libhal_bsp.a(altera_avalon_jtag_uart_fd.o)
 .data          0x0401850c        0x0 ../motor_surface0629_bsp/\libhal_bsp.a(altera_avalon_jtag_uart_init.o)
 .data          0x0401850c        0x0 ../motor_surface0629_bsp/\libhal_bsp.a(altera_avalon_jtag_uart_ioctl.o)
 .data          0x0401850c        0x0 ../motor_surface0629_bsp/\libhal_bsp.a(altera_avalon_jtag_uart_read.o)
 .data          0x0401850c        0x0 ../motor_surface0629_bsp/\libhal_bsp.a(altera_avalon_jtag_uart_write.o)
 .data          0x0401850c        0x0 ../motor_surface0629_bsp/\libhal_bsp.a(altera_avalon_timer_vars.o)
 .data          0x0401850c        0x0 ../motor_surface0629_bsp/\libhal_bsp.a(altera_avalon_uart_fd.o)
 .data          0x0401850c        0x0 ../motor_surface0629_bsp/\libhal_bsp.a(altera_avalon_uart_init.o)
 .data          0x0401850c        0x0 ../motor_surface0629_bsp/\libhal_bsp.a(altera_avalon_uart_read.o)
 .data          0x0401850c        0x0 ../motor_surface0629_bsp/\libhal_bsp.a(altera_avalon_uart_write.o)
 .data          0x0401850c        0x0 ../motor_surface0629_bsp/\libhal_bsp.a(altera_hostfs.o)
 .data          0x0401850c        0x0 ../motor_surface0629_bsp/\libhal_bsp.a(altera_ro_zipfs.o)
 .data          0x0401850c        0x0 ../motor_surface0629_bsp/\libhal_bsp.a(epcs_commands.o)
 .data          0x0401850c        0x0 ../motor_surface0629_bsp/\libhal_bsp.a(alt_alarm_start.o)
 .data          0x0401850c        0x0 ../motor_surface0629_bsp/\libhal_bsp.a(alt_busy_sleep.o)
 .data          0x0401850c        0x0 ../motor_surface0629_bsp/\libhal_bsp.a(alt_dcache_flush_all.o)
 .data          0x0401850c        0x0 ../motor_surface0629_bsp/\libhal_bsp.a(alt_dev_llist_insert.o)
 .data          0x0401850c        0x0 ../motor_surface0629_bsp/\libhal_bsp.a(alt_do_ctors.o)
 .data          0x0401850c        0x0 ../motor_surface0629_bsp/\libhal_bsp.a(alt_do_dtors.o)
 .data          0x0401850c        0x0 ../motor_surface0629_bsp/\libhal_bsp.a(alt_find_dev.o)
 .data          0x0401850c        0x0 ../motor_surface0629_bsp/\libhal_bsp.a(alt_find_file.o)
 .data          0x0401850c        0x0 ../motor_surface0629_bsp/\libhal_bsp.a(alt_flash_dev.o)
 .data          0x0401850c        0x0 ../motor_surface0629_bsp/\libhal_bsp.a(alt_fs_reg.o)
 .data          0x0401850c        0x0 ../motor_surface0629_bsp/\libhal_bsp.a(alt_get_fd.o)
 .data          0x0401850c        0x0 ../motor_surface0629_bsp/\libhal_bsp.a(alt_icache_flush_all.o)
 .data          0x0401850c        0x0 ../motor_surface0629_bsp/\libhal_bsp.a(alt_iic.o)
 .data          0x0401850c        0x0 ../motor_surface0629_bsp/\libhal_bsp.a(alt_iic_isr_register.o)
 .data          0x0401850c        0x0 ../motor_surface0629_bsp/\libhal_bsp.a(alt_io_redirect.o)
 .data          0x0401850c        0x0 ../motor_surface0629_bsp/\libhal_bsp.a(alt_irq_entry.o)
 .data          0x0401850c        0x0 ../motor_surface0629_bsp/\libhal_bsp.a(alt_irq_handler.o)
 .data          0x0401850c        0x0 ../motor_surface0629_bsp/\libhal_bsp.a(alt_tick.o)
 .data          0x0401850c        0x0 ../motor_surface0629_bsp/\libhal_bsp.a(altera_nios2_qsys_irq.o)
 .data          0x0401850c        0x0 ../motor_surface0629_bsp/\libhal_bsp.a(altera_avalon_spi.o)
 .data          0x0401850c        0x0 ../motor_surface0629_bsp/\libhal_bsp.a(alt_exception_entry.o)
 .data          0x0401850c        0x0 ../motor_surface0629_bsp/\libhal_bsp.a(alt_icache_flush.o)
 .data          0x0401850c        0x0 c:/altera/13.0sp1/nios2eds/bin/gnu/h-i686-mingw32/bin/../lib/gcc/nios2-elf/4.1.2/../../../../nios2-elf/lib\libc.a(lib_a-atexit.o)
 .data          0x0401850c        0x0 c:/altera/13.0sp1/nios2eds/bin/gnu/h-i686-mingw32/bin/../lib/gcc/nios2-elf/4.1.2/../../../../nios2-elf/lib\libc.a(lib_a-exit.o)
 .data          0x0401850c        0x0 c:/altera/13.0sp1/nios2eds/bin/gnu/h-i686-mingw32/bin/../lib/gcc/nios2-elf/4.1.2/../../../../nios2-elf/lib\libc.a(lib_a-memcmp.o)
 .data          0x0401850c        0x0 c:/altera/13.0sp1/nios2eds/bin/gnu/h-i686-mingw32/bin/../lib/gcc/nios2-elf/4.1.2/../../../../nios2-elf/lib\libc.a(lib_a-strncmp.o)
 .data          0x0401850c        0x0 c:/altera/13.0sp1/nios2eds/bin/gnu/h-i686-mingw32/bin/../lib/gcc/nios2-elf/4.1.2/../../../../nios2-elf/lib\libc.a(lib_a-__atexit.o)
 .data          0x0401850c        0x0 c:/altera/13.0sp1/nios2eds/bin/gnu/h-i686-mingw32/bin/../lib/gcc/nios2-elf/4.1.2/../../../../nios2-elf/lib\libc.a(lib_a-__call_atexit.o)
 .data          0x0401850c        0x0 ../motor_surface0629_bsp/\libhal_bsp.a(alt_exit.o)
                0x0402050c                _gp = ABSOLUTE ((. + 0x8000))
                0x0402050c                PROVIDE (gp, _gp)
 *(.rwdata .rwdata.*)
 *(.sdata .sdata.* .gnu.linkonce.s.*)
 .sdata         0x0401850c        0x8 c:/altera/13.0sp1/nios2eds/bin/gnu/h-i686-mingw32/bin/../lib/gcc/nios2-elf/4.1.2/../../../../nios2-elf/lib\libc.a(lib_a-impure.o)
                0x0401850c                _impure_ptr
                0x04018510                _global_impure_ptr
 .sdata         0x04018514        0x8 c:/altera/13.0sp1/nios2eds/bin/gnu/h-i686-mingw32/bin/../lib/gcc/nios2-elf/4.1.2/../../../../nios2-elf/lib\libc.a(lib_a-mallocr.o)
                0x04018514                __malloc_trim_threshold
                0x04018518                __malloc_sbrk_base
 .sdata         0x0401851c        0x8 c:/altera/13.0sp1/nios2eds/bin/gnu/h-i686-mingw32/bin/../lib/gcc/nios2-elf/4.1.2/../../../../nios2-elf/lib\libc.a(lib_a-locale.o)
                0x0401851c                __mb_cur_max
 .sdata         0x04018524       0x14 ../motor_surface0629_bsp/\libhal_bsp.a(alt_dev.o)
                0x04018524                alt_fs_list
                0x0401852c                alt_dev_list
                0x04018534                alt_max_fd
 .sdata         0x04018538        0x4 ../motor_surface0629_bsp/\libhal_bsp.a(alt_errno.o)
                0x04018538                alt_errno
 .sdata         0x0401853c        0x4 ../motor_surface0629_bsp/\libhal_bsp.a(alt_irq_vars.o)
                0x0401853c                alt_priority_mask
 .sdata         0x04018540        0x4 ../motor_surface0629_bsp/\libhal_bsp.a(alt_sbrk.o)
 .sdata         0x04018544       0x48 ../motor_surface0629_bsp/\libhal_bsp.a(altera_hostfs.o)
 .sdata         0x0401858c        0x8 ../motor_surface0629_bsp/\libhal_bsp.a(alt_flash_dev.o)
                0x0401858c                alt_flash_dev_list
 .sdata         0x04018594        0x8 ../motor_surface0629_bsp/\libhal_bsp.a(alt_tick.o)
                0x04018594                alt_alarm_list
 *(.sdata2 .sdata2.* .gnu.linkonce.s2.*)
                0x0401859c                . = ALIGN (0x4)
                0x0401859c                _edata = ABSOLUTE (.)
                0x0401859c                PROVIDE (edata, ABSOLUTE (.))
                0x0401859c                PROVIDE (__ram_rwdata_end, ABSOLUTE (.))
                0x0401859c                PROVIDE (__flash_rwdata_start, LOADADDR (.rwdata))

.bss            0x0401a2cc   0x200368
                0x0401a2cc                __bss_start = ABSOLUTE (.)
                0x0401a2cc                PROVIDE (__sbss_start, ABSOLUTE (.))
                0x0401a2cc                PROVIDE (___sbss_start, ABSOLUTE (.))
 *(.dynsbss)
 *(.sbss .sbss.* .gnu.linkonce.sb.*)
 .sbss          0x0401a2cc        0x4 obj/default/syslib/debug.o
                0x0401a2cc                gi_debug_buf_idx
 .sbss          0x0401a2d0        0x4 obj/default/syslib/debug.o
                0x0401a2d0                msglock
 .sbss          0x0401a2d4        0x7 obj/default/syslib/log/log.o
 *fill*         0x0401a2db        0x1 00
 .sbss          0x0401a2dc        0x4 c:/altera/13.0sp1/nios2eds/bin/gnu/h-i686-mingw32/bin/../lib/gcc/nios2-elf/4.1.2/../../../../nios2-elf/lib\libc.a(lib_a-int_errno.o)
                0x0401a2dc                errno
 .sbss          0x0401a2e0        0xc c:/altera/13.0sp1/nios2eds/bin/gnu/h-i686-mingw32/bin/../lib/gcc/nios2-elf/4.1.2/../../../../nios2-elf/lib\libc.a(lib_a-mallocr.o)
                0x0401a2e0                __malloc_top_pad
                0x0401a2e4                __malloc_max_sbrked_mem
                0x0401a2e8                __malloc_max_total_mem
 .sbss          0x0401a2ec        0xc c:/altera/13.0sp1/nios2eds/bin/gnu/h-i686-mingw32/bin/../lib/gcc/nios2-elf/4.1.2/../../../../nios2-elf/lib\libc.a(lib_a-locale.o)
                0x0401a2ec                __nlocale_changed
                0x0401a2f0                __mlocale_changed
                0x0401a2f4                _PathLocale
 .sbss          0x0401a2f8        0x4 ../motor_surface0629_bsp/\libhal_bsp.a(alt_irq_vars.o)
                0x0401a2f8                alt_irq_active
 .sbss          0x0401a2fc        0xc ../motor_surface0629_bsp/\libhal_bsp.a(alt_main.o)
                0x0401a2fc                alt_argc
                0x0401a300                alt_argv
                0x0401a304                alt_envp
 .sbss          0x0401a308        0x8 ../motor_surface0629_bsp/\libhal_bsp.a(altera_avalon_timer_vars.o)
                0x0401a308                altera_avalon_timer_ts_base
                0x0401a30c                altera_avalon_timer_ts_freq
 .sbss          0x0401a310        0x8 ../motor_surface0629_bsp/\libhal_bsp.a(alt_tick.o)
                0x0401a310                _alt_tick_rate
                0x0401a314                _alt_nticks
 *(.sbss2 .sbss2.* .gnu.linkonce.sb2.*)
 *(.scommon)
                0x0401a318                PROVIDE (__sbss_end, ABSOLUTE (.))
                0x0401a318                PROVIDE (___sbss_end, ABSOLUTE (.))
 *(.dynbss)
 *(.bss .bss.* .gnu.linkonce.b.*)
 .bss           0x0401a318        0x0 ../motor_surface0629_bsp//obj/HAL/src/crt0.o
 .bss           0x0401a318        0x0 obj/default/NiosProcess.o
 .bss           0x0401a318        0x0 obj/default/main.o
 .bss           0x0401a318        0x0 obj/default/syslib/IMU/imu.o
 .bss           0x0401a318        0x0 obj/default/syslib/controller/pid.o
 .bss           0x0401a318        0x0 obj/default/syslib/debug.o
 .bss           0x0401a318        0x0 obj/default/syslib/log/log.o
 .bss           0x0401a318        0x0 obj/default/syslib/motor/motordriver.o
 .bss           0x0401a318        0x0 obj/default/syslib/timer/timer.o
 .bss           0x0401a318        0x0 obj/default/syslib/uart/uart.o
 .bss           0x0401a318        0x0 c:/altera/13.0sp1/nios2eds/bin/gnu/h-i686-mingw32/bin/../lib/gcc/nios2-elf/4.1.2\libgcc.a(_fixunssfsi.o)
 .bss           0x0401a318        0x0 c:/altera/13.0sp1/nios2eds/bin/gnu/h-i686-mingw32/bin/../lib/gcc/nios2-elf/4.1.2\libgcc.a(_addsub_sf.o)
 .bss           0x0401a318        0x0 c:/altera/13.0sp1/nios2eds/bin/gnu/h-i686-mingw32/bin/../lib/gcc/nios2-elf/4.1.2\libgcc.a(_eq_sf.o)
 .bss           0x0401a318        0x0 c:/altera/13.0sp1/nios2eds/bin/gnu/h-i686-mingw32/bin/../lib/gcc/nios2-elf/4.1.2\libgcc.a(_gt_sf.o)
 .bss           0x0401a318        0x0 c:/altera/13.0sp1/nios2eds/bin/gnu/h-i686-mingw32/bin/../lib/gcc/nios2-elf/4.1.2\libgcc.a(_ge_sf.o)
 .bss           0x0401a318        0x0 c:/altera/13.0sp1/nios2eds/bin/gnu/h-i686-mingw32/bin/../lib/gcc/nios2-elf/4.1.2\libgcc.a(_lt_sf.o)
 .bss           0x0401a318        0x0 c:/altera/13.0sp1/nios2eds/bin/gnu/h-i686-mingw32/bin/../lib/gcc/nios2-elf/4.1.2\libgcc.a(_sf_to_si.o)
 .bss           0x0401a318        0x0 c:/altera/13.0sp1/nios2eds/bin/gnu/h-i686-mingw32/bin/../lib/gcc/nios2-elf/4.1.2\libgcc.a(_thenan_sf.o)
 .bss           0x0401a318        0x0 c:/altera/13.0sp1/nios2eds/bin/gnu/h-i686-mingw32/bin/../lib/gcc/nios2-elf/4.1.2\libgcc.a(_usi_to_sf.o)
 .bss           0x0401a318        0x0 c:/altera/13.0sp1/nios2eds/bin/gnu/h-i686-mingw32/bin/../lib/gcc/nios2-elf/4.1.2\libgcc.a(lib2-divmod.o)
 .bss           0x0401a318        0x0 c:/altera/13.0sp1/nios2eds/bin/gnu/h-i686-mingw32/bin/../lib/gcc/nios2-elf/4.1.2\libgcc.a(_clzsi2.o)
 .bss           0x0401a318        0x0 c:/altera/13.0sp1/nios2eds/bin/gnu/h-i686-mingw32/bin/../lib/gcc/nios2-elf/4.1.2\libgcc.a(_pack_sf.o)
 .bss           0x0401a318        0x0 c:/altera/13.0sp1/nios2eds/bin/gnu/h-i686-mingw32/bin/../lib/gcc/nios2-elf/4.1.2\libgcc.a(_unpack_sf.o)
 .bss           0x0401a318        0x0 c:/altera/13.0sp1/nios2eds/bin/gnu/h-i686-mingw32/bin/../lib/gcc/nios2-elf/4.1.2\libgcc.a(_fpcmp_parts_sf.o)
 .bss           0x0401a318        0x0 c:/altera/13.0sp1/nios2eds/bin/gnu/h-i686-mingw32/bin/../lib/gcc/nios2-elf/4.1.2\libgcc.a(_clz.o)
 .bss           0x0401a318        0x0 c:/altera/13.0sp1/nios2eds/bin/gnu/h-i686-mingw32/bin/../lib/gcc/nios2-elf/4.1.2/../../../../nios2-elf/lib\libc.a(lib_a-fclose.o)
 .bss           0x0401a318        0x0 c:/altera/13.0sp1/nios2eds/bin/gnu/h-i686-mingw32/bin/../lib/gcc/nios2-elf/4.1.2/../../../../nios2-elf/lib\libc.a(lib_a-fflush.o)
 .bss           0x0401a318        0x0 c:/altera/13.0sp1/nios2eds/bin/gnu/h-i686-mingw32/bin/../lib/gcc/nios2-elf/4.1.2/../../../../nios2-elf/lib\libc.a(lib_a-findfp.o)
 .bss           0x0401a318        0x0 c:/altera/13.0sp1/nios2eds/bin/gnu/h-i686-mingw32/bin/../lib/gcc/nios2-elf/4.1.2/../../../../nios2-elf/lib\libc.a(lib_a-fopen.o)
 .bss           0x0401a318        0x0 c:/altera/13.0sp1/nios2eds/bin/gnu/h-i686-mingw32/bin/../lib/gcc/nios2-elf/4.1.2/../../../../nios2-elf/lib\libc.a(lib_a-fprintf.o)
 .bss           0x0401a318        0x0 c:/altera/13.0sp1/nios2eds/bin/gnu/h-i686-mingw32/bin/../lib/gcc/nios2-elf/4.1.2/../../../../nios2-elf/lib\libc.a(lib_a-freer.o)
 .bss           0x0401a318        0x0 c:/altera/13.0sp1/nios2eds/bin/gnu/h-i686-mingw32/bin/../lib/gcc/nios2-elf/4.1.2/../../../../nios2-elf/lib\libc.a(lib_a-fseek.o)
 .bss           0x0401a318        0x0 c:/altera/13.0sp1/nios2eds/bin/gnu/h-i686-mingw32/bin/../lib/gcc/nios2-elf/4.1.2/../../../../nios2-elf/lib\libc.a(lib_a-fstatr.o)
 .bss           0x0401a318        0x0 c:/altera/13.0sp1/nios2eds/bin/gnu/h-i686-mingw32/bin/../lib/gcc/nios2-elf/4.1.2/../../../../nios2-elf/lib\libc.a(lib_a-fwalk.o)
 .bss           0x0401a318        0x0 c:/altera/13.0sp1/nios2eds/bin/gnu/h-i686-mingw32/bin/../lib/gcc/nios2-elf/4.1.2/../../../../nios2-elf/lib\libc.a(lib_a-fwrite.o)
 .bss           0x0401a318        0x0 c:/altera/13.0sp1/nios2eds/bin/gnu/h-i686-mingw32/bin/../lib/gcc/nios2-elf/4.1.2/../../../../nios2-elf/lib\libc.a(lib_a-impure.o)
 .bss           0x0401a318        0x0 c:/altera/13.0sp1/nios2eds/bin/gnu/h-i686-mingw32/bin/../lib/gcc/nios2-elf/4.1.2/../../../../nios2-elf/lib\libc.a(lib_a-int_errno.o)
 .bss           0x0401a318        0x0 c:/altera/13.0sp1/nios2eds/bin/gnu/h-i686-mingw32/bin/../lib/gcc/nios2-elf/4.1.2/../../../../nios2-elf/lib\libc.a(lib_a-makebuf.o)
 .bss           0x0401a318       0x28 c:/altera/13.0sp1/nios2eds/bin/gnu/h-i686-mingw32/bin/../lib/gcc/nios2-elf/4.1.2/../../../../nios2-elf/lib\libc.a(lib_a-mallocr.o)
                0x0401a318                __malloc_current_mallinfo
 .bss           0x0401a340        0x0 c:/altera/13.0sp1/nios2eds/bin/gnu/h-i686-mingw32/bin/../lib/gcc/nios2-elf/4.1.2/../../../../nios2-elf/lib\libc.a(lib_a-memset.o)
 .bss           0x0401a340        0x0 c:/altera/13.0sp1/nios2eds/bin/gnu/h-i686-mingw32/bin/../lib/gcc/nios2-elf/4.1.2/../../../../nios2-elf/lib\libc.a(lib_a-openr.o)
 .bss           0x0401a340        0x0 c:/altera/13.0sp1/nios2eds/bin/gnu/h-i686-mingw32/bin/../lib/gcc/nios2-elf/4.1.2/../../../../nios2-elf/lib\libc.a(lib_a-perror.o)
 .bss           0x0401a340        0x0 c:/altera/13.0sp1/nios2eds/bin/gnu/h-i686-mingw32/bin/../lib/gcc/nios2-elf/4.1.2/../../../../nios2-elf/lib\libc.a(lib_a-printf.o)
 .bss           0x0401a340        0x0 c:/altera/13.0sp1/nios2eds/bin/gnu/h-i686-mingw32/bin/../lib/gcc/nios2-elf/4.1.2/../../../../nios2-elf/lib\libc.a(lib_a-puts.o)
 .bss           0x0401a340        0x0 c:/altera/13.0sp1/nios2eds/bin/gnu/h-i686-mingw32/bin/../lib/gcc/nios2-elf/4.1.2/../../../../nios2-elf/lib\libc.a(lib_a-refill.o)
 .bss           0x0401a340        0x0 c:/altera/13.0sp1/nios2eds/bin/gnu/h-i686-mingw32/bin/../lib/gcc/nios2-elf/4.1.2/../../../../nios2-elf/lib\libc.a(lib_a-sbrkr.o)
 .bss           0x0401a340        0x0 c:/altera/13.0sp1/nios2eds/bin/gnu/h-i686-mingw32/bin/../lib/gcc/nios2-elf/4.1.2/../../../../nios2-elf/lib\libc.a(lib_a-snprintf.o)
 .bss           0x0401a340        0x0 c:/altera/13.0sp1/nios2eds/bin/gnu/h-i686-mingw32/bin/../lib/gcc/nios2-elf/4.1.2/../../../../nios2-elf/lib\libc.a(lib_a-sprintf.o)
 .bss           0x0401a340        0x0 c:/altera/13.0sp1/nios2eds/bin/gnu/h-i686-mingw32/bin/../lib/gcc/nios2-elf/4.1.2/../../../../nios2-elf/lib\libc.a(lib_a-stdio.o)
 .bss           0x0401a340        0x0 c:/altera/13.0sp1/nios2eds/bin/gnu/h-i686-mingw32/bin/../lib/gcc/nios2-elf/4.1.2/../../../../nios2-elf/lib\libc.a(lib_a-strerror.o)
 .bss           0x0401a340        0x0 c:/altera/13.0sp1/nios2eds/bin/gnu/h-i686-mingw32/bin/../lib/gcc/nios2-elf/4.1.2/../../../../nios2-elf/lib\libc.a(lib_a-strlen.o)
 .bss           0x0401a340        0x0 c:/altera/13.0sp1/nios2eds/bin/gnu/h-i686-mingw32/bin/../lib/gcc/nios2-elf/4.1.2/../../../../nios2-elf/lib\libc.a(lib_a-u_strerr.o)
 .bss           0x0401a340        0x0 c:/altera/13.0sp1/nios2eds/bin/gnu/h-i686-mingw32/bin/../lib/gcc/nios2-elf/4.1.2/../../../../nios2-elf/lib\libc.a(lib_a-vfprintf.o)
 .bss           0x0401a340        0x0 c:/altera/13.0sp1/nios2eds/bin/gnu/h-i686-mingw32/bin/../lib/gcc/nios2-elf/4.1.2/../../../../nios2-elf/lib\libc.a(lib_a-vfprintf_1.o)
 .bss           0x0401a340        0x0 c:/altera/13.0sp1/nios2eds/bin/gnu/h-i686-mingw32/bin/../lib/gcc/nios2-elf/4.1.2/../../../../nios2-elf/lib\libc.a(lib_a-vsnprintf.o)
 .bss           0x0401a340        0x0 c:/altera/13.0sp1/nios2eds/bin/gnu/h-i686-mingw32/bin/../lib/gcc/nios2-elf/4.1.2/../../../../nios2-elf/lib\libc.a(lib_a-writer.o)
 .bss           0x0401a340        0x0 c:/altera/13.0sp1/nios2eds/bin/gnu/h-i686-mingw32/bin/../lib/gcc/nios2-elf/4.1.2/../../../../nios2-elf/lib\libc.a(lib_a-wsetup.o)
 .bss           0x0401a340        0x0 c:/altera/13.0sp1/nios2eds/bin/gnu/h-i686-mingw32/bin/../lib/gcc/nios2-elf/4.1.2/../../../../nios2-elf/lib\libc.a(lib_a-closer.o)
 .bss           0x0401a340        0x0 c:/altera/13.0sp1/nios2eds/bin/gnu/h-i686-mingw32/bin/../lib/gcc/nios2-elf/4.1.2/../../../../nios2-elf/lib\libc.a(lib_a-dtoa.o)
 .bss           0x0401a340        0x0 c:/altera/13.0sp1/nios2eds/bin/gnu/h-i686-mingw32/bin/../lib/gcc/nios2-elf/4.1.2/../../../../nios2-elf/lib\libc.a(lib_a-flags.o)
 .bss           0x0401a340        0x0 c:/altera/13.0sp1/nios2eds/bin/gnu/h-i686-mingw32/bin/../lib/gcc/nios2-elf/4.1.2/../../../../nios2-elf/lib\libc.a(lib_a-fputc.o)
 .bss           0x0401a340        0x0 c:/altera/13.0sp1/nios2eds/bin/gnu/h-i686-mingw32/bin/../lib/gcc/nios2-elf/4.1.2/../../../../nios2-elf/lib\libc.a(lib_a-fputs.o)
 .bss           0x0401a340        0x0 c:/altera/13.0sp1/nios2eds/bin/gnu/h-i686-mingw32/bin/../lib/gcc/nios2-elf/4.1.2/../../../../nios2-elf/lib\libc.a(lib_a-fvwrite.o)
 .bss           0x0401a340        0x0 c:/altera/13.0sp1/nios2eds/bin/gnu/h-i686-mingw32/bin/../lib/gcc/nios2-elf/4.1.2/../../../../nios2-elf/lib\libc.a(lib_a-isattyr.o)
 .bss           0x0401a340        0x0 c:/altera/13.0sp1/nios2eds/bin/gnu/h-i686-mingw32/bin/../lib/gcc/nios2-elf/4.1.2/../../../../nios2-elf/lib\libc.a(lib_a-locale.o)
 .bss           0x0401a340        0x0 c:/altera/13.0sp1/nios2eds/bin/gnu/h-i686-mingw32/bin/../lib/gcc/nios2-elf/4.1.2/../../../../nios2-elf/lib\libc.a(lib_a-lseekr.o)
 .bss           0x0401a340        0x0 c:/altera/13.0sp1/nios2eds/bin/gnu/h-i686-mingw32/bin/../lib/gcc/nios2-elf/4.1.2/../../../../nios2-elf/lib\libc.a(lib_a-memchr.o)
 .bss           0x0401a340        0x0 c:/altera/13.0sp1/nios2eds/bin/gnu/h-i686-mingw32/bin/../lib/gcc/nios2-elf/4.1.2/../../../../nios2-elf/lib\libc.a(lib_a-memcpy.o)
 .bss           0x0401a340        0x0 c:/altera/13.0sp1/nios2eds/bin/gnu/h-i686-mingw32/bin/../lib/gcc/nios2-elf/4.1.2/../../../../nios2-elf/lib\libc.a(lib_a-memmove.o)
 .bss           0x0401a340        0x0 c:/altera/13.0sp1/nios2eds/bin/gnu/h-i686-mingw32/bin/../lib/gcc/nios2-elf/4.1.2/../../../../nios2-elf/lib\libc.a(lib_a-mprec.o)
 .bss           0x0401a340        0x0 c:/altera/13.0sp1/nios2eds/bin/gnu/h-i686-mingw32/bin/../lib/gcc/nios2-elf/4.1.2/../../../../nios2-elf/lib\libc.a(lib_a-putc.o)
 .bss           0x0401a340        0x0 c:/altera/13.0sp1/nios2eds/bin/gnu/h-i686-mingw32/bin/../lib/gcc/nios2-elf/4.1.2/../../../../nios2-elf/lib\libc.a(lib_a-readr.o)
 .bss           0x0401a340        0x0 c:/altera/13.0sp1/nios2eds/bin/gnu/h-i686-mingw32/bin/../lib/gcc/nios2-elf/4.1.2/../../../../nios2-elf/lib\libc.a(lib_a-reallocr.o)
 .bss           0x0401a340        0x0 c:/altera/13.0sp1/nios2eds/bin/gnu/h-i686-mingw32/bin/../lib/gcc/nios2-elf/4.1.2/../../../../nios2-elf/lib\libc.a(lib_a-s_isinfd.o)
 .bss           0x0401a340        0x0 c:/altera/13.0sp1/nios2eds/bin/gnu/h-i686-mingw32/bin/../lib/gcc/nios2-elf/4.1.2/../../../../nios2-elf/lib\libc.a(lib_a-s_isnand.o)
 .bss           0x0401a340        0x0 c:/altera/13.0sp1/nios2eds/bin/gnu/h-i686-mingw32/bin/../lib/gcc/nios2-elf/4.1.2/../../../../nios2-elf/lib\libc.a(lib_a-strcmp.o)
 .bss           0x0401a340        0x0 c:/altera/13.0sp1/nios2eds/bin/gnu/h-i686-mingw32/bin/../lib/gcc/nios2-elf/4.1.2/../../../../nios2-elf/lib\libc.a(lib_a-wbuf.o)
 .bss           0x0401a340        0x0 c:/altera/13.0sp1/nios2eds/bin/gnu/h-i686-mingw32/bin/../lib/gcc/nios2-elf/4.1.2/../../../../nios2-elf/lib\libc.a(lib_a-callocr.o)
 .bss           0x0401a340        0x0 c:/altera/13.0sp1/nios2eds/bin/gnu/h-i686-mingw32/bin/../lib/gcc/nios2-elf/4.1.2\libgcc.a(_udivdi3.o)
 .bss           0x0401a340        0x0 c:/altera/13.0sp1/nios2eds/bin/gnu/h-i686-mingw32/bin/../lib/gcc/nios2-elf/4.1.2\libgcc.a(_umoddi3.o)
 .bss           0x0401a340        0x0 c:/altera/13.0sp1/nios2eds/bin/gnu/h-i686-mingw32/bin/../lib/gcc/nios2-elf/4.1.2\libgcc.a(_addsub_df.o)
 .bss           0x0401a340        0x0 c:/altera/13.0sp1/nios2eds/bin/gnu/h-i686-mingw32/bin/../lib/gcc/nios2-elf/4.1.2\libgcc.a(_mul_df.o)
 .bss           0x0401a340        0x0 c:/altera/13.0sp1/nios2eds/bin/gnu/h-i686-mingw32/bin/../lib/gcc/nios2-elf/4.1.2\libgcc.a(_div_df.o)
 .bss           0x0401a340        0x0 c:/altera/13.0sp1/nios2eds/bin/gnu/h-i686-mingw32/bin/../lib/gcc/nios2-elf/4.1.2\libgcc.a(_eq_df.o)
 .bss           0x0401a340        0x0 c:/altera/13.0sp1/nios2eds/bin/gnu/h-i686-mingw32/bin/../lib/gcc/nios2-elf/4.1.2\libgcc.a(_ne_df.o)
 .bss           0x0401a340        0x0 c:/altera/13.0sp1/nios2eds/bin/gnu/h-i686-mingw32/bin/../lib/gcc/nios2-elf/4.1.2\libgcc.a(_gt_df.o)
 .bss           0x0401a340        0x0 c:/altera/13.0sp1/nios2eds/bin/gnu/h-i686-mingw32/bin/../lib/gcc/nios2-elf/4.1.2\libgcc.a(_ge_df.o)
 .bss           0x0401a340        0x0 c:/altera/13.0sp1/nios2eds/bin/gnu/h-i686-mingw32/bin/../lib/gcc/nios2-elf/4.1.2\libgcc.a(_lt_df.o)
 .bss           0x0401a340        0x0 c:/altera/13.0sp1/nios2eds/bin/gnu/h-i686-mingw32/bin/../lib/gcc/nios2-elf/4.1.2\libgcc.a(_si_to_df.o)
 .bss           0x0401a340        0x0 c:/altera/13.0sp1/nios2eds/bin/gnu/h-i686-mingw32/bin/../lib/gcc/nios2-elf/4.1.2\libgcc.a(_df_to_si.o)
 .bss           0x0401a340        0x0 c:/altera/13.0sp1/nios2eds/bin/gnu/h-i686-mingw32/bin/../lib/gcc/nios2-elf/4.1.2\libgcc.a(_thenan_df.o)
 .bss           0x0401a340        0x0 c:/altera/13.0sp1/nios2eds/bin/gnu/h-i686-mingw32/bin/../lib/gcc/nios2-elf/4.1.2\libgcc.a(_usi_to_df.o)
 .bss           0x0401a340        0x0 c:/altera/13.0sp1/nios2eds/bin/gnu/h-i686-mingw32/bin/../lib/gcc/nios2-elf/4.1.2\libgcc.a(_muldi3.o)
 .bss           0x0401a340        0x0 c:/altera/13.0sp1/nios2eds/bin/gnu/h-i686-mingw32/bin/../lib/gcc/nios2-elf/4.1.2\libgcc.a(_pack_df.o)
 .bss           0x0401a340        0x0 c:/altera/13.0sp1/nios2eds/bin/gnu/h-i686-mingw32/bin/../lib/gcc/nios2-elf/4.1.2\libgcc.a(_unpack_df.o)
 .bss           0x0401a340        0x0 c:/altera/13.0sp1/nios2eds/bin/gnu/h-i686-mingw32/bin/../lib/gcc/nios2-elf/4.1.2\libgcc.a(_fpcmp_parts_df.o)
 .bss           0x0401a340        0x0 ../motor_surface0629_bsp/\libhal_bsp.a(alt_close.o)
 .bss           0x0401a340        0x0 ../motor_surface0629_bsp/\libhal_bsp.a(alt_dev.o)
 .bss           0x0401a340        0x0 ../motor_surface0629_bsp/\libhal_bsp.a(alt_errno.o)
 .bss           0x0401a340        0x0 ../motor_surface0629_bsp/\libhal_bsp.a(alt_fstat.o)
 .bss           0x0401a340        0x0 ../motor_surface0629_bsp/\libhal_bsp.a(alt_irq_register.o)
 .bss           0x0401a340        0x0 ../motor_surface0629_bsp/\libhal_bsp.a(alt_irq_vars.o)
 .bss           0x0401a340        0x0 ../motor_surface0629_bsp/\libhal_bsp.a(alt_isatty.o)
 .bss           0x0401a340        0x0 ../motor_surface0629_bsp/\libhal_bsp.a(alt_load.o)
 .bss           0x0401a340        0x0 ../motor_surface0629_bsp/\libhal_bsp.a(alt_lseek.o)
 .bss           0x0401a340        0x0 ../motor_surface0629_bsp/\libhal_bsp.a(alt_main.o)
 .bss           0x0401a340        0x0 ../motor_surface0629_bsp/\libhal_bsp.a(alt_malloc_lock.o)
 .bss           0x0401a340        0x0 ../motor_surface0629_bsp/\libhal_bsp.a(alt_open.o)
 .bss           0x0401a340        0x0 ../motor_surface0629_bsp/\libhal_bsp.a(alt_read.o)
 .bss           0x0401a340        0x0 ../motor_surface0629_bsp/\libhal_bsp.a(alt_release_fd.o)
 .bss           0x0401a340        0x0 ../motor_surface0629_bsp/\libhal_bsp.a(alt_sbrk.o)
 .bss           0x0401a340        0x0 ../motor_surface0629_bsp/\libhal_bsp.a(alt_usleep.o)
 .bss           0x0401a340        0x0 ../motor_surface0629_bsp/\libhal_bsp.a(alt_write.o)
 .bss           0x0401a340        0x0 ../motor_surface0629_bsp/\libhal_bsp.a(alt_sys_init.o)
 .bss           0x0401a340        0x0 ../motor_surface0629_bsp/\libhal_bsp.a(altera_avalon_epcs_flash_controller.o)
 .bss           0x0401a340        0x0 ../motor_surface0629_bsp/\libhal_bsp.a(altera_avalon_jtag_uart_fd.o)
 .bss           0x0401a340        0x0 ../motor_surface0629_bsp/\libhal_bsp.a(altera_avalon_jtag_uart_init.o)
 .bss           0x0401a340        0x0 ../motor_surface0629_bsp/\libhal_bsp.a(altera_avalon_jtag_uart_ioctl.o)
 .bss           0x0401a340        0x0 ../motor_surface0629_bsp/\libhal_bsp.a(altera_avalon_jtag_uart_read.o)
 .bss           0x0401a340        0x0 ../motor_surface0629_bsp/\libhal_bsp.a(altera_avalon_jtag_uart_write.o)
 .bss           0x0401a340        0x0 ../motor_surface0629_bsp/\libhal_bsp.a(altera_avalon_timer_vars.o)
 .bss           0x0401a340        0x0 ../motor_surface0629_bsp/\libhal_bsp.a(altera_avalon_uart_fd.o)
 .bss           0x0401a340        0x0 ../motor_surface0629_bsp/\libhal_bsp.a(altera_avalon_uart_init.o)
 .bss           0x0401a340        0x0 ../motor_surface0629_bsp/\libhal_bsp.a(altera_avalon_uart_read.o)
 .bss           0x0401a340        0x0 ../motor_surface0629_bsp/\libhal_bsp.a(altera_avalon_uart_write.o)
 .bss           0x0401a340        0x0 ../motor_surface0629_bsp/\libhal_bsp.a(altera_hostfs.o)
 .bss           0x0401a340        0x0 ../motor_surface0629_bsp/\libhal_bsp.a(altera_ro_zipfs.o)
 .bss           0x0401a340        0x0 ../motor_surface0629_bsp/\libhal_bsp.a(epcs_commands.o)
 .bss           0x0401a340        0x0 ../motor_surface0629_bsp/\libhal_bsp.a(alt_alarm_start.o)
 .bss           0x0401a340        0x0 ../motor_surface0629_bsp/\libhal_bsp.a(alt_busy_sleep.o)
 .bss           0x0401a340        0x0 ../motor_surface0629_bsp/\libhal_bsp.a(alt_dcache_flush_all.o)
 .bss           0x0401a340        0x0 ../motor_surface0629_bsp/\libhal_bsp.a(alt_dev_llist_insert.o)
 .bss           0x0401a340        0x0 ../motor_surface0629_bsp/\libhal_bsp.a(alt_do_ctors.o)
 .bss           0x0401a340        0x0 ../motor_surface0629_bsp/\libhal_bsp.a(alt_do_dtors.o)
 .bss           0x0401a340        0x0 ../motor_surface0629_bsp/\libhal_bsp.a(alt_find_dev.o)
 .bss           0x0401a340        0x0 ../motor_surface0629_bsp/\libhal_bsp.a(alt_find_file.o)
 .bss           0x0401a340        0x0 ../motor_surface0629_bsp/\libhal_bsp.a(alt_flash_dev.o)
 .bss           0x0401a340        0x0 ../motor_surface0629_bsp/\libhal_bsp.a(alt_fs_reg.o)
 .bss           0x0401a340        0x0 ../motor_surface0629_bsp/\libhal_bsp.a(alt_get_fd.o)
 .bss           0x0401a340        0x0 ../motor_surface0629_bsp/\libhal_bsp.a(alt_icache_flush_all.o)
 .bss           0x0401a340        0x0 ../motor_surface0629_bsp/\libhal_bsp.a(alt_iic.o)
 .bss           0x0401a340        0x0 ../motor_surface0629_bsp/\libhal_bsp.a(alt_iic_isr_register.o)
 .bss           0x0401a340        0x0 ../motor_surface0629_bsp/\libhal_bsp.a(alt_io_redirect.o)
 .bss           0x0401a340        0x0 ../motor_surface0629_bsp/\libhal_bsp.a(alt_irq_entry.o)
 .bss           0x0401a340        0x0 ../motor_surface0629_bsp/\libhal_bsp.a(alt_irq_handler.o)
 .bss           0x0401a340        0x0 ../motor_surface0629_bsp/\libhal_bsp.a(alt_tick.o)
 .bss           0x0401a340        0x0 ../motor_surface0629_bsp/\libhal_bsp.a(altera_nios2_qsys_irq.o)
 .bss           0x0401a340        0x0 ../motor_surface0629_bsp/\libhal_bsp.a(altera_avalon_spi.o)
 .bss           0x0401a340        0x0 ../motor_surface0629_bsp/\libhal_bsp.a(alt_exception_entry.o)
 .bss           0x0401a340        0x0 ../motor_surface0629_bsp/\libhal_bsp.a(alt_icache_flush.o)
 .bss           0x0401a340        0x0 c:/altera/13.0sp1/nios2eds/bin/gnu/h-i686-mingw32/bin/../lib/gcc/nios2-elf/4.1.2/../../../../nios2-elf/lib\libc.a(lib_a-atexit.o)
 .bss           0x0401a340        0x0 c:/altera/13.0sp1/nios2eds/bin/gnu/h-i686-mingw32/bin/../lib/gcc/nios2-elf/4.1.2/../../../../nios2-elf/lib\libc.a(lib_a-exit.o)
 .bss           0x0401a340        0x0 c:/altera/13.0sp1/nios2eds/bin/gnu/h-i686-mingw32/bin/../lib/gcc/nios2-elf/4.1.2/../../../../nios2-elf/lib\libc.a(lib_a-memcmp.o)
 .bss           0x0401a340        0x0 c:/altera/13.0sp1/nios2eds/bin/gnu/h-i686-mingw32/bin/../lib/gcc/nios2-elf/4.1.2/../../../../nios2-elf/lib\libc.a(lib_a-strncmp.o)
 .bss           0x0401a340        0x0 c:/altera/13.0sp1/nios2eds/bin/gnu/h-i686-mingw32/bin/../lib/gcc/nios2-elf/4.1.2/../../../../nios2-elf/lib\libc.a(lib_a-__atexit.o)
 .bss           0x0401a340        0x0 c:/altera/13.0sp1/nios2eds/bin/gnu/h-i686-mingw32/bin/../lib/gcc/nios2-elf/4.1.2/../../../../nios2-elf/lib\libc.a(lib_a-__call_atexit.o)
 .bss           0x0401a340        0x0 ../motor_surface0629_bsp/\libhal_bsp.a(alt_exit.o)
 *(COMMON)
 COMMON         0x0401a340   0x100000 obj/default/NiosProcess.o
                0x0401a340                g_log_buf
 COMMON         0x0411a340   0x100064 obj/default/syslib/debug.o
                0x0411a340                gc_debug_buf
                0x0421a340                uctmp